[INFO] Scanning for projects...
[INFO] 
[INFO] -------------------------< com.hefti:rpgzume >--------------------------
[INFO] Building rpgzume 0.0.1-SNAPSHOT
[INFO]   from pom.xml
[INFO] --------------------------------[ jar ]---------------------------------
[INFO] 
[INFO] --- clean:3.4.0:clean (default-clean) @ rpgzume ---
[INFO] Deleting C:\Users\allys\Dev\rpgzume-api\target
[INFO] 
[INFO] --- resources:3.3.1:resources (default-resources) @ rpgzume ---
[INFO] Copying 1 resource from src\main\resources to target\classes
[INFO] Copying 3 resources from src\main\resources to target\classes
[INFO] 
[INFO] --- compiler:3.13.0:compile (default-compile) @ rpgzume ---
[INFO] Recompiling the module because of changed source code.
[INFO] Compiling 23 source files with javac [debug parameters release 17] to target\classes
[INFO] 
[INFO] --- resources:3.3.1:testResources (default-testResources) @ rpgzume ---
[INFO] skip non existing resourceDirectory C:\Users\allys\Dev\rpgzume-api\src\test\resources
[INFO] 
[INFO] --- compiler:3.13.0:testCompile (default-testCompile) @ rpgzume ---
[INFO] Recompiling the module because of changed dependency.
[INFO] Compiling 1 source file with javac [debug parameters release 17] to target\test-classes
[INFO] 
[INFO] --- surefire:3.5.2:test (default-test) @ rpgzume ---
[INFO] Using auto detected provider org.apache.maven.surefire.junitplatform.JUnitPlatformProvider
[INFO] 
[INFO] -------------------------------------------------------
[INFO]  T E S T S
[INFO] -------------------------------------------------------
[INFO] Running com.hefti.rpgzume.RpgzumeApplicationTests
15:52:23.020 [main] INFO org.springframework.test.context.support.AnnotationConfigContextLoaderUtils -- Could not detect default configuration classes for test class [com.hefti.rpgzume.RpgzumeApplicationTests]: RpgzumeApplicationTests does not declare any static, non-private, non-final, nested classes annotated with @Configuration.
15:52:23.112 [main] INFO org.springframework.boot.test.context.SpringBootTestContextBootstrapper -- Found @SpringBootConfiguration com.hefti.rpgzume.RpgzumeApplication for test class com.hefti.rpgzume.RpgzumeApplicationTests
15:52:23.264 [main] INFO org.springframework.boot.devtools.restart.RestartApplicationListener -- Restart disabled due to context in which it is running

  .   ____          _            __ _ _
 /\\ / ___'_ __ _ _(_)_ __  __ _ \ \ \ \
( ( )\___ | '_ | '_| | '_ \/ _` | \ \ \ \
 \\/  ___)| |_)| | | | | || (_| |  ) ) ) )
  '  |____| .__|_| |_|_| |_\__, | / / / /
 =========|_|==============|___/=/_/_/_/

 :: Spring Boot ::                (v3.4.0)

2026-01-14T15:52:23.493-03:00  INFO 10252 --- [rpgzume] [           main] c.hefti.rpgzume.RpgzumeApplicationTests  : Starting RpgzumeApplicationTests using Java 17.0.17 with PID 10252 (started by allys in C:\Users\allys\Dev\rpgzume-api)
2026-01-14T15:52:23.495-03:00  INFO 10252 --- [rpgzume] [           main] c.hefti.rpgzume.RpgzumeApplicationTests  : No active profile set, falling back to 1 default profile: "default"
2026-01-14T15:52:24.936-03:00  INFO 10252 --- [rpgzume] [           main] .s.d.r.c.RepositoryConfigurationDelegate : Bootstrapping Spring Data JPA repositories in DEFAULT mode.
2026-01-14T15:52:24.986-03:00  INFO 10252 --- [rpgzume] [           main] .s.d.r.c.RepositoryConfigurationDelegate : Finished Spring Data repository scanning in 38 ms. Found 3 JPA repository interfaces.
2026-01-14T15:52:26.608-03:00  WARN 10252 --- [rpgzume] [           main] o.s.w.c.s.GenericWebApplicationContext   : Exception encountered during context initialization - cancelling refresh attempt: org.springframework.beans.factory.BeanCreationException: Error creating bean with name 'entityManagerFactory' defined in class path resource [org/springframework/boot/autoconfigure/orm/jpa/HibernateJpaConfiguration.class]: Failed to initialize dependency 'flywayInitializer' of LoadTimeWeaverAware bean 'entityManagerFactory': Error creating bean with name 'flywayInitializer' defined in class path resource [org/springframework/boot/autoconfigure/flyway/FlywayAutoConfiguration$FlywayConfiguration.class]: Unable to obtain connection from database: FATAL: autentica??o do tipo senha falhou para o usu?rio "postgres"
-------------------------------------------------------------------------------------------------------------
SQL State  : 28P01
Error Code : 0
Message    : FATAL: autentica??o do tipo senha falhou para o usu?rio "postgres"

./mvnw : 
No linha:1 caractere:1
+ ./mvnw clean verify 
> build_output.log 
2>&1
+ ~~~~~~~~~~~~~~~~~~~~
~~~~~~~~~~~~~~~~~~~~~~
~
    + CategoryInfo    
          : NotSpeci  
  fied: (:String) [   
 ], RemoteExceptio    
n
    + FullyQualifiedE 
   rrorId : NativeCo  
  mmandError
 


======================
======
CONDITIONS EVALUATION 
REPORT
======================
======


Positive matches:
-----------------

   
AopAutoConfiguration 
matched:
      - @ConditionalOn
Property (spring.aop.a
uto=true) matched 
(OnPropertyCondition)

   AopAutoConfiguratio
n.AspectJAutoProxyingC
onfiguration matched:
      - 
@ConditionalOnClass 
found required class '
org.aspectj.weaver.Adv
ice' 
(OnClassCondition)

   AopAutoConfiguratio
n.AspectJAutoProxyingC
onfiguration.CglibAuto
ProxyConfiguration 
matched:
      - @ConditionalOn
Property (spring.aop.p
roxy-target-class=true
) matched 
(OnPropertyCondition)

   ApplicationAvailabi
lityAutoConfiguration#
applicationAvailabilit
y matched:
      - @ConditionalOn
MissingBean (types: or
g.springframework.boot
.availability.Applicat
ionAvailability; 
SearchStrategy: all) 
did not find any 
beans 
(OnBeanCondition)

   CacheMeterBinderPro
vidersConfiguration 
matched:
      - 
@ConditionalOnClass 
found required class '
io.micrometer.core.ins
trument.binder.MeterBi
nder' 
(OnClassCondition)

   CompositeMeterRegis
tryAutoConfiguration 
matched:
      - 
@ConditionalOnClass 
found required class '
io.micrometer.core.ins
trument.composite.Comp
ositeMeterRegistry' 
(OnClassCondition)

   DataSourceAutoConfi
guration matched:
      - 
@ConditionalOnClass 
found required 
classes 'javax.sql.Dat
aSource', 'org.springf
ramework.jdbc.datasour
ce.embedded.EmbeddedDa
tabaseType' 
(OnClassCondition)
      - @ConditionalOn
MissingBean (types: io
.r2dbc.spi.ConnectionF
actory; 
SearchStrategy: all) 
did not find any 
beans 
(OnBeanCondition)

   DataSourceAutoConfi
guration.PooledDataSou
rceConfiguration 
matched:
      - 
AnyNestedCondition 1 
matched 1 did not; 
NestedCondition on Dat
aSourceAutoConfigurati
on.PooledDataSourceCon
dition.PooledDataSourc
eAvailable 
PooledDataSource 
found supported 
DataSource; 
NestedCondition on Dat
aSourceAutoConfigurati
on.PooledDataSourceCon
dition.ExplicitType @C
onditionalOnProperty (
spring.datasource.type
) did not find 
property 'type' (DataS
ourceAutoConfiguration
.PooledDataSourceCondi
tion)
      - @ConditionalOn
MissingBean (types: ja
vax.sql.DataSource,jav
ax.sql.XADataSource; 
SearchStrategy: all) 
did not find any 
beans 
(OnBeanCondition)

   DataSourceAutoConfi
guration.PooledDataSou
rceConfiguration#jdbcC
onnectionDetails 
matched:
      - @ConditionalOn
MissingBean (types: or
g.springframework.boot
.autoconfigure.jdbc.Jd
bcConnectionDetails; 
SearchStrategy: all) 
did not find any 
beans 
(OnBeanCondition)

   DataSourceConfigura
tion.Hikari matched:
      - 
@ConditionalOnClass 
found required class '
com.zaxxer.hikari.Hika
riDataSource' 
(OnClassCondition)
      - @ConditionalOn
Property (spring.datas
ource.type=com.zaxxer.
hikari.HikariDataSourc
e) matched 
(OnPropertyCondition)
      - @ConditionalOn
MissingBean (types: 
javax.sql.DataSource; 
SearchStrategy: all) 
did not find any 
beans 
(OnBeanCondition)

   DataSourceHealthCon
tributorAutoConfigurat
ion matched:
      - 
@ConditionalOnClass 
found required 
classes 'org.springfra
mework.jdbc.core.JdbcT
emplate', 'org.springf
ramework.jdbc.datasour
ce.lookup.AbstractRout
ingDataSource' 
(OnClassCondition)
      - @ConditionalOn
EnabledHealthIndicator
 management.health.def
aults.enabled is 
considered true (OnEna
bledHealthIndicatorCon
dition)
      - 
@ConditionalOnBean 
(types: 
javax.sql.DataSource; 
SearchStrategy: all) 
found bean 
'dataSource' 
(OnBeanCondition)

   DataSourceHealthCon
tributorAutoConfigurat
ion#dbHealthContributo
r matched:
      - @ConditionalOn
MissingBean (names: db
HealthIndicator,dbHeal
thContributor; 
SearchStrategy: all) 
did not find any 
beans 
(OnBeanCondition)

   DataSourceInitializ
ationConfiguration 
matched:
      - 
@ConditionalOnClass 
found required class '
org.springframework.jd
bc.datasource.init.Dat
abasePopulator' 
(OnClassCondition)
      - @ConditionalOn
SingleCandidate 
(types: 
javax.sql.DataSource; 
SearchStrategy: all) 
found a single bean 
'dataSource'; @Conditi
onalOnMissingBean 
(types: org.springfram
ework.boot.autoconfigu
re.sql.init.SqlDataSou
rceScriptDatabaseIniti
alizer,org.springframe
work.boot.autoconfigur
e.sql.init.SqlR2dbcScr
iptDatabaseInitializer
; SearchStrategy: 
all) did not find any 
beans 
(OnBeanCondition)

   DataSourcePoolMetad
ataProvidersConfigurat
ion.HikariPoolDataSour
ceMetadataProviderConf
iguration matched:
      - 
@ConditionalOnClass 
found required class '
com.zaxxer.hikari.Hika
riDataSource' 
(OnClassCondition)

   DataSourcePoolMetri
csAutoConfiguration 
matched:
      - 
@ConditionalOnClass 
found required 
classes 'javax.sql.Dat
aSource', 'io.micromet
er.core.instrument.Met
erRegistry' 
(OnClassCondition)
      - 
@ConditionalOnBean 
(types: javax.sql.Data
Source,io.micrometer.c
ore.instrument.MeterRe
gistry; 
SearchStrategy: all) 
found beans 'simpleMet
erRegistry', 
'dataSource' 
(OnBeanCondition)

   DataSourcePoolMetri
csAutoConfiguration.Da
taSourcePoolMetadataMe
tricsConfiguration 
matched:
      - 
@ConditionalOnBean 
(types: org.springfram
ework.boot.jdbc.metada
ta.DataSourcePoolMetad
ataProvider; 
SearchStrategy: all) 
found bean 'hikariPool
DataSourceMetadataProv
ider' 
(OnBeanCondition)

   DataSourcePoolMetri
csAutoConfiguration.Hi
kariDataSourceMetricsC
onfiguration matched:
      - 
@ConditionalOnClass 
found required class '
com.zaxxer.hikari.Hika
riDataSource' 
(OnClassCondition)

   DataSourceTransacti
onManagerAutoConfigura
tion matched:
      - 
@ConditionalOnClass 
found required 
classes 'javax.sql.Dat
aSource', 'org.springf
ramework.jdbc.core.Jdb
cTemplate', 'org.sprin
gframework.transaction
.TransactionManager' 
(OnClassCondition)

   DataSourceTransacti
onManagerAutoConfigura
tion.JdbcTransactionMa
nagerConfiguration 
matched:
      - @ConditionalOn
SingleCandidate 
(types: 
javax.sql.DataSource; 
SearchStrategy: all) 
found a single bean 
'dataSource' 
(OnBeanCondition)

   DiskSpaceHealthCont
ributorAutoConfigurati
on matched:
      - @ConditionalOn
EnabledHealthIndicator
 management.health.def
aults.enabled is 
considered true (OnEna
bledHealthIndicatorCon
dition)

   DiskSpaceHealthCont
ributorAutoConfigurati
on#diskSpaceHealthIndi
cator matched:
      - @ConditionalOn
MissingBean (names: di
skSpaceHealthIndicator
; SearchStrategy: 
all) did not find any 
beans 
(OnBeanCondition)

   DispatcherServletAu
toConfiguration 
matched:
      - 
@ConditionalOnClass 
found required class '
org.springframework.we
b.servlet.DispatcherSe
rvlet' 
(OnClassCondition)
      - found 
'session' scope (OnWeb
ApplicationCondition)

   DispatcherServletAu
toConfiguration.Dispat
cherServletConfigurati
on matched:
      - 
@ConditionalOnClass 
found required class '
jakarta.servlet.Servle
tRegistration' 
(OnClassCondition)
      - Default 
DispatcherServlet did 
not find dispatcher 
servlet beans (Dispatc
herServletAutoConfigur
ation.DefaultDispatche
rServletCondition)

   DispatcherServletAu
toConfiguration.Dispat
cherServletRegistratio
nConfiguration 
matched:
      - 
@ConditionalOnClass 
found required class '
jakarta.servlet.Servle
tRegistration' 
(OnClassCondition)
      - 
DispatcherServlet 
Registration did not 
find servlet 
registration bean (Dis
patcherServletAutoConf
iguration.DispatcherSe
rvletRegistrationCondi
tion)

   DispatcherServletAu
toConfiguration.Dispat
cherServletRegistratio
nConfiguration#dispatc
herServletRegistration
 matched:
      - 
@ConditionalOnBean 
(names: 
dispatcherServlet 
types: org.springframe
work.web.servlet.Dispa
tcherServlet; 
SearchStrategy: all) 
found bean 
'dispatcherServlet' 
(OnBeanCondition)

   EndpointAutoConfigu
ration#endpointCaching
OperationInvokerAdviso
r matched:
      - @ConditionalOn
MissingBean (types: or
g.springframework.boot
.actuate.endpoint.invo
ker.cache.CachingOpera
tionInvokerAdvisor; 
SearchStrategy: all) 
did not find any 
beans 
(OnBeanCondition)

   EndpointAutoConfigu
ration#endpointOperati
onParameterMapper 
matched:
      - @ConditionalOn
MissingBean (types: or
g.springframework.boot
.actuate.endpoint.invo
ke.ParameterValueMappe
r; SearchStrategy: 
all) did not find any 
beans 
(OnBeanCondition)

   EndpointAutoConfigu
ration#propertiesEndpo
intAccessResolver 
matched:
      - @ConditionalOn
MissingBean (types: or
g.springframework.boot
.actuate.endpoint.Endp
ointAccessResolver; 
SearchStrategy: all) 
did not find any 
beans 
(OnBeanCondition)

   ErrorMvcAutoConfigu
ration matched:
      - 
@ConditionalOnClass 
found required 
classes 'jakarta.servl
et.Servlet', 'org.spri
ngframework.web.servle
t.DispatcherServlet' 
(OnClassCondition)
      - found 
'session' scope (OnWeb
ApplicationCondition)

   ErrorMvcAutoConfigu
ration#basicErrorContr
oller matched:
      - @ConditionalOn
MissingBean (types: or
g.springframework.boot
.web.servlet.error.Err
orController; 
SearchStrategy: 
current) did not find 
any beans 
(OnBeanCondition)

   ErrorMvcAutoConfigu
ration#errorAttributes
 matched:
      - @ConditionalOn
MissingBean (types: or
g.springframework.boot
.web.servlet.error.Err
orAttributes; 
SearchStrategy: 
current) did not find 
any beans 
(OnBeanCondition)

   ErrorMvcAutoConfigu
ration.DefaultErrorVie
wResolverConfiguration
#conventionErrorViewRe
solver matched:
      - 
@ConditionalOnBean 
(types: org.springfram
ework.web.servlet.Disp
atcherServlet; 
SearchStrategy: all) 
found bean 
'dispatcherServlet'; @
ConditionalOnMissingBe
an (types: org.springf
ramework.boot.autoconf
igure.web.servlet.erro
r.ErrorViewResolver; 
SearchStrategy: all) 
did not find any 
beans 
(OnBeanCondition)

   ErrorMvcAutoConfigu
ration.WhitelabelError
ViewConfiguration 
matched:
      - @ConditionalOn
Property (server.error
.whitelabel.enabled) 
matched 
(OnPropertyCondition)
      - ErrorTemplate 
Missing did not find 
error template view (E
rrorMvcAutoConfigurati
on.ErrorTemplateMissin
gCondition)

   ErrorMvcAutoConfigu
ration.WhitelabelError
ViewConfiguration#bean
NameViewResolver 
matched:
      - @ConditionalOn
MissingBean (types: or
g.springframework.web.
servlet.view.BeanNameV
iewResolver; 
SearchStrategy: all) 
did not find any 
beans 
(OnBeanCondition)

   ErrorMvcAutoConfigu
ration.WhitelabelError
ViewConfiguration#defa
ultErrorView matched:
      - @ConditionalOn
MissingBean (names: 
error; 
SearchStrategy: all) 
did not find any 
beans 
(OnBeanCondition)

   FlywayAutoConfigura
tion matched:
      - 
@ConditionalOnClass 
found required class '
org.flywaydb.core.Flyw
ay' (OnClassCondition)
      - @ConditionalOn
Property (spring.flywa
y.enabled) matched 
(OnPropertyCondition)
      - 
AnyNestedCondition 3 
matched 0 did not; 
NestedCondition on Fly
wayAutoConfiguration.F
lywayDataSourceConditi
on.FlywayUrlCondition 
@ConditionalOnProperty
 (spring.flyway.url) 
matched; 
NestedCondition on Fly
wayAutoConfiguration.F
lywayDataSourceConditi
on.JdbcConnectionDetai
lsCondition 
@ConditionalOnBean 
(types: org.springfram
ework.boot.autoconfigu
re.jdbc.JdbcConnection
Details; 
SearchStrategy: all) 
found bean 'jdbcConnec
tionDetails'; 
NestedCondition on Fly
wayAutoConfiguration.F
lywayDataSourceConditi
on.DataSourceBeanCondi
tion 
@ConditionalOnBean 
(types: 
javax.sql.DataSource; 
SearchStrategy: all) 
found bean 
'dataSource' (FlywayAu
toConfiguration.Flyway
DataSourceCondition)

   FlywayAutoConfigura
tion.FlywayConfigurati
on matched:
      - 
@ConditionalOnClass 
found required class '
org.springframework.jd
bc.support.JdbcUtils' 
(OnClassCondition)
      - @ConditionalOn
MissingBean (types: or
g.flywaydb.core.Flyway
; SearchStrategy: 
all) did not find any 
beans 
(OnBeanCondition)

   FlywayAutoConfigura
tion.FlywayConfigurati
on#flywayConnectionDet
ails matched:
      - @ConditionalOn
MissingBean (types: or
g.springframework.boot
.autoconfigure.flyway.
FlywayConnectionDetail
s; SearchStrategy: 
all) did not find any 
beans 
(OnBeanCondition)

   FlywayAutoConfigura
tion.FlywayConfigurati
on#flywayInitializer 
matched:
      - @ConditionalOn
MissingBean (types: or
g.springframework.boot
.autoconfigure.flyway.
FlywayMigrationInitial
izer; SearchStrategy: 
all) did not find any 
beans 
(OnBeanCondition)

   FlywayAutoConfigura
tion.FlywayConfigurati
on#postgresqlFlywayCon
figurationCustomizer 
matched:
      - 
@ConditionalOnClass 
found required class '
org.flywaydb.database.
postgresql.PostgreSQLC
onfigurationExtension'
 (OnClassCondition)

   GenericCacheConfigu
ration matched:
      - Cache org.spri
ngframework.boot.autoc
onfigure.cache.Generic
CacheConfiguration 
automatic cache type 
(CacheCondition)

   HealthContributorAu
toConfiguration#pingHe
althContributor 
matched:
      - @ConditionalOn
EnabledHealthIndicator
 management.health.def
aults.enabled is 
considered true (OnEna
bledHealthIndicatorCon
dition)

   HealthEndpointAutoC
onfiguration matched:
      - @ConditionalOn
AvailableEndpoint 
marked as exposed by 
a 'management.endpoint
s.web.exposure' 
property (OnAvailableE
ndpointCondition)

   HealthEndpointConfi
guration#healthContrib
utorRegistry matched:
      - @ConditionalOn
MissingBean (types: or
g.springframework.boot
.actuate.health.Health
ContributorRegistry; 
SearchStrategy: all) 
did not find any 
beans 
(OnBeanCondition)

   HealthEndpointConfi
guration#healthEndpoin
t matched:
      - @ConditionalOn
MissingBean (types: or
g.springframework.boot
.actuate.health.Health
Endpoint; 
SearchStrategy: all) 
did not find any 
beans 
(OnBeanCondition)

   HealthEndpointConfi
guration#healthEndpoin
tGroupMembershipValida
tor matched:
      - @ConditionalOn
Property (management.e
ndpoint.health.validat
e-group-membership=tru
e) matched 
(OnPropertyCondition)

   HealthEndpointConfi
guration#healthEndpoin
tGroups matched:
      - @ConditionalOn
MissingBean (types: or
g.springframework.boot
.actuate.health.Health
EndpointGroups; 
SearchStrategy: all) 
did not find any 
beans 
(OnBeanCondition)

   HealthEndpointConfi
guration#healthHttpCod
eStatusMapper matched:
      - @ConditionalOn
MissingBean (types: or
g.springframework.boot
.actuate.health.HttpCo
deStatusMapper; 
SearchStrategy: all) 
did not find any 
beans 
(OnBeanCondition)

   HealthEndpointConfi
guration#healthStatusA
ggregator matched:
      - @ConditionalOn
MissingBean (types: or
g.springframework.boot
.actuate.health.Status
Aggregator; 
SearchStrategy: all) 
did not find any 
beans 
(OnBeanCondition)

   HealthEndpointWebEx
tensionConfiguration 
matched:
      - found 
'session' scope (OnWeb
ApplicationCondition)
      - @ConditionalOn
AvailableEndpoint 
marked as exposed by 
a 'management.endpoint
s.web.exposure' 
property (OnAvailableE
ndpointCondition)
      - 
@ConditionalOnBean 
(types: org.springfram
ework.boot.actuate.hea
lth.HealthEndpoint; 
SearchStrategy: all) 
found bean 
'healthEndpoint' 
(OnBeanCondition)

   HealthEndpointWebEx
tensionConfiguration#h
ealthEndpointWebExtens
ion matched:
      - @ConditionalOn
MissingBean (types: or
g.springframework.boot
.actuate.health.Health
EndpointWebExtension; 
SearchStrategy: all) 
did not find any 
beans 
(OnBeanCondition)

   HealthEndpointWebEx
tensionConfiguration.M
vcAdditionalHealthEndp
ointPathsConfiguration
 matched:
      - 
@ConditionalOnBean 
(types: org.springfram
ework.web.servlet.Disp
atcherServlet; 
SearchStrategy: all) 
found bean 
'dispatcherServlet' 
(OnBeanCondition)

   HibernateJpaAutoCon
figuration matched:
      - 
@ConditionalOnClass 
found required 
classes 'org.springfra
mework.orm.jpa.LocalCo
ntainerEntityManagerFa
ctoryBean', 'jakarta.p
ersistence.EntityManag
er', 'org.hibernate.en
gine.spi.SessionImplem
entor' 
(OnClassCondition)

   HibernateJpaConfigu
ration matched:
      - @ConditionalOn
SingleCandidate 
(types: 
javax.sql.DataSource; 
SearchStrategy: all) 
found a single bean 
'dataSource' 
(OnBeanCondition)

   HttpClientAutoConfi
guration matched:
      - 
@ConditionalOnClass 
found required class '
org.springframework.ht
tp.client.ClientHttpRe
questFactory' 
(OnClassCondition)
      - 
NoneNestedConditions 
0 matched 1 did not; 
NestedCondition on Not
ReactiveWebApplication
Condition.ReactiveWebA
pplication did not 
find reactive web 
application classes (N
otReactiveWebApplicati
onCondition)

   HttpClientAutoConfi
guration#clientHttpReq
uestFactoryBuilder 
matched:
      - @ConditionalOn
MissingBean (types: or
g.springframework.boot
.http.client.ClientHtt
pRequestFactoryBuilder
; SearchStrategy: 
all) did not find any 
beans 
(OnBeanCondition)

   HttpClientAutoConfi
guration#clientHttpReq
uestFactorySettings 
matched:
      - @ConditionalOn
MissingBean (types: or
g.springframework.boot
.http.client.ClientHtt
pRequestFactorySetting
s; SearchStrategy: 
all) did not find any 
beans 
(OnBeanCondition)

   HttpClientObservati
onsAutoConfiguration 
matched:
      - 
@ConditionalOnClass 
found required class '
io.micrometer.observat
ion.Observation' 
(OnClassCondition)
      - 
@ConditionalOnBean 
(types: io.micrometer.
observation.Observatio
nRegistry; 
SearchStrategy: all) 
found bean 
'observationRegistry' 
(OnBeanCondition)

   HttpClientObservati
onsAutoConfiguration.M
eterFilterConfiguratio
n matched:
      - 
@ConditionalOnClass 
found required class '
io.micrometer.core.ins
trument.MeterRegistry'
 (OnClassCondition)
      - 
@ConditionalOnBean 
(types: io.micrometer.
core.instrument.MeterR
egistry; 
SearchStrategy: all) 
found bean 
'simpleMeterRegistry' 
(OnBeanCondition)

   HttpEncodingAutoCon
figuration matched:
      - 
@ConditionalOnClass 
found required class '
org.springframework.we
b.filter.CharacterEnco
dingFilter' 
(OnClassCondition)
      - found 
'session' scope (OnWeb
ApplicationCondition)
      - @ConditionalOn
Property (server.servl
et.encoding.enabled) 
matched 
(OnPropertyCondition)

   HttpEncodingAutoCon
figuration#characterEn
codingFilter matched:
      - @ConditionalOn
MissingBean (types: or
g.springframework.web.
filter.CharacterEncodi
ngFilter; 
SearchStrategy: all) 
did not find any 
beans 
(OnBeanCondition)

   HttpMessageConverte
rsAutoConfiguration 
matched:
      - 
@ConditionalOnClass 
found required class '
org.springframework.ht
tp.converter.HttpMessa
geConverter' 
(OnClassCondition)
      - 
NoneNestedConditions 
0 matched 1 did not; 
NestedCondition on Htt
pMessageConvertersAuto
Configuration.NotReact
iveWebApplicationCondi
tion.ReactiveWebApplic
ation did not find 
reactive web 
application classes (H
ttpMessageConvertersAu
toConfiguration.NotRea
ctiveWebApplicationCon
dition)

   HttpMessageConverte
rsAutoConfiguration#me
ssageConverters 
matched:
      - @ConditionalOn
MissingBean (types: or
g.springframework.boot
.autoconfigure.http.Ht
tpMessageConverters; 
SearchStrategy: all) 
did not find any 
beans 
(OnBeanCondition)

   HttpMessageConverte
rsAutoConfiguration.St
ringHttpMessageConvert
erConfiguration 
matched:
      - 
@ConditionalOnClass 
found required class '
org.springframework.ht
tp.converter.StringHtt
pMessageConverter' 
(OnClassCondition)

   HttpMessageConverte
rsAutoConfiguration.St
ringHttpMessageConvert
erConfiguration#string
HttpMessageConverter 
matched:
      - @ConditionalOn
MissingBean (types: or
g.springframework.http
.converter.StringHttpM
essageConverter; 
SearchStrategy: all) 
did not find any 
beans 
(OnBeanCondition)

   HypermediaAutoConfi
guration matched:
      - 
@ConditionalOnClass 
found required 
classes 'org.springfra
mework.hateoas.EntityM
odel', 'org.springfram
ework.web.bind.annotat
ion.RequestMapping', '
org.springframework.we
b.servlet.mvc.method.a
nnotation.RequestMappi
ngHandlerAdapter', 'or
g.springframework.plug
in.core.Plugin' 
(OnClassCondition)
      - @ConditionalOn
WebApplication 
(required) found 
'session' scope (OnWeb
ApplicationCondition)

   HypermediaAutoConfi
guration#applicationJs
onHalConfiguration 
matched:
      - 
@ConditionalOnClass 
found required class '
com.fasterxml.jackson.
databind.ObjectMapper'
 (OnClassCondition)
      - @ConditionalOn
Property (spring.hateo
as.use-hal-as-default-
json-media-type) 
matched 
(OnPropertyCondition)
      - @ConditionalOn
MissingBean (types: or
g.springframework.hate
oas.mediatype.hal.HalC
onfiguration; 
SearchStrategy: all) 
did not find any 
beans 
(OnBeanCondition)

   JacksonAutoConfigur
ation matched:
      - 
@ConditionalOnClass 
found required class '
com.fasterxml.jackson.
databind.ObjectMapper'
 (OnClassCondition)

   JacksonAutoConfigur
ation.Jackson2ObjectMa
pperBuilderCustomizerC
onfiguration matched:
      - 
@ConditionalOnClass 
found required class '
org.springframework.ht
tp.converter.json.Jack
son2ObjectMapperBuilde
r' (OnClassCondition)

   JacksonAutoConfigur
ation.JacksonObjectMap
perBuilderConfiguratio
n matched:
      - 
@ConditionalOnClass 
found required class '
org.springframework.ht
tp.converter.json.Jack
son2ObjectMapperBuilde
r' (OnClassCondition)

   JacksonAutoConfigur
ation.JacksonObjectMap
perBuilderConfiguratio
n#jacksonObjectMapperB
uilder matched:
      - @ConditionalOn
MissingBean (types: or
g.springframework.http
.converter.json.Jackso
n2ObjectMapperBuilder;
 SearchStrategy: all) 
did not find any 
beans 
(OnBeanCondition)

   JacksonAutoConfigur
ation.JacksonObjectMap
perConfiguration 
matched:
      - 
@ConditionalOnClass 
found required class '
org.springframework.ht
tp.converter.json.Jack
son2ObjectMapperBuilde
r' (OnClassCondition)

   JacksonAutoConfigur
ation.JacksonObjectMap
perConfiguration#jacks
onObjectMapper 
matched:
      - @ConditionalOn
MissingBean (types: co
m.fasterxml.jackson.da
tabind.ObjectMapper; 
SearchStrategy: all) 
did not find any 
beans 
(OnBeanCondition)

   JacksonAutoConfigur
ation.ParameterNamesMo
duleConfiguration 
matched:
      - 
@ConditionalOnClass 
found required class '
com.fasterxml.jackson.
module.paramnames.Para
meterNamesModule' 
(OnClassCondition)

   JacksonAutoConfigur
ation.ParameterNamesMo
duleConfiguration#para
meterNamesModule 
matched:
      - @ConditionalOn
MissingBean (types: co
m.fasterxml.jackson.mo
dule.paramnames.Parame
terNamesModule; 
SearchStrategy: all) 
did not find any 
beans 
(OnBeanCondition)

   JacksonEndpointAuto
Configuration#endpoint
ObjectMapper matched:
      - 
@ConditionalOnClass 
found required 
classes 'com.fasterxml
.jackson.databind.Obje
ctMapper', 'org.spring
framework.http.convert
er.json.Jackson2Object
MapperBuilder' 
(OnClassCondition)
      - @ConditionalOn
Property (management.e
ndpoints.jackson.isola
ted-object-mapper) 
matched 
(OnPropertyCondition)

   JacksonHttpMessageC
onvertersConfiguration
.MappingJackson2HttpMe
ssageConverterConfigur
ation matched:
      - 
@ConditionalOnClass 
found required class '
com.fasterxml.jackson.
databind.ObjectMapper'
 (OnClassCondition)
      - @ConditionalOn
Property (spring.mvc.c
onverters.preferred-js
on-mapper=jackson) 
matched 
(OnPropertyCondition)
      - 
@ConditionalOnBean 
(types: com.fasterxml.
jackson.databind.Objec
tMapper; 
SearchStrategy: all) 
found bean 
'jacksonObjectMapper' 
(OnBeanCondition)

   JacksonHttpMessageC
onvertersConfiguration
.MappingJackson2HttpMe
ssageConverterConfigur
ation#mappingJackson2H
ttpMessageConverter 
matched:
      - @ConditionalOn
MissingBean (types: or
g.springframework.http
.converter.json.Mappin
gJackson2HttpMessageCo
nverter ignored: org.s
pringframework.hateoas
.server.mvc.TypeConstr
ainedMappingJackson2Ht
tpMessageConverter,org
.springframework.data.
rest.webmvc.alps.AlpsJ
sonHttpMessageConverte
r; SearchStrategy: 
all) did not find any 
beans 
(OnBeanCondition)

   JdbcClientAutoConfi
guration matched:
      - @ConditionalOn
SingleCandidate 
(types: org.springfram
ework.jdbc.core.namedp
aram.NamedParameterJdb
cTemplate; 
SearchStrategy: all) 
found a single bean 'n
amedParameterJdbcTempl
ate'; @ConditionalOnMi
ssingBean (types: org.
springframework.jdbc.c
ore.simple.JdbcClient;
 SearchStrategy: all) 
did not find any 
beans 
(OnBeanCondition)

   JdbcTemplateAutoCon
figuration matched:
      - 
@ConditionalOnClass 
found required 
classes 'javax.sql.Dat
aSource', 'org.springf
ramework.jdbc.core.Jdb
cTemplate' 
(OnClassCondition)
      - @ConditionalOn
SingleCandidate 
(types: 
javax.sql.DataSource; 
SearchStrategy: all) 
found a single bean 
'dataSource' 
(OnBeanCondition)

   JdbcTemplateConfigu
ration matched:
      - @ConditionalOn
MissingBean (types: or
g.springframework.jdbc
.core.JdbcOperations; 
SearchStrategy: all) 
did not find any 
beans 
(OnBeanCondition)

   JpaBaseConfiguratio
n#entityManagerFactory
 matched:
      - @ConditionalOn
MissingBean (types: or
g.springframework.orm.
jpa.LocalContainerEnti
tyManagerFactoryBean,j
akarta.persistence.Ent
ityManagerFactory; 
SearchStrategy: all) 
did not find any 
beans 
(OnBeanCondition)

   JpaBaseConfiguratio
n#entityManagerFactory
Builder matched:
      - @ConditionalOn
MissingBean (types: or
g.springframework.boot
.orm.jpa.EntityManager
FactoryBuilder; 
SearchStrategy: all) 
did not find any 
beans 
(OnBeanCondition)

   JpaBaseConfiguratio
n#jpaVendorAdapter 
matched:
      - @ConditionalOn
MissingBean (types: or
g.springframework.orm.
jpa.JpaVendorAdapter; 
SearchStrategy: all) 
did not find any 
beans 
(OnBeanCondition)

   JpaBaseConfiguratio
n#transactionManager 
matched:
      - @ConditionalOn
MissingBean (types: or
g.springframework.tran
saction.TransactionMan
ager; SearchStrategy: 
all) did not find any 
beans 
(OnBeanCondition)

   JpaBaseConfiguratio
n.JpaWebConfiguration 
matched:
      - 
@ConditionalOnClass 
found required class '
org.springframework.we
b.servlet.config.annot
ation.WebMvcConfigurer
' (OnClassCondition)
      - found 
'session' scope (OnWeb
ApplicationCondition)
      - @ConditionalOn
Property (spring.jpa.o
pen-in-view=true) 
matched 
(OnPropertyCondition)
      - @ConditionalOn
MissingBean (types: or
g.springframework.orm.
jpa.support.OpenEntity
ManagerInViewIntercept
or,org.springframework
.orm.jpa.support.OpenE
ntityManagerInViewFilt
er; SearchStrategy: 
all) did not find any 
beans 
(OnBeanCondition)

   JpaBaseConfiguratio
n.PersistenceManagedTy
pesConfiguration 
matched:
      - @ConditionalOn
MissingBean (types: or
g.springframework.orm.
jpa.LocalContainerEnti
tyManagerFactoryBean,j
akarta.persistence.Ent
ityManagerFactory; 
SearchStrategy: all) 
did not find any 
beans 
(OnBeanCondition)

   JpaBaseConfiguratio
n.PersistenceManagedTy
pesConfiguration#persi
stenceManagedTypes 
matched:
      - @ConditionalOn
MissingBean (types: or
g.springframework.orm.
jpa.persistenceunit.Pe
rsistenceManagedTypes;
 SearchStrategy: all) 
did not find any 
beans 
(OnBeanCondition)

   JpaRepositoriesAuto
Configuration matched:
      - 
@ConditionalOnClass 
found required class '
org.springframework.da
ta.jpa.repository.JpaR
epository' 
(OnClassCondition)
      - @ConditionalOn
Property (spring.data.
jpa.repositories.enabl
ed=true) matched 
(OnPropertyCondition)
      - 
@ConditionalOnBean 
(types: 
javax.sql.DataSource; 
SearchStrategy: all) 
found bean 
'dataSource'; @Conditi
onalOnMissingBean 
(types: org.springfram
ework.data.jpa.reposit
ory.support.JpaReposit
oryFactoryBean,org.spr
ingframework.data.jpa.
repository.config.JpaR
epositoryConfigExtensi
on; SearchStrategy: 
all) did not find any 
beans 
(OnBeanCondition)

   
JtaAutoConfiguration 
matched:
      - 
@ConditionalOnClass 
found required class '
jakarta.transaction.Tr
ansaction' 
(OnClassCondition)
      - @ConditionalOn
Property 
(spring.jta.enabled) 
matched 
(OnPropertyCondition)

   JvmMetricsAutoConfi
guration matched:
      - 
@ConditionalOnClass 
found required class '
io.micrometer.core.ins
trument.MeterRegistry'
 (OnClassCondition)
      - 
@ConditionalOnBean 
(types: io.micrometer.
core.instrument.MeterR
egistry; 
SearchStrategy: all) 
found bean 
'simpleMeterRegistry' 
(OnBeanCondition)

   JvmMetricsAutoConfi
guration#classLoaderMe
trics matched:
      - @ConditionalOn
MissingBean (types: io
.micrometer.core.instr
ument.binder.jvm.Class
LoaderMetrics; 
SearchStrategy: all) 
did not find any 
beans 
(OnBeanCondition)

   JvmMetricsAutoConfi
guration#jvmCompilatio
nMetrics matched:
      - @ConditionalOn
MissingBean (types: io
.micrometer.core.instr
ument.binder.jvm.JvmCo
mpilationMetrics; 
SearchStrategy: all) 
did not find any 
beans 
(OnBeanCondition)

   JvmMetricsAutoConfi
guration#jvmGcMetrics 
matched:
      - @ConditionalOn
MissingBean (types: io
.micrometer.core.instr
ument.binder.jvm.JvmGc
Metrics; 
SearchStrategy: all) 
did not find any 
beans 
(OnBeanCondition)

   JvmMetricsAutoConfi
guration#jvmHeapPressu
reMetrics matched:
      - @ConditionalOn
MissingBean (types: io
.micrometer.core.instr
ument.binder.jvm.JvmHe
apPressureMetrics; 
SearchStrategy: all) 
did not find any 
beans 
(OnBeanCondition)

   JvmMetricsAutoConfi
guration#jvmInfoMetric
s matched:
      - @ConditionalOn
MissingBean (types: io
.micrometer.core.instr
ument.binder.jvm.JvmIn
foMetrics; 
SearchStrategy: all) 
did not find any 
beans 
(OnBeanCondition)

   JvmMetricsAutoConfi
guration#jvmMemoryMetr
ics matched:
      - @ConditionalOn
MissingBean (types: io
.micrometer.core.instr
ument.binder.jvm.JvmMe
moryMetrics; 
SearchStrategy: all) 
did not find any 
beans 
(OnBeanCondition)

   JvmMetricsAutoConfi
guration#jvmThreadMetr
ics matched:
      - @ConditionalOn
MissingBean (types: io
.micrometer.core.instr
ument.binder.jvm.JvmTh
readMetrics; 
SearchStrategy: all) 
did not find any 
beans 
(OnBeanCondition)

   LifecycleAutoConfig
uration#defaultLifecyc
leProcessor matched:
      - @ConditionalOn
MissingBean (names: 
lifecycleProcessor; 
SearchStrategy: 
current) did not find 
any beans 
(OnBeanCondition)

   LogbackMetricsAutoC
onfiguration matched:
      - 
@ConditionalOnClass 
found required 
classes 'io.micrometer
.core.instrument.Meter
Registry', 'ch.qos.log
back.classic.LoggerCon
text', 'org.slf4j.Logg
erFactory' 
(OnClassCondition)
      - LogbackLogging
Condition 
ILoggerFactory is a 
Logback LoggerContext 
(LogbackMetricsAutoCon
figuration.LogbackLogg
ingCondition)
      - 
@ConditionalOnBean 
(types: io.micrometer.
core.instrument.MeterR
egistry; 
SearchStrategy: all) 
found bean 
'simpleMeterRegistry' 
(OnBeanCondition)

   LogbackMetricsAutoC
onfiguration#logbackMe
trics matched:
      - @ConditionalOn
MissingBean (types: io
.micrometer.core.instr
ument.binder.logging.L
ogbackMetrics; 
SearchStrategy: all) 
did not find any 
beans 
(OnBeanCondition)

   ManagementContextAu
toConfiguration.SameMa
nagementContextConfigu
ration matched:
      - Management 
Port actual port type 
(SAME) matched 
required type (OnManag
ementPortCondition)

   MetricsAutoConfigur
ation matched:
      - 
@ConditionalOnClass 
found required class '
io.micrometer.core.ann
otation.Timed' 
(OnClassCondition)

   MetricsAutoConfigur
ation#micrometerClock 
matched:
      - @ConditionalOn
MissingBean (types: io
.micrometer.core.instr
ument.Clock; 
SearchStrategy: all) 
did not find any 
beans 
(OnBeanCondition)

   MultipartAutoConfig
uration matched:
      - 
@ConditionalOnClass 
found required 
classes 'jakarta.servl
et.Servlet', 'org.spri
ngframework.web.multip
art.support.StandardSe
rvletMultipartResolver
', 'jakarta.servlet.Mu
ltipartConfigElement' 
(OnClassCondition)
      - found 
'session' scope (OnWeb
ApplicationCondition)
      - @ConditionalOn
Property (spring.servl
et.multipart.enabled) 
matched 
(OnPropertyCondition)

   MultipartAutoConfig
uration#multipartConfi
gElement matched:
      - @ConditionalOn
MissingBean (types: ja
karta.servlet.Multipar
tConfigElement; 
SearchStrategy: all) 
did not find any 
beans 
(OnBeanCondition)

   MultipartAutoConfig
uration#multipartResol
ver matched:
      - @ConditionalOn
MissingBean (types: or
g.springframework.web.
multipart.MultipartRes
olver; 
SearchStrategy: all) 
did not find any 
beans 
(OnBeanCondition)

   NamedParameterJdbcT
emplateConfiguration 
matched:
      - @ConditionalOn
SingleCandidate 
(types: org.springfram
ework.jdbc.core.JdbcTe
mplate; 
SearchStrategy: all) 
found a single bean 
'jdbcTemplate'; @Condi
tionalOnMissingBean 
(types: org.springfram
ework.jdbc.core.namedp
aram.NamedParameterJdb
cOperations; 
SearchStrategy: all) 
did not find any 
beans 
(OnBeanCondition)

   NoOpCacheConfigurat
ion matched:
      - Cache org.spri
ngframework.boot.autoc
onfigure.cache.NoOpCac
heConfiguration 
automatic cache type 
(CacheCondition)

   ObservationAutoConf
iguration matched:
      - 
@ConditionalOnClass 
found required class '
io.micrometer.observat
ion.ObservationRegistr
y' (OnClassCondition)

   ObservationAutoConf
iguration#observationR
egistry matched:
      - @ConditionalOn
MissingBean (types: io
.micrometer.observatio
n.ObservationRegistry;
 SearchStrategy: all) 
did not find any 
beans 
(OnBeanCondition)

   ObservationAutoConf
iguration.MeterObserva
tionHandlerConfigurati
on matched:
      - 
@ConditionalOnBean 
(types: io.micrometer.
core.instrument.MeterR
egistry; 
SearchStrategy: all) 
found bean 'simpleMete
rRegistry'; @Condition
alOnMissingBean 
(types: io.micrometer.
core.instrument.observ
ation.MeterObservation
Handler; 
SearchStrategy: all) 
did not find any 
beans 
(OnBeanCondition)

   ObservationAutoConf
iguration.MeterObserva
tionHandlerConfigurati
on.OnlyMetricsMeterObs
ervationHandlerConfigu
ration matched:
      - @ConditionalOn
MissingBean (types: io
.micrometer.tracing.Tr
acer; SearchStrategy: 
all) did not find any 
beans 
(OnBeanCondition)

   ObservationAutoConf
iguration.ObservedAspe
ctConfiguration 
matched:
      - 
@ConditionalOnClass 
found required class '
org.aspectj.weaver.Adv
ice' 
(OnClassCondition)

   ObservationAutoConf
iguration.ObservedAspe
ctConfiguration#observ
edAspect matched:
      - @ConditionalOn
MissingBean (types: io
.micrometer.observatio
n.aop.ObservedAspect; 
SearchStrategy: all) 
did not find any 
beans 
(OnBeanCondition)

   ObservationAutoConf
iguration.OnlyMetricsC
onfiguration matched:
      - 
@ConditionalOnClass 
found required class '
io.micrometer.core.ins
trument.MeterRegistry'
; @ConditionalOnMissin
gClass did not find 
unwanted class 'io.mic
rometer.tracing.Tracer
' (OnClassCondition)

   PersistenceExceptio
nTranslationAutoConfig
uration matched:
      - 
@ConditionalOnClass 
found required class '
org.springframework.da
o.annotation.Persisten
ceExceptionTranslation
PostProcessor' 
(OnClassCondition)

   PersistenceExceptio
nTranslationAutoConfig
uration#persistenceExc
eptionTranslationPostP
rocessor matched:
      - @ConditionalOn
Property (spring.dao.e
xceptiontranslation.en
abled) matched 
(OnPropertyCondition)
      - @ConditionalOn
MissingBean (types: or
g.springframework.dao.
annotation.Persistence
ExceptionTranslationPo
stProcessor; 
SearchStrategy: all) 
did not find any 
beans 
(OnBeanCondition)

   PropertyPlaceholder
AutoConfiguration#prop
ertySourcesPlaceholder
Configurer matched:
      - @ConditionalOn
MissingBean (types: or
g.springframework.cont
ext.support.PropertySo
urcesPlaceholderConfig
urer; SearchStrategy: 
current) did not find 
any beans 
(OnBeanCondition)

   RepositoryMetricsAu
toConfiguration 
matched:
      - 
@ConditionalOnClass 
found required class '
org.springframework.da
ta.repository.Reposito
ry' (OnClassCondition)
      - 
@ConditionalOnBean 
(types: io.micrometer.
core.instrument.MeterR
egistry; 
SearchStrategy: all) 
found bean 
'simpleMeterRegistry' 
(OnBeanCondition)

   RepositoryMetricsAu
toConfiguration#metric
sRepositoryMethodInvoc
ationListener matched:
      - @ConditionalOn
MissingBean (types: or
g.springframework.boot
.actuate.metrics.data.
MetricsRepositoryMetho
dInvocationListener; 
SearchStrategy: all) 
did not find any 
beans 
(OnBeanCondition)

   RepositoryMetricsAu
toConfiguration#reposi
toryTagsProvider 
matched:
      - @ConditionalOn
MissingBean (types: or
g.springframework.boot
.actuate.metrics.data.
RepositoryTagsProvider
; SearchStrategy: 
all) did not find any 
beans 
(OnBeanCondition)

   RepositoryRestMvcAu
toConfiguration 
matched:
      - 
@ConditionalOnClass 
found required class '
org.springframework.da
ta.rest.webmvc.config.
RepositoryRestMvcConfi
guration' 
(OnClassCondition)
      - found 
'session' scope (OnWeb
ApplicationCondition)
      - @ConditionalOn
MissingBean (types: or
g.springframework.data
.rest.webmvc.config.Re
positoryRestMvcConfigu
ration; 
SearchStrategy: all) 
did not find any 
beans 
(OnBeanCondition)

   RestClientAutoConfi
guration matched:
      - 
@ConditionalOnClass 
found required class '
org.springframework.we
b.client.RestClient' 
(OnClassCondition)
      - 
NoneNestedConditions 
0 matched 1 did not; 
NestedCondition on Not
ReactiveWebApplication
Condition.ReactiveWebA
pplication did not 
find reactive web 
application classes (N
otReactiveWebApplicati
onCondition)

   RestClientAutoConfi
guration#httpMessageCo
nvertersRestClientCust
omizer matched:
      - @ConditionalOn
MissingBean (types: or
g.springframework.boot
.autoconfigure.web.cli
ent.HttpMessageConvert
ersRestClientCustomize
r; SearchStrategy: 
all) did not find any 
beans 
(OnBeanCondition)

   RestClientAutoConfi
guration#restClientBui
lder matched:
      - @ConditionalOn
MissingBean (types: or
g.springframework.web.
client.RestClient$Buil
der; SearchStrategy: 
all) did not find any 
beans 
(OnBeanCondition)

   RestClientAutoConfi
guration#restClientBui
lderConfigurer 
matched:
      - @ConditionalOn
MissingBean (types: or
g.springframework.boot
.autoconfigure.web.cli
ent.RestClientBuilderC
onfigurer; 
SearchStrategy: all) 
did not find any 
beans 
(OnBeanCondition)

   RestClientAutoConfi
guration#restClientSsl
 matched:
      - 
@ConditionalOnBean 
(types: org.springfram
ework.boot.ssl.SslBund
les; SearchStrategy: 
all) found bean 
'sslBundleRegistry'; @
ConditionalOnMissingBe
an (types: org.springf
ramework.boot.autoconf
igure.web.client.RestC
lientSsl; 
SearchStrategy: all) 
did not find any 
beans 
(OnBeanCondition)

   RestClientObservati
onConfiguration 
matched:
      - 
@ConditionalOnClass 
found required class '
org.springframework.we
b.client.RestClient' 
(OnClassCondition)
      - 
@ConditionalOnBean 
(types: org.springfram
ework.web.client.RestC
lient$Builder; 
SearchStrategy: all) 
found bean 
'restClientBuilder' 
(OnBeanCondition)

   RestTemplateAutoCon
figuration matched:
      - 
@ConditionalOnClass 
found required class '
org.springframework.we
b.client.RestTemplate'
 (OnClassCondition)
      - 
NoneNestedConditions 
0 matched 1 did not; 
NestedCondition on Not
ReactiveWebApplication
Condition.ReactiveWebA
pplication did not 
find reactive web 
application classes (N
otReactiveWebApplicati
onCondition)

   RestTemplateAutoCon
figuration#restTemplat
eBuilder matched:
      - @ConditionalOn
MissingBean (types: or
g.springframework.boot
.web.client.RestTempla
teBuilder; 
SearchStrategy: all) 
did not find any 
beans 
(OnBeanCondition)

   RestTemplateObserva
tionConfiguration 
matched:
      - 
@ConditionalOnClass 
found required class '
org.springframework.we
b.client.RestTemplate'
 (OnClassCondition)
      - 
@ConditionalOnBean 
(types: org.springfram
ework.boot.web.client.
RestTemplateBuilder; 
SearchStrategy: all) 
found bean 
'restTemplateBuilder' 
(OnBeanCondition)

   ScheduledTasksObser
vabilityAutoConfigurat
ion matched:
      - 
@ConditionalOnClass 
found required class '
org.springframework.sc
heduling.concurrent.Th
readPoolTaskScheduler'
 (OnClassCondition)
      - 
@ConditionalOnBean 
(types: io.micrometer.
observation.Observatio
nRegistry; 
SearchStrategy: all) 
found bean 
'observationRegistry' 
(OnBeanCondition)

   ServletEndpointMana
gementContextConfigura
tion matched:
      - found 
'session' scope (OnWeb
ApplicationCondition)

   ServletEndpointMana
gementContextConfigura
tion.WebMvcServletEndp
ointManagementContextC
onfiguration matched:
      - 
@ConditionalOnClass 
found required class '
org.springframework.we
b.servlet.DispatcherSe
rvlet' 
(OnClassCondition)

   ServletManagementCo
ntextAutoConfiguration
 matched:
      - 
@ConditionalOnClass 
found required class '
jakarta.servlet.Servle
t' (OnClassCondition)
      - found 
'session' scope (OnWeb
ApplicationCondition)

   ServletWebServerFac
toryAutoConfiguration 
matched:
      - 
@ConditionalOnClass 
found required class '
jakarta.servlet.Servle
tRequest' 
(OnClassCondition)
      - found 
'session' scope (OnWeb
ApplicationCondition)

   ServletWebServerFac
toryAutoConfiguration#
tomcatServletWebServer
FactoryCustomizer 
matched:
      - 
@ConditionalOnClass 
found required class '
org.apache.catalina.st
artup.Tomcat' 
(OnClassCondition)

   ServletWebServerFac
toryConfiguration.Embe
ddedTomcat matched:
      - 
@ConditionalOnClass 
found required 
classes 'jakarta.servl
et.Servlet', 'org.apac
he.catalina.startup.To
mcat', 'org.apache.coy
ote.UpgradeProtocol' 
(OnClassCondition)
      - @ConditionalOn
MissingBean (types: or
g.springframework.boot
.web.servlet.server.Se
rvletWebServerFactory;
 SearchStrategy: 
current) did not find 
any beans 
(OnBeanCondition)

   SimpleCacheConfigur
ation matched:
      - Cache org.spri
ngframework.boot.autoc
onfigure.cache.SimpleC
acheConfiguration 
automatic cache type 
(CacheCondition)

   SimpleMetricsExport
AutoConfiguration 
matched:
      - @ConditionalOn
EnabledMetricsExport m
anagement.simple.metri
cs.export.enabled is 
true (OnMetricsExportE
nabledCondition)
      - 
@ConditionalOnBean 
(types: io.micrometer.
core.instrument.Clock;
 SearchStrategy: all) 
found bean 
'micrometerClock'; @Co
nditionalOnMissingBean
 (types: io.micrometer
.core.instrument.Meter
Registry; 
SearchStrategy: all) 
did not find any 
beans 
(OnBeanCondition)

   SimpleMetricsExport
AutoConfiguration#simp
leConfig matched:
      - @ConditionalOn
MissingBean (types: io
.micrometer.core.instr
ument.simple.SimpleCon
fig; SearchStrategy: 
all) did not find any 
beans 
(OnBeanCondition)

   SpringDocConfigProp
erties matched:
      - @ConditionalOn
Property (springdoc.ap
i-docs.enabled) 
matched 
(OnPropertyCondition)
      - 
@ConditionalOnBean 
(types: org.springdoc.
core.configuration.Spr
ingDocConfiguration; 
SearchStrategy: all) 
found bean 'org.spring
doc.core.configuration
.SpringDocConfiguratio
n' (OnBeanCondition)

   SpringDocConfigurat
ion matched:
      - @ConditionalOn
WebApplication 
(required) found 
'session' scope (OnWeb
ApplicationCondition)
      - @ConditionalOn
Property (springdoc.ap
i-docs.enabled) 
matched 
(OnPropertyCondition)

   SpringDocConfigurat
ion#fileSupportConvert
er matched:
      - @ConditionalOn
MissingBean (types: or
g.springdoc.core.conve
rters.FileSupportConve
rter; SearchStrategy: 
all) did not find any 
beans 
(OnBeanCondition)

   SpringDocConfigurat
ion#globalOpenApiCusto
mizer matched:
      - @ConditionalOn
MissingBean (types: or
g.springdoc.core.custo
mizers.GlobalOpenApiCu
stomizer; 
SearchStrategy: all) 
did not find any 
beans 
(OnBeanCondition)

   SpringDocConfigurat
ion#openAPIBuilder 
matched:
      - @ConditionalOn
MissingBean (types: or
g.springdoc.core.servi
ce.OpenAPIService; 
SearchStrategy: all) 
did not find any 
beans 
(OnBeanCondition)

   SpringDocConfigurat
ion#operationBuilder 
matched:
      - @ConditionalOn
MissingBean (types: or
g.springdoc.core.servi
ce.OperationService; 
SearchStrategy: all) 
did not find any 
beans 
(OnBeanCondition)

   SpringDocConfigurat
ion#parameterBuilder 
matched:
      - @ConditionalOn
MissingBean (types: or
g.springdoc.core.servi
ce.GenericParameterSer
vice; SearchStrategy: 
all) did not find any 
beans 
(OnBeanCondition)

   SpringDocConfigurat
ion#parameterObjectNam
ingStrategyCustomizer 
matched:
      - @ConditionalOn
MissingBean (types: or
g.springdoc.core.custo
mizers.ParameterObject
NamingStrategyCustomiz
er; SearchStrategy: 
all) did not find any 
beans 
(OnBeanCondition)

   SpringDocConfigurat
ion#polymorphicModelCo
nverter matched:
      - @ConditionalOn
Property (springdoc.mo
del-converters.polymor
phic-converter.enabled
) matched 
(OnPropertyCondition)
      - @ConditionalOn
MissingBean (types: or
g.springdoc.core.conve
rters.PolymorphicModel
Converter; 
SearchStrategy: all) 
did not find any 
beans 
(OnBeanCondition)

   SpringDocConfigurat
ion#requestBodyBuilder
 matched:
      - @ConditionalOn
MissingBean (types: or
g.springdoc.core.servi
ce.RequestBodyService;
 SearchStrategy: all) 
did not find any 
beans 
(OnBeanCondition)

   SpringDocConfigurat
ion#responseSupportCon
verter matched:
      - @ConditionalOn
MissingBean (types: or
g.springdoc.core.conve
rters.ResponseSupportC
onverter; 
SearchStrategy: all) 
did not find any 
beans 
(OnBeanCondition)

   SpringDocConfigurat
ion#schemaPropertyDepr
ecatingConverter 
matched:
      - @ConditionalOn
Property (springdoc.mo
del-converters.depreca
ting-converter.enabled
) matched 
(OnPropertyCondition)
      - @ConditionalOn
MissingBean (types: or
g.springdoc.core.conve
rters.SchemaPropertyDe
precatingConverter; 
SearchStrategy: all) 
did not find any 
beans 
(OnBeanCondition)

   SpringDocConfigurat
ion#securityParser 
matched:
      - @ConditionalOn
MissingBean (types: or
g.springdoc.core.servi
ce.SecurityService; 
SearchStrategy: all) 
did not find any 
beans 
(OnBeanCondition)

   SpringDocConfigurat
ion#springDocCustomize
rs matched:
      - @ConditionalOn
MissingBean (types: or
g.springdoc.core.custo
mizers.SpringDocCustom
izers; 
SearchStrategy: all) 
did not find any 
beans 
(OnBeanCondition)

   SpringDocConfigurat
ion#springDocProviders
 matched:
      - @ConditionalOn
MissingBean (types: or
g.springdoc.core.provi
ders.SpringDocProvider
s; SearchStrategy: 
all) did not find any 
beans 
(OnBeanCondition)

   SpringDocConfigurat
ion#springdocObjectMap
perProvider matched:
      - @ConditionalOn
MissingBean (types: or
g.springdoc.core.provi
ders.ObjectMapperProvi
der; SearchStrategy: 
all) did not find any 
beans 
(OnBeanCondition)

   SpringDocConfigurat
ion.QuerydslProvider 
matched:
      - 
@ConditionalOnClass 
found required class '
org.springframework.da
ta.querydsl.binding.Qu
erydslBindingsFactory'
 (OnClassCondition)

   SpringDocConfigurat
ion.QuerydslProvider#q
ueryDslQuerydslPredica
teOperationCustomizer 
matched:
      - @ConditionalOn
MissingBean (types: or
g.springdoc.core.custo
mizers.QuerydslPredica
teOperationCustomizer;
 SearchStrategy: all) 
did not find any 
beans 
(OnBeanCondition)

   SpringDocConfigurat
ion.SpringDocRepositor
yRestConfiguration 
matched:
      - 
@ConditionalOnClass 
found required class '
org.springframework.da
ta.rest.core.config.Re
positoryRestConfigurat
ion' 
(OnClassCondition)

   SpringDocConfigurat
ion.SpringDocRepositor
yRestConfiguration#rep
ositoryRestConfigurati
onProvider matched:
      - @ConditionalOn
MissingBean (types: or
g.springdoc.core.provi
ders.RepositoryRestCon
figurationProvider; 
SearchStrategy: all) 
did not find any 
beans 
(OnBeanCondition)

   SpringDocConfigurat
ion.SpringDocSpringDat
aWebPropertiesProvider
 matched:
      - 
@ConditionalOnClass 
found required class '
org.springframework.bo
ot.autoconfigure.data.
web.SpringDataWebPrope
rties' 
(OnClassCondition)

   SpringDocConfigurat
ion.SpringDocSpringDat
aWebPropertiesProvider
#springDataWebProperti
esProvider matched:
      - @ConditionalOn
MissingBean (types: or
g.springdoc.core.provi
ders.SpringDataWebProp
ertiesProvider; 
SearchStrategy: all) 
did not find any 
beans 
(OnBeanCondition)

   SpringDocConfigurat
ion.WebConversionServi
ceConfiguration 
matched:
      - 
@ConditionalOnClass 
found required class '
org.springframework.bo
ot.autoconfigure.web.f
ormat.WebConversionSer
vice' 
(OnClassCondition)

   SpringDocDataRestCo
nfiguration matched:
      - 
@ConditionalOnClass 
found required class '
org.springframework.da
ta.rest.core.config.Re
positoryRestConfigurat
ion' 
(OnClassCondition)
      - @ConditionalOn
WebApplication 
(required) found 
'session' scope (OnWeb
ApplicationCondition)
      - @ConditionalOn
Expression (#{${spring
doc.api-docs.enabled:t
rue} and ${springdoc.e
nable-data-rest:true}}
) resulted in true (On
ExpressionCondition)
      - 
@ConditionalOnBean 
(types: org.springdoc.
core.configuration.Spr
ingDocConfiguration; 
SearchStrategy: all) 
found bean 'org.spring
doc.core.configuration
.SpringDocConfiguratio
n' (OnBeanCondition)

   SpringDocDataRestCo
nfiguration#halProvide
r matched:
      - @ConditionalOn
MissingBean (types: or
g.springdoc.core.provi
ders.DataRestHalProvid
er; SearchStrategy: 
all) did not find any 
beans 
(OnBeanCondition)

   SpringDocDataRestCo
nfiguration.SpringRepo
sitoryRestResourceProv
iderConfiguration 
matched:
      - 
@ConditionalOnClass 
found required class '
org.springframework.da
ta.rest.webmvc.Reposit
oryRestHandlerMapping'
 (OnClassCondition)

   SpringDocDataRestCo
nfiguration.SpringRepo
sitoryRestResourceProv
iderConfiguration#data
RestOperationBuilder 
matched:
      - @ConditionalOn
MissingBean (types: or
g.springdoc.core.data.
DataRestOperationServi
ce; SearchStrategy: 
all) did not find any 
beans 
(OnBeanCondition)

   SpringDocDataRestCo
nfiguration.SpringRepo
sitoryRestResourceProv
iderConfiguration#data
RestRequestBuilder 
matched:
      - @ConditionalOn
MissingBean (types: or
g.springdoc.core.data.
DataRestRequestService
; SearchStrategy: 
all) did not find any 
beans 
(OnBeanCondition)

   SpringDocDataRestCo
nfiguration.SpringRepo
sitoryRestResourceProv
iderConfiguration#data
RestResponseBuilder 
matched:
      - @ConditionalOn
MissingBean (types: or
g.springdoc.core.data.
DataRestResponseServic
e; SearchStrategy: 
all) did not find any 
beans 
(OnBeanCondition)

   SpringDocDataRestCo
nfiguration.SpringRepo
sitoryRestResourceProv
iderConfiguration#data
RestRouterOperationBui
lder matched:
      - @ConditionalOn
MissingBean (types: or
g.springdoc.core.data.
DataRestRouterOperatio
nService; 
SearchStrategy: all) 
did not find any 
beans 
(OnBeanCondition)

   SpringDocDataRestCo
nfiguration.SpringRepo
sitoryRestResourceProv
iderConfiguration#data
RestTagsBuilder 
matched:
      - @ConditionalOn
MissingBean (types: or
g.springdoc.core.data.
DataRestTagsService; 
SearchStrategy: all) 
did not find any 
beans 
(OnBeanCondition)

   SpringDocDataRestCo
nfiguration.SpringRepo
sitoryRestResourceProv
iderConfiguration#spri
ngDocDataRestUtils 
matched:
      - @ConditionalOn
MissingBean (types: or
g.springdoc.core.utils
.SpringDocDataRestUtil
s; SearchStrategy: 
all) did not find any 
beans 
(OnBeanCondition)

   SpringDocDataRestCo
nfiguration.SpringRepo
sitoryRestResourceProv
iderConfiguration#spri
ngRepositoryRestResour
ceProvider matched:
      - @ConditionalOn
MissingBean (types: or
g.springdoc.core.provi
ders.SpringRepositoryR
estResourceProvider; 
SearchStrategy: all) 
did not find any 
beans 
(OnBeanCondition)

   SpringDocHateoasCon
figuration matched:
      - 
@ConditionalOnClass 
found required class '
org.springframework.ha
teoas.server.LinkRelat
ionProvider' 
(OnClassCondition)
      - @ConditionalOn
WebApplication 
(required) found 
'session' scope (OnWeb
ApplicationCondition)
      - @ConditionalOn
Expression (#{${spring
doc.api-docs.enabled:t
rue} and ${springdoc.e
nable-hateoas:true}}) 
resulted in true (OnEx
pressionCondition)
      - 
@ConditionalOnBean 
(types: org.springdoc.
core.configuration.Spr
ingDocConfiguration; 
SearchStrategy: all) 
found bean 'org.spring
doc.core.configuration
.SpringDocConfiguratio
n' (OnBeanCondition)

   SpringDocHateoasCon
figuration#collectionM
odelContentConverter 
matched:
      - @ConditionalOn
MissingBean (types: or
g.springdoc.core.conve
rters.CollectionModelC
ontentConverter; 
SearchStrategy: all) 
did not find any 
beans 
(OnBeanCondition)

   SpringDocHateoasCon
figuration#linksSchema
Customizer matched:
      - @ConditionalOn
MissingBean (names: li
nksSchemaCustomizer; 
SearchStrategy: all) 
did not find any 
beans 
(OnBeanCondition)

   SpringDocPageableCo
nfiguration matched:
      - 
@ConditionalOnClass 
found required class '
org.springframework.da
ta.domain.Pageable' 
(OnClassCondition)
      - @ConditionalOn
WebApplication 
(required) found 
'session' scope (OnWeb
ApplicationCondition)
      - @ConditionalOn
Property (springdoc.ap
i-docs.enabled) 
matched 
(OnPropertyCondition)
      - 
@ConditionalOnBean 
(types: org.springdoc.
core.configuration.Spr
ingDocConfiguration; 
SearchStrategy: all) 
found bean 'org.spring
doc.core.configuration
.SpringDocConfiguratio
n' (OnBeanCondition)

   SpringDocPageableCo
nfiguration#dataRestDe
legatingMethodParamete
rCustomizer matched:
      - @ConditionalOn
MissingBean (types: or
g.springdoc.core.custo
mizers.DataRestDelegat
ingMethodParameterCust
omizer; 
SearchStrategy: all) 
did not find any 
beans 
(OnBeanCondition)

   SpringDocPageableCo
nfiguration#pageOpenAP
IConverter matched:
      - 
@ConditionalOnClass 
found required 
classes 'org.springfra
mework.data.web.PagedM
odel', 'org.springfram
ework.data.web.config.
SpringDataWebSettings'
 (OnClassCondition)
      - @ConditionalOn
MissingBean (types: or
g.springdoc.core.conve
rters.PageOpenAPIConve
rter; SearchStrategy: 
all) did not find any 
beans 
(OnBeanCondition)

   SpringDocPageableCo
nfiguration#pageableOp
enAPIConverter 
matched:
      - @ConditionalOn
Property (springdoc.mo
del-converters.pageabl
e-converter.enabled) 
matched 
(OnPropertyCondition)
      - @ConditionalOn
MissingBean (types: or
g.springdoc.core.conve
rters.PageableOpenAPIC
onverter; 
SearchStrategy: all) 
did not find any 
beans 
(OnBeanCondition)

   SpringDocSortConfig
uration matched:
      - 
@ConditionalOnClass 
found required class '
org.springframework.da
ta.domain.Sort' 
(OnClassCondition)
      - @ConditionalOn
WebApplication 
(required) found 
'session' scope (OnWeb
ApplicationCondition)
      - @ConditionalOn
Property (springdoc.ap
i-docs.enabled) 
matched 
(OnPropertyCondition)
      - 
@ConditionalOnBean 
(types: org.springdoc.
core.configuration.Spr
ingDocConfiguration; 
SearchStrategy: all) 
found bean 'org.spring
doc.core.configuration
.SpringDocConfiguratio
n' (OnBeanCondition)

   SpringDocSortConfig
uration#sortOpenAPICon
verter matched:
      - @ConditionalOn
Property (springdoc.so
rt-converter.enabled) 
matched 
(OnPropertyCondition)
      - @ConditionalOn
MissingBean (types: or
g.springdoc.core.conve
rters.SortOpenAPIConve
rter; SearchStrategy: 
all) did not find any 
beans 
(OnBeanCondition)

   SpringDocUIConfigur
ation matched:
      - @ConditionalOn
WebApplication 
(required) found 
'session' scope (OnWeb
ApplicationCondition)
      - 
@ConditionalOnBean 
(types: org.springdoc.
core.configuration.Spr
ingDocConfiguration; 
SearchStrategy: all) 
found bean 'org.spring
doc.core.configuration
.SpringDocConfiguratio
n' (OnBeanCondition)

   SpringDocWebMvcConf
iguration matched:
      - found 
'session' scope (OnWeb
ApplicationCondition)
      - @ConditionalOn
Property (springdoc.ap
i-docs.enabled) 
matched 
(OnPropertyCondition)
      - 
@ConditionalOnBean 
(types: org.springdoc.
core.configuration.Spr
ingDocConfiguration; 
SearchStrategy: all) 
found bean 'org.spring
doc.core.configuration
.SpringDocConfiguratio
n' (OnBeanCondition)

   SpringDocWebMvcConf
iguration#openApiResou
rce matched:
      - @ConditionalOn
Expression (#{(${sprin
gdoc.use-management-po
rt:false} == false ) 
and ${springdoc.enable
-default-api-docs:true
}}) resulted in true (
OnExpressionCondition)
      - @ConditionalOn
MissingBean (types: or
g.springdoc.webmvc.api
.OpenApiWebMvcResource
; SearchStrategy: 
all) did not find any 
beans 
(OnBeanCondition)

   SpringDocWebMvcConf
iguration#requestBuild
er matched:
      - @ConditionalOn
MissingBean (types: or
g.springdoc.webmvc.cor
e.service.RequestServi
ce; SearchStrategy: 
all) did not find any 
beans 
(OnBeanCondition)

   SpringDocWebMvcConf
iguration#responseBuil
der matched:
      - @ConditionalOn
MissingBean (types: or
g.springdoc.core.servi
ce.GenericResponseServ
ice; SearchStrategy: 
all) did not find any 
beans 
(OnBeanCondition)

   SpringDocWebMvcConf
iguration#springWebPro
vider matched:
      - @ConditionalOn
MissingBean (types: or
g.springdoc.core.provi
ders.SpringWebProvider
; SearchStrategy: 
all) did not find any 
beans 
(OnBeanCondition)

   SpringDocWebMvcConf
iguration.SpringDocWeb
MvcActuatorConfigurati
on matched:
      - 
@ConditionalOnClass 
found required class '
org.springframework.bo
ot.actuate.endpoint.we
b.servlet.WebMvcEndpoi
ntHandlerMapping' 
(OnClassCondition)

   SpringDocWebMvcConf
iguration.SpringDocWeb
MvcRouterConfiguration
 matched:
      - 
@ConditionalOnClass 
found required class '
org.springframework.we
b.servlet.function.Rou
terFunction' 
(OnClassCondition)

   SpringDocWebMvcConf
iguration.SpringDocWeb
MvcRouterConfiguration
#routerFunctionProvide
r matched:
      - @ConditionalOn
MissingBean (types: or
g.springdoc.webmvc.cor
e.providers.RouterFunc
tionWebMvcProvider; 
SearchStrategy: all) 
did not find any 
beans 
(OnBeanCondition)

   SqlInitializationAu
toConfiguration 
matched:
      - @ConditionalOn
Property (spring.sql.i
nit.enabled) matched 
(OnPropertyCondition)
      - 
NoneNestedConditions 
0 matched 1 did not; 
NestedCondition on Sql
InitializationAutoConf
iguration.SqlInitializ
ationModeCondition.Mod
eIsNever @ConditionalO
nProperty (spring.sql.
init.mode=never) did 
not find property 
'mode' (SqlInitializat
ionAutoConfiguration.S
qlInitializationModeCo
ndition)

   SslAutoConfiguratio
n#sslBundleRegistry 
matched:
      - @ConditionalOn
MissingBean (types: or
g.springframework.boot
.ssl.SslBundleRegistry
,org.springframework.b
oot.ssl.SslBundles; 
SearchStrategy: all) 
did not find any 
beans 
(OnBeanCondition)

   SslHealthContributo
rAutoConfiguration 
matched:
      - @ConditionalOn
EnabledHealthIndicator
 management.health.def
aults.enabled is 
considered true (OnEna
bledHealthIndicatorCon
dition)

   SslHealthContributo
rAutoConfiguration#ssl
HealthIndicator 
matched:
      - @ConditionalOn
MissingBean (names: 
sslHealthIndicator; 
SearchStrategy: all) 
did not find any 
beans 
(OnBeanCondition)

   SslHealthContributo
rAutoConfiguration#ssl
Info matched:
      - @ConditionalOn
MissingBean (types: or
g.springframework.boot
.info.SslInfo; 
SearchStrategy: all) 
did not find any 
beans 
(OnBeanCondition)

   StartupTimeMetricsL
istenerAutoConfigurati
on matched:
      - 
@ConditionalOnClass 
found required class '
io.micrometer.core.ins
trument.MeterRegistry'
 (OnClassCondition)
      - 
@ConditionalOnBean 
(types: io.micrometer.
core.instrument.MeterR
egistry; 
SearchStrategy: all) 
found bean 
'simpleMeterRegistry' 
(OnBeanCondition)

   StartupTimeMetricsL
istenerAutoConfigurati
on#startupTimeMetrics 
matched:
      - @ConditionalOn
MissingBean (types: or
g.springframework.boot
.actuate.metrics.start
up.StartupTimeMetricsL
istener; 
SearchStrategy: all) 
did not find any 
beans 
(OnBeanCondition)

   SwaggerConfig 
matched:
      - found 
'session' scope (OnWeb
ApplicationCondition)
      - @ConditionalOn
Property (springdoc.sw
agger-ui.enabled) 
matched 
(OnPropertyCondition)
      - 
@ConditionalOnBean 
(types: org.springdoc.
core.configuration.Spr
ingDocConfiguration; 
SearchStrategy: all) 
found bean 'org.spring
doc.core.configuration
.SpringDocConfiguratio
n' (OnBeanCondition)

   SwaggerConfig#index
PageTransformer 
matched:
      - @ConditionalOn
MissingBean (types: or
g.springdoc.webmvc.ui.
SwaggerIndexTransforme
r; SearchStrategy: 
all) did not find any 
beans 
(OnBeanCondition)

   SwaggerConfig#swagg
erConfigResource 
matched:
      - @ConditionalOn
Property (springdoc.us
e-management-port=fals
e) matched 
(OnPropertyCondition)
      - @ConditionalOn
MissingBean (types: or
g.springdoc.webmvc.ui.
SwaggerConfigResource;
 SearchStrategy: all) 
did not find any 
beans 
(OnBeanCondition)

   SwaggerConfig#swagg
erResourceResolver 
matched:
      - @ConditionalOn
MissingBean (types: or
g.springdoc.webmvc.ui.
SwaggerResourceResolve
r; SearchStrategy: 
all) did not find any 
beans 
(OnBeanCondition)

   SwaggerConfig#swagg
erWebMvcConfigurer 
matched:
      - @ConditionalOn
MissingBean (types: or
g.springdoc.webmvc.ui.
SwaggerWebMvcConfigure
r; SearchStrategy: 
all) did not find any 
beans 
(OnBeanCondition)

   SwaggerConfig#swagg
erWelcome matched:
      - @ConditionalOn
Property (springdoc.us
e-management-port=fals
e) matched 
(OnPropertyCondition)
      - @ConditionalOn
MissingBean (types: or
g.springdoc.webmvc.ui.
SwaggerWelcomeWebMvc; 
SearchStrategy: all) 
did not find any 
beans 
(OnBeanCondition)

   SwaggerUiConfigProp
erties matched:
      - @ConditionalOn
Property (springdoc.sw
agger-ui.enabled) 
matched 
(OnPropertyCondition)
      - 
@ConditionalOnBean 
(types: org.springdoc.
core.configuration.Spr
ingDocConfiguration; 
SearchStrategy: all) 
found bean 'org.spring
doc.core.configuration
.SpringDocConfiguratio
n' (OnBeanCondition)

   SwaggerUiOAuthPrope
rties matched:
      - @ConditionalOn
Property (springdoc.sw
agger-ui.enabled) 
matched 
(OnPropertyCondition)
      - 
@ConditionalOnBean 
(types: org.springdoc.
core.configuration.Spr
ingDocConfiguration; 
SearchStrategy: all) 
found bean 'org.spring
doc.core.configuration
.SpringDocConfiguratio
n' (OnBeanCondition)

   SystemMetricsAutoCo
nfiguration matched:
      - 
@ConditionalOnClass 
found required class '
io.micrometer.core.ins
trument.MeterRegistry'
 (OnClassCondition)
      - 
@ConditionalOnBean 
(types: io.micrometer.
core.instrument.MeterR
egistry; 
SearchStrategy: all) 
found bean 
'simpleMeterRegistry' 
(OnBeanCondition)

   SystemMetricsAutoCo
nfiguration#diskSpaceM
etrics matched:
      - @ConditionalOn
MissingBean (types: or
g.springframework.boot
.actuate.metrics.syste
m.DiskSpaceMetricsBind
er; SearchStrategy: 
all) did not find any 
beans 
(OnBeanCondition)

   SystemMetricsAutoCo
nfiguration#fileDescri
ptorMetrics matched:
      - @ConditionalOn
MissingBean (types: io
.micrometer.core.instr
ument.binder.system.Fi
leDescriptorMetrics; 
SearchStrategy: all) 
did not find any 
beans 
(OnBeanCondition)

   SystemMetricsAutoCo
nfiguration#processorM
etrics matched:
      - @ConditionalOn
MissingBean (types: io
.micrometer.core.instr
ument.binder.system.Pr
ocessorMetrics; 
SearchStrategy: all) 
did not find any 
beans 
(OnBeanCondition)

   SystemMetricsAutoCo
nfiguration#uptimeMetr
ics matched:
      - @ConditionalOn
MissingBean (types: io
.micrometer.core.instr
ument.binder.system.Up
timeMetrics; 
SearchStrategy: all) 
did not find any 
beans 
(OnBeanCondition)

   TaskExecutionAutoCo
nfiguration matched:
      - 
@ConditionalOnClass 
found required class '
org.springframework.sc
heduling.concurrent.Th
readPoolTaskExecutor' 
(OnClassCondition)

   TaskExecutorConfigu
rations.SimpleAsyncTas
kExecutorBuilderConfig
uration#simpleAsyncTas
kExecutorBuilder 
matched:
      - @ConditionalOn
MissingBean (types: or
g.springframework.boot
.task.SimpleAsyncTaskE
xecutorBuilder; 
SearchStrategy: all) 
did not find any 
beans 
(OnBeanCondition)
      - @ConditionalOn
Threading found 
PLATFORM 
(OnThreadingCondition)

   TaskExecutorConfigu
rations.TaskExecutorCo
nfiguration matched:
      - @ConditionalOn
MissingBean (types: ja
va.util.concurrent.Exe
cutor; 
SearchStrategy: all) 
did not find any 
beans 
(OnBeanCondition)

   TaskExecutorConfigu
rations.TaskExecutorCo
nfiguration#applicatio
nTaskExecutor matched:
      - @ConditionalOn
Threading found 
PLATFORM 
(OnThreadingCondition)

   TaskExecutorConfigu
rations.ThreadPoolTask
ExecutorBuilderConfigu
ration#threadPoolTaskE
xecutorBuilder 
matched:
      - @ConditionalOn
MissingBean (types: or
g.springframework.boot
.task.ThreadPoolTaskEx
ecutorBuilder; 
SearchStrategy: all) 
did not find any 
beans 
(OnBeanCondition)

   TaskExecutorMetrics
AutoConfiguration 
matched:
      - 
@ConditionalOnClass 
found required class '
io.micrometer.core.ins
trument.binder.jvm.Exe
cutorServiceMetrics' 
(OnClassCondition)
      - 
@ConditionalOnBean 
(types: java.util.conc
urrent.Executor,io.mic
rometer.core.instrumen
t.MeterRegistry; 
SearchStrategy: all) 
found beans 'applicati
onTaskExecutor', 
'simpleMeterRegistry' 
(OnBeanCondition)

   TaskSchedulingAutoC
onfiguration matched:
      - 
@ConditionalOnClass 
found required class '
org.springframework.sc
heduling.concurrent.Th
readPoolTaskScheduler'
 (OnClassCondition)

   TaskSchedulingConfi
gurations.SimpleAsyncT
askSchedulerBuilderCon
figuration#simpleAsync
TaskSchedulerBuilder 
matched:
      - @ConditionalOn
MissingBean (types: or
g.springframework.boot
.task.SimpleAsyncTaskS
chedulerBuilder; 
SearchStrategy: all) 
did not find any 
beans 
(OnBeanCondition)
      - @ConditionalOn
Threading found 
PLATFORM 
(OnThreadingCondition)

   TaskSchedulingConfi
gurations.ThreadPoolTa
skSchedulerBuilderConf
iguration#threadPoolTa
skSchedulerBuilder 
matched:
      - @ConditionalOn
MissingBean (types: or
g.springframework.boot
.task.ThreadPoolTaskSc
hedulerBuilder; 
SearchStrategy: all) 
did not find any 
beans 
(OnBeanCondition)

   TomcatMetricsAutoCo
nfiguration matched:
      - 
@ConditionalOnClass 
found required 
classes 'io.micrometer
.core.instrument.binde
r.tomcat.TomcatMetrics
', 'org.apache.catalin
a.Manager' 
(OnClassCondition)
      - @ConditionalOn
WebApplication 
(required) found 
'session' scope (OnWeb
ApplicationCondition)

   TomcatMetricsAutoCo
nfiguration#tomcatMetr
icsBinder matched:
      - 
@ConditionalOnBean 
(types: io.micrometer.
core.instrument.MeterR
egistry; 
SearchStrategy: all) 
found bean 'simpleMete
rRegistry'; @Condition
alOnMissingBean 
(types: io.micrometer.
core.instrument.binder
.tomcat.TomcatMetrics,
org.springframework.bo
ot.actuate.metrics.web
.tomcat.TomcatMetricsB
inder; 
SearchStrategy: all) 
did not find any 
beans 
(OnBeanCondition)

   TransactionAutoConf
iguration matched:
      - 
@ConditionalOnClass 
found required class '
org.springframework.tr
ansaction.PlatformTran
sactionManager' 
(OnClassCondition)

   TransactionAutoConf
iguration.EnableTransa
ctionManagementConfigu
ration matched:
      - 
@ConditionalOnBean 
(types: org.springfram
ework.transaction.Tran
sactionManager; 
SearchStrategy: all) 
found bean 
'transactionManager'; 
@ConditionalOnMissingB
ean (types: org.spring
framework.transaction.
annotation.AbstractTra
nsactionManagementConf
iguration; 
SearchStrategy: all) 
did not find any 
beans 
(OnBeanCondition)

   TransactionAutoConf
iguration.EnableTransa
ctionManagementConfigu
ration.CglibAutoProxyC
onfiguration matched:
      - @ConditionalOn
Property (spring.aop.p
roxy-target-class=true
) matched 
(OnPropertyCondition)

   TransactionAutoConf
iguration.TransactionT
emplateConfiguration 
matched:
      - @ConditionalOn
SingleCandidate 
(types: org.springfram
ework.transaction.Plat
formTransactionManager
; SearchStrategy: 
all) found a single 
bean 
'transactionManager' 
(OnBeanCondition)

   TransactionAutoConf
iguration.TransactionT
emplateConfiguration#t
ransactionTemplate 
matched:
      - @ConditionalOn
MissingBean (types: or
g.springframework.tran
saction.support.Transa
ctionOperations; 
SearchStrategy: all) 
did not find any 
beans 
(OnBeanCondition)

   TransactionManagerC
ustomizationAutoConfig
uration matched:
      - 
@ConditionalOnClass 
found required class '
org.springframework.tr
ansaction.PlatformTran
sactionManager' 
(OnClassCondition)

   TransactionManagerC
ustomizationAutoConfig
uration#platformTransa
ctionManagerCustomizer
s matched:
      - @ConditionalOn
MissingBean (types: or
g.springframework.boot
.autoconfigure.transac
tion.TransactionManage
rCustomizers; 
SearchStrategy: all) 
did not find any 
beans 
(OnBeanCondition)

   WebEndpointAutoConf
iguration matched:
      - @ConditionalOn
WebApplication 
(required) found 
'session' scope (OnWeb
ApplicationCondition)

   WebEndpointAutoConf
iguration#controllerEn
dpointDiscoverer 
matched:
      - @ConditionalOn
MissingBean (types: or
g.springframework.boot
.actuate.endpoint.web.
annotation.ControllerE
ndpointsSupplier; 
SearchStrategy: all) 
did not find any 
beans 
(OnBeanCondition)

   WebEndpointAutoConf
iguration#endpointMedi
aTypes matched:
      - @ConditionalOn
MissingBean (types: or
g.springframework.boot
.actuate.endpoint.web.
EndpointMediaTypes; 
SearchStrategy: all) 
did not find any 
beans 
(OnBeanCondition)

   WebEndpointAutoConf
iguration#pathMappedEn
dpoints matched:
      - @ConditionalOn
MissingBean (types: or
g.springframework.boot
.actuate.endpoint.web.
PathMappedEndpoints; 
SearchStrategy: all) 
did not find any 
beans 
(OnBeanCondition)

   WebEndpointAutoConf
iguration#webEndpointD
iscoverer matched:
      - @ConditionalOn
MissingBean (types: or
g.springframework.boot
.actuate.endpoint.web.
WebEndpointsSupplier; 
SearchStrategy: all) 
did not find any 
beans 
(OnBeanCondition)

   WebEndpointAutoConf
iguration.WebEndpointS
ervletConfiguration 
matched:
      - found 
'session' scope (OnWeb
ApplicationCondition)

   WebEndpointAutoConf
iguration.WebEndpointS
ervletConfiguration#se
rvletEndpointDiscovere
r matched:
      - @ConditionalOn
MissingBean (types: or
g.springframework.boot
.actuate.endpoint.web.
annotation.ServletEndp
ointsSupplier; 
SearchStrategy: all) 
did not find any 
beans 
(OnBeanCondition)

   WebMvcAutoConfigura
tion matched:
      - 
@ConditionalOnClass 
found required 
classes 'jakarta.servl
et.Servlet', 'org.spri
ngframework.web.servle
t.DispatcherServlet', 
'org.springframework.w
eb.servlet.config.anno
tation.WebMvcConfigure
r' (OnClassCondition)
      - found 
'session' scope (OnWeb
ApplicationCondition)
      - @ConditionalOn
MissingBean (types: or
g.springframework.web.
servlet.config.annotat
ion.WebMvcConfiguratio
nSupport; 
SearchStrategy: all) 
did not find any 
beans 
(OnBeanCondition)

   WebMvcAutoConfigura
tion#formContentFilter
 matched:
      - @ConditionalOn
Property (spring.mvc.f
ormcontent.filter.enab
led) matched 
(OnPropertyCondition)
      - @ConditionalOn
MissingBean (types: or
g.springframework.web.
filter.FormContentFilt
er; SearchStrategy: 
all) did not find any 
beans 
(OnBeanCondition)

   WebMvcAutoConfigura
tion.EnableWebMvcConfi
guration#flashMapManag
er matched:
      - @ConditionalOn
MissingBean (names: 
flashMapManager; 
SearchStrategy: all) 
did not find any 
beans 
(OnBeanCondition)

   WebMvcAutoConfigura
tion.EnableWebMvcConfi
guration#localeResolve
r matched:
      - @ConditionalOn
MissingBean (names: 
localeResolver; 
SearchStrategy: all) 
did not find any 
beans 
(OnBeanCondition)

   WebMvcAutoConfigura
tion.EnableWebMvcConfi
guration#themeResolver
 matched:
      - @ConditionalOn
MissingBean (names: 
themeResolver; 
SearchStrategy: all) 
did not find any 
beans 
(OnBeanCondition)

   WebMvcAutoConfigura
tion.EnableWebMvcConfi
guration#viewNameTrans
lator matched:
      - @ConditionalOn
MissingBean (names: 
viewNameTranslator; 
SearchStrategy: all) 
did not find any 
beans 
(OnBeanCondition)

   WebMvcAutoConfigura
tion.ResourceChainCust
omizerConfiguration 
matched:
      - @ConditionalOn
EnabledResourceChain 
found class org.webjar
s.WebJarVersionLocator
 (OnEnabledResourceCha
inCondition)

   WebMvcAutoConfigura
tion.WebMvcAutoConfigu
rationAdapter#defaultV
iewResolver matched:
      - @ConditionalOn
MissingBean (types: or
g.springframework.web.
servlet.view.InternalR
esourceViewResolver; 
SearchStrategy: all) 
did not find any 
beans 
(OnBeanCondition)

   WebMvcAutoConfigura
tion.WebMvcAutoConfigu
rationAdapter#requestC
ontextFilter matched:
      - @ConditionalOn
MissingBean (types: or
g.springframework.web.
context.request.Reques
tContextListener,org.s
pringframework.web.fil
ter.RequestContextFilt
er; SearchStrategy: 
all) did not find any 
beans 
(OnBeanCondition)

   WebMvcAutoConfigura
tion.WebMvcAutoConfigu
rationAdapter#viewReso
lver matched:
      - 
@ConditionalOnBean 
(types: org.springfram
ework.web.servlet.View
Resolver; 
SearchStrategy: all) 
found beans 'defaultVi
ewResolver', 'beanName
ViewResolver', 
'mvcViewResolver'; @Co
nditionalOnMissingBean
 (names: viewResolver 
types: org.springframe
work.web.servlet.view.
ContentNegotiatingView
Resolver; 
SearchStrategy: all) 
did not find any 
beans 
(OnBeanCondition)

   WebMvcEndpointManag
ementContextConfigurat
ion matched:
      - 
@ConditionalOnClass 
found required class '
org.springframework.we
b.servlet.DispatcherSe
rvlet' 
(OnClassCondition)
      - found 
'session' scope (OnWeb
ApplicationCondition)
      - 
@ConditionalOnBean 
(types: org.springfram
ework.web.servlet.Disp
atcherServlet,org.spri
ngframework.boot.actua
te.endpoint.web.WebEnd
pointsSupplier; 
SearchStrategy: all) 
found beans 'webEndpoi
ntDiscoverer', 
'dispatcherServlet' 
(OnBeanCondition)

   WebMvcEndpointManag
ementContextConfigurat
ion#controllerEndpoint
HandlerMapping 
matched:
      - @ConditionalOn
MissingBean (types: or
g.springframework.boot
.actuate.endpoint.web.
servlet.ControllerEndp
ointHandlerMapping; 
SearchStrategy: all) 
did not find any 
beans 
(OnBeanCondition)

   WebMvcEndpointManag
ementContextConfigurat
ion#endpointObjectMapp
erWebMvcConfigurer 
matched:
      - 
@ConditionalOnBean 
(types: org.springfram
ework.boot.actuate.end
point.jackson.Endpoint
ObjectMapper; 
SearchStrategy: all) 
found bean 'endpointOb
jectMapper' 
(OnBeanCondition)

   WebMvcEndpointManag
ementContextConfigurat
ion#webEndpointServlet
HandlerMapping 
matched:
      - @ConditionalOn
MissingBean (types: or
g.springframework.boot
.actuate.endpoint.web.
servlet.WebMvcEndpoint
HandlerMapping; 
SearchStrategy: all) 
did not find any 
beans 
(OnBeanCondition)

   WebMvcObservationAu
toConfiguration 
matched:
      - 
@ConditionalOnClass 
found required 
classes 'org.springfra
mework.web.servlet.Dis
patcherServlet', 'io.m
icrometer.observation.
Observation' 
(OnClassCondition)
      - found 
'session' scope (OnWeb
ApplicationCondition)
      - 
@ConditionalOnBean 
(types: io.micrometer.
observation.Observatio
nRegistry; 
SearchStrategy: all) 
found bean 
'observationRegistry' 
(OnBeanCondition)

   WebMvcObservationAu
toConfiguration#webMvc
ObservationFilter 
matched:
      - @ConditionalOn
MissingBean (types: or
g.springframework.web.
filter.ServerHttpObser
vationFilter; 
SearchStrategy: all) 
did not find any 
beans 
(OnBeanCondition)

   WebMvcObservationAu
toConfiguration.MeterF
ilterConfiguration 
matched:
      - 
@ConditionalOnClass 
found required class '
io.micrometer.core.ins
trument.MeterRegistry'
 (OnClassCondition)
      - 
@ConditionalOnBean 
(types: io.micrometer.
core.instrument.MeterR
egistry; 
SearchStrategy: all) 
found bean 
'simpleMeterRegistry' 
(OnBeanCondition)

   WebSocketServletAut
oConfiguration 
matched:
      - 
@ConditionalOnClass 
found required 
classes 'jakarta.servl
et.Servlet', 'jakarta.
websocket.server.Serve
rContainer' 
(OnClassCondition)
      - found 
'session' scope (OnWeb
ApplicationCondition)

   WebSocketServletAut
oConfiguration.TomcatW
ebSocketConfiguration 
matched:
      - 
@ConditionalOnClass 
found required 
classes 'org.apache.ca
talina.startup.Tomcat'
, 'org.apache.tomcat.w
ebsocket.server.WsSci'
 (OnClassCondition)

   WebSocketServletAut
oConfiguration.TomcatW
ebSocketConfiguration#
websocketServletWebSer
verCustomizer matched:
      - @ConditionalOn
MissingBean (names: we
bsocketServletWebServe
rCustomizer; 
SearchStrategy: all) 
did not find any 
beans 
(OnBeanCondition)


Negative matches:
-----------------

   ActiveMQAutoConfigu
ration:
      Did not match:
         - 
@ConditionalOnClass 
did not find required 
class 'jakarta.jms.Con
nectionFactory' 
(OnClassCondition)

   AopAutoConfiguratio
n.AspectJAutoProxyingC
onfiguration.JdkDynami
cAutoProxyConfiguratio
n:
      Did not match:
         - @Conditiona
lOnProperty (spring.ao
p.proxy-target-class=f
alse) did not find 
property 
'proxy-target-class' 
(OnPropertyCondition)

   AopAutoConfiguratio
n.ClassProxyingConfigu
ration:
      Did not match:
         - @Conditiona
lOnMissingClass found 
unwanted class 'org.as
pectj.weaver.Advice' 
(OnClassCondition)

   AppOpticsMetricsExp
ortAutoConfiguration:
      Did not match:
         - 
@ConditionalOnClass 
did not find required 
class 'io.micrometer.a
ppoptics.AppOpticsMete
rRegistry' 
(OnClassCondition)

   ArtemisAutoConfigur
ation:
      Did not match:
         - 
@ConditionalOnClass 
did not find required 
class 'jakarta.jms.Con
nectionFactory' 
(OnClassCondition)

   AtlasMetricsExportA
utoConfiguration:
      Did not match:
         - 
@ConditionalOnClass 
did not find required 
class 'io.micrometer.a
tlas.AtlasMeterRegistr
y' (OnClassCondition)

   AuditAutoConfigurat
ion:
      Did not match:
         - 
@ConditionalOnBean 
(types: org.springfram
ework.boot.actuate.aud
it.AuditEventRepositor
y; SearchStrategy: 
all) did not find any 
beans of type org.spri
ngframework.boot.actua
te.audit.AuditEventRep
ository 
(OnBeanCondition)
      Matched:
         - @Conditiona
lOnProperty (managemen
t.auditevents.enabled)
 matched 
(OnPropertyCondition)

   AuditEventsEndpoint
AutoConfiguration:
      Did not match:
         - @Conditiona
lOnAvailableEndpoint 
not exposed (OnAvailab
leEndpointCondition)

   AvailabilityHealthC
ontributorAutoConfigur
ation#livenessStateHea
lthIndicator:
      Did not match:
         - @Conditiona
lOnProperty (managemen
t.health.livenessstate
.enabled=true) did 
not find property 
'enabled' 
(OnPropertyCondition)

   AvailabilityHealthC
ontributorAutoConfigur
ation#readinessStateHe
althIndicator:
      Did not match:
         - @Conditiona
lOnProperty (managemen
t.health.readinessstat
e.enabled=true) did 
not find property 
'enabled' 
(OnPropertyCondition)

   AvailabilityProbesA
utoConfiguration:
      Did not match:
         - Probes 
availability not 
running on a 
supported cloud 
platform (Availability
ProbesAutoConfiguratio
n.ProbesCondition)

   BatchAutoConfigurat
ion:
      Did not match:
         - 
@ConditionalOnClass 
did not find required 
class 'org.springframe
work.batch.core.launch
.JobLauncher' 
(OnClassCondition)

   BatchObservationAut
oConfiguration:
      Did not match:
         - 
@ConditionalOnClass 
did not find required 
class 'org.springframe
work.batch.core.config
uration.annotation.Bat
chObservabilityBeanPos
tProcessor' 
(OnClassCondition)

   BeansEndpointAutoCo
nfiguration:
      Did not match:
         - @Conditiona
lOnAvailableEndpoint 
not exposed (OnAvailab
leEndpointCondition)

   BraveAutoConfigurat
ion:
      Did not match:
         - 
@ConditionalOnClass 
did not find required 
class 'brave.Tracer' 
(OnClassCondition)

   Cache2kCacheConfigu
ration:
      Did not match:
         - 
@ConditionalOnClass 
did not find required 
class 'org.cache2k.Cac
he2kBuilder' 
(OnClassCondition)

   CacheAutoConfigurat
ion:
      Did not match:
         - 
@ConditionalOnBean 
(types: org.springfram
ework.cache.intercepto
r.CacheAspectSupport; 
SearchStrategy: all) 
did not find any 
beans of type org.spri
ngframework.cache.inte
rceptor.CacheAspectSup
port (OnBeanCondition)
      Matched:
         - 
@ConditionalOnClass 
found required class '
org.springframework.ca
che.CacheManager' 
(OnClassCondition)

   CacheAutoConfigurat
ion.CacheManagerEntity
ManagerFactoryDependsO
nPostProcessor:
      Did not match:
         - Ancestor or
g.springframework.boot
.autoconfigure.cache.C
acheAutoConfiguration 
did not match (Conditi
onEvaluationReport.Anc
estorsMatchedCondition
)
      Matched:
         - 
@ConditionalOnClass 
found required class '
org.springframework.or
m.jpa.LocalContainerEn
tityManagerFactoryBean
' (OnClassCondition)

   CacheMeterBinderPro
vidersConfiguration.Ca
che2kCacheMeterBinderP
roviderConfiguration:
      Did not match:
         - 
@ConditionalOnClass 
did not find required 
classes 'org.cache2k.C
ache2kBuilder', 'org.c
ache2k.extra.spring.Sp
ringCache2kCache', 'or
g.cache2k.extra.microm
eter.Cache2kCacheMetri
cs' (OnClassCondition)

   CacheMeterBinderPro
vidersConfiguration.Ca
ffeineCacheMeterBinder
ProviderConfiguration:
      Did not match:
         - 
@ConditionalOnClass 
did not find required 
classes 'org.springfra
mework.cache.caffeine.
CaffeineCache', 'com.g
ithub.benmanes.caffein
e.cache.Cache' 
(OnClassCondition)

   CacheMeterBinderPro
vidersConfiguration.Ha
zelcastCacheMeterBinde
rProviderConfiguration
:
      Did not match:
         - 
@ConditionalOnClass 
did not find required 
classes 'com.hazelcast
.spring.cache.Hazelcas
tCache', 'com.hazelcas
t.core.Hazelcast' 
(OnClassCondition)

   CacheMeterBinderPro
vidersConfiguration.JC
acheCacheMeterBinderPr
oviderConfiguration:
      Did not match:
         - 
@ConditionalOnClass 
did not find required 
classes 'org.springfra
mework.cache.jcache.JC
acheCache', 'javax.cac
he.CacheManager' 
(OnClassCondition)

   CacheMeterBinderPro
vidersConfiguration.Re
disCacheMeterBinderPro
viderConfiguration:
      Did not match:
         - 
@ConditionalOnClass 
did not find required 
class 'org.springframe
work.data.redis.cache.
RedisCache' 
(OnClassCondition)

   CacheMetricsAutoCon
figuration:
      Did not match:
         - 
@ConditionalOnBean 
(types: org.springfram
ework.cache.CacheManag
er; SearchStrategy: 
all) did not find any 
beans of type org.spri
ngframework.cache.Cach
eManager 
(OnBeanCondition)

   CachesEndpointAutoC
onfiguration:
      Did not match:
         - @Conditiona
lOnAvailableEndpoint 
not exposed (OnAvailab
leEndpointCondition)
      Matched:
         - 
@ConditionalOnClass 
found required class '
org.springframework.ca
che.CacheManager' 
(OnClassCondition)

   CaffeineCacheConfig
uration:
      Did not match:
         - 
@ConditionalOnClass 
did not find required 
class 'com.github.benm
anes.caffeine.cache.Ca
ffeine' 
(OnClassCondition)

   CassandraAutoConfig
uration:
      Did not match:
         - 
@ConditionalOnClass 
did not find required 
class 'com.datastax.os
s.driver.api.core.CqlS
ession' 
(OnClassCondition)

   CassandraDataAutoCo
nfiguration:
      Did not match:
         - 
@ConditionalOnClass 
did not find required 
class 'com.datastax.os
s.driver.api.core.CqlS
ession' 
(OnClassCondition)

   CassandraHealthCont
ributorAutoConfigurati
on:
      Did not match:
         - 
@ConditionalOnClass 
did not find required 
class 'com.datastax.os
s.driver.api.core.CqlS
ession' 
(OnClassCondition)

   CassandraReactiveDa
taAutoConfiguration:
      Did not match:
         - 
@ConditionalOnClass 
did not find required 
class 'com.datastax.os
s.driver.api.core.CqlS
ession' 
(OnClassCondition)

   CassandraReactiveHe
althContributorAutoCon
figuration:
      Did not match:
         - 
@ConditionalOnClass 
did not find required 
class 'com.datastax.os
s.driver.api.core.CqlS
ession' 
(OnClassCondition)

   CassandraReactiveRe
positoriesAutoConfigur
ation:
      Did not match:
         - 
@ConditionalOnClass 
did not find required 
class 'org.springframe
work.data.cassandra.Re
activeSession' 
(OnClassCondition)

   CassandraRepositori
esAutoConfiguration:
      Did not match:
         - 
@ConditionalOnClass 
did not find required 
class 'com.datastax.os
s.driver.api.core.CqlS
ession' 
(OnClassCondition)

   ClientHttpConnector
AutoConfiguration:
      Did not match:
         - 
@ConditionalOnClass 
did not find required 
class 'org.springframe
work.web.reactive.func
tion.client.WebClient'
 (OnClassCondition)

   CloudFoundryActuato
rAutoConfiguration:
      Did not match:
         - @Conditiona
lOnCloudPlatform did 
not find 
CLOUD_FOUNDRY (OnCloud
PlatformCondition)
      Matched:
         - 
@ConditionalOnClass 
found required class '
org.springframework.we
b.servlet.DispatcherSe
rvlet' 
(OnClassCondition)
         - found 
'session' scope (OnWeb
ApplicationCondition)
         - @Conditiona
lOnProperty (managemen
t.cloudfoundry.enabled
) matched 
(OnPropertyCondition)

   CodecsAutoConfigura
tion:
      Did not match:
         - 
@ConditionalOnClass 
did not find required 
class 'org.springframe
work.web.reactive.func
tion.client.WebClient'
 (OnClassCondition)

   CompositeMeterRegis
tryConfiguration:
      Did not match:
         - 
NoneNestedConditions 
1 matched 1 did not; 
NestedCondition on Com
positeMeterRegistryCon
figuration.MultipleNon
PrimaryMeterRegistries
Condition.SingleInject
ableMeterRegistry @Con
ditionalOnSingleCandid
ate (types: io.microme
ter.core.instrument.Me
terRegistry; 
SearchStrategy: all) 
found a single bean 's
impleMeterRegistry'; 
NestedCondition on Com
positeMeterRegistryCon
figuration.MultipleNon
PrimaryMeterRegistries
Condition.NoMeterRegis
tryCondition @Conditio
nalOnMissingBean 
(types: io.micrometer.
core.instrument.MeterR
egistry; 
SearchStrategy: all) 
found beans of type 'i
o.micrometer.core.inst
rument.MeterRegistry' 
simpleMeterRegistry (C
ompositeMeterRegistryC
onfiguration.MultipleN
onPrimaryMeterRegistri
esCondition)

   ConditionsReportEnd
pointAutoConfiguration
:
      Did not match:
         - @Conditiona
lOnAvailableEndpoint 
not exposed (OnAvailab
leEndpointCondition)

   ConfigurationProper
tiesReportEndpointAuto
Configuration:
      Did not match:
         - @Conditiona
lOnAvailableEndpoint 
not exposed (OnAvailab
leEndpointCondition)

   ConnectionFactoryHe
althContributorAutoCon
figuration:
      Did not match:
         - 
@ConditionalOnClass 
did not find required 
class 'io.r2dbc.spi.Co
nnectionFactory' 
(OnClassCondition)

   ConnectionPoolMetri
csAutoConfiguration:
      Did not match:
         - 
@ConditionalOnClass 
did not find required 
class 'io.r2dbc.pool.C
onnectionPool' 
(OnClassCondition)

   CouchbaseAutoConfig
uration:
      Did not match:
         - 
@ConditionalOnClass 
did not find required 
class 'com.couchbase.c
lient.java.Cluster' 
(OnClassCondition)

   CouchbaseCacheConfi
guration:
      Did not match:
         - 
@ConditionalOnClass 
did not find required 
class 'com.couchbase.c
lient.java.Cluster' 
(OnClassCondition)

   CouchbaseDataAutoCo
nfiguration:
      Did not match:
         - 
@ConditionalOnClass 
did not find required 
class 'com.couchbase.c
lient.java.Bucket' 
(OnClassCondition)

   CouchbaseHealthCont
ributorAutoConfigurati
on:
      Did not match:
         - 
@ConditionalOnClass 
did not find required 
class 'com.couchbase.c
lient.java.Cluster' 
(OnClassCondition)

   CouchbaseReactiveDa
taAutoConfiguration:
      Did not match:
         - 
@ConditionalOnClass 
did not find required 
class 'com.couchbase.c
lient.java.Cluster' 
(OnClassCondition)

   CouchbaseReactiveHe
althContributorAutoCon
figuration:
      Did not match:
         - 
@ConditionalOnClass 
did not find required 
class 'com.couchbase.c
lient.java.Cluster' 
(OnClassCondition)

   CouchbaseReactiveRe
positoriesAutoConfigur
ation:
      Did not match:
         - 
@ConditionalOnClass 
did not find required 
class 'com.couchbase.c
lient.java.Cluster' 
(OnClassCondition)

   CouchbaseRepositori
esAutoConfiguration:
      Did not match:
         - 
@ConditionalOnClass 
did not find required 
class 'com.couchbase.c
lient.java.Bucket' 
(OnClassCondition)

   DataSourceAutoConfi
guration.EmbeddedDatab
aseConfiguration:
      Did not match:
         - 
EmbeddedDataSource 
spring.datasource.url 
is set (DataSourceAuto
Configuration.Embedded
DatabaseCondition)

   DataSourceCheckpoin
tRestoreConfiguration:
      Did not match:
         - 
@ConditionalOnClass 
did not find required 
class 
'org.crac.Resource' 
(OnClassCondition)

   DataSourceConfigura
tion.Dbcp2:
      Did not match:
         - 
@ConditionalOnClass 
did not find required 
class 'org.apache.comm
ons.dbcp2.BasicDataSou
rce' 
(OnClassCondition)

   DataSourceConfigura
tion.Generic:
      Did not match:
         - @Conditiona
lOnProperty (spring.da
tasource.type) did 
not find property 'spr
ing.datasource.type' 
(OnPropertyCondition)

   DataSourceConfigura
tion.OracleUcp:
      Did not match:
         - 
@ConditionalOnClass 
did not find required 
classes 'oracle.ucp.jd
bc.PoolDataSourceImpl'
, 'oracle.jdbc.OracleC
onnection' 
(OnClassCondition)

   DataSourceConfigura
tion.Tomcat:
      Did not match:
         - 
@ConditionalOnClass 
did not find required 
class 'org.apache.tomc
at.jdbc.pool.DataSourc
e' (OnClassCondition)

   DataSourceJmxConfig
uration:
      Did not match:
         - @Conditiona
lOnProperty (spring.jm
x.enabled=true) found 
different value in 
property 'enabled' 
(OnPropertyCondition)

   DataSourcePoolMetad
ataProvidersConfigurat
ion.CommonsDbcp2PoolDa
taSourceMetadataProvid
erConfiguration:
      Did not match:
         - 
@ConditionalOnClass 
did not find required 
class 'org.apache.comm
ons.dbcp2.BasicDataSou
rce' 
(OnClassCondition)

   DataSourcePoolMetad
ataProvidersConfigurat
ion.OracleUcpPoolDataS
ourceMetadataProviderC
onfiguration:
      Did not match:
         - 
@ConditionalOnClass 
did not find required 
classes 'oracle.ucp.jd
bc.PoolDataSource', 'o
racle.jdbc.OracleConne
ction' 
(OnClassCondition)

   DataSourcePoolMetad
ataProvidersConfigurat
ion.TomcatDataSourcePo
olMetadataProviderConf
iguration:
      Did not match:
         - 
@ConditionalOnClass 
did not find required 
class 'org.apache.tomc
at.jdbc.pool.DataSourc
e' (OnClassCondition)

   DataSourceTransacti
onManagerAutoConfigura
tion.JdbcTransactionMa
nagerConfiguration#tra
nsactionManager:
      Did not match:
         - @Conditiona
lOnMissingBean 
(types: org.springfram
ework.transaction.Tran
sactionManager; 
SearchStrategy: all) 
found beans of type 'o
rg.springframework.tra
nsaction.TransactionMa
nager' 
transactionManager 
(OnBeanCondition)

   DatadogMetricsExpor
tAutoConfiguration:
      Did not match:
         - 
@ConditionalOnClass 
did not find required 
class 'io.micrometer.d
atadog.DatadogMeterReg
istry' 
(OnClassCondition)

   DevToolsDataSourceA
utoConfiguration:
      Did not match:
         - Devtools 
devtools is disabled 
for current context. (
OnEnabledDevToolsCondi
tion)
      Matched:
         - 
@ConditionalOnClass 
found required class '
javax.sql.DataSource' 
(OnClassCondition)

   DevToolsR2dbcAutoCo
nfiguration:
      Did not match:
         - 
@ConditionalOnClass 
did not find required 
class 'io.r2dbc.spi.Co
nnectionFactory' 
(OnClassCondition)

   DispatcherServletAu
toConfiguration.Dispat
cherServletConfigurati
on#multipartResolver:
      Did not match:
         - 
@ConditionalOnBean 
(types: org.springfram
ework.web.multipart.Mu
ltipartResolver; 
SearchStrategy: all) 
did not find any 
beans of type org.spri
ngframework.web.multip
art.MultipartResolver 
(OnBeanCondition)

   DynatraceMetricsExp
ortAutoConfiguration:
      Did not match:
         - 
@ConditionalOnClass 
did not find required 
class 'io.micrometer.d
ynatrace.DynatraceMete
rRegistry' 
(OnClassCondition)

   ElasticMetricsExpor
tAutoConfiguration:
      Did not match:
         - 
@ConditionalOnClass 
did not find required 
class 'io.micrometer.e
lastic.ElasticMeterReg
istry' 
(OnClassCondition)

   ElasticsearchClient
AutoConfiguration:
      Did not match:
         - 
@ConditionalOnClass 
did not find required 
class 'co.elastic.clie
nts.elasticsearch.Elas
ticsearchClient' 
(OnClassCondition)

   ElasticsearchDataAu
toConfiguration:
      Did not match:
         - 
@ConditionalOnClass 
did not find required 
class 'org.springframe
work.data.elasticsearc
h.client.elc.Elasticse
archTemplate' 
(OnClassCondition)

   ElasticsearchReacti
veHealthContributorAut
oConfiguration:
      Did not match:
         - 
@ConditionalOnClass 
did not find required 
class 'reactor.core.pu
blisher.Flux' 
(OnClassCondition)

   ElasticsearchReposi
toriesAutoConfiguratio
n:
      Did not match:
         - 
@ConditionalOnClass 
did not find required 
class 'org.springframe
work.data.elasticsearc
h.repository.Elasticse
archRepository' 
(OnClassCondition)

   ElasticsearchRestCl
ientAutoConfiguration:
      Did not match:
         - 
@ConditionalOnClass 
did not find required 
class 'org.elasticsear
ch.client.RestClientBu
ilder' 
(OnClassCondition)

   ElasticsearchRestHe
althContributorAutoCon
figuration:
      Did not match:
         - 
@ConditionalOnClass 
did not find required 
class 'org.elasticsear
ch.client.RestClient' 
(OnClassCondition)

   EmbeddedLdapAutoCon
figuration:
      Did not match:
         - 
@ConditionalOnClass 
did not find required 
class 'com.unboundid.l
dap.listener.InMemoryD
irectoryServer' 
(OnClassCondition)

   EmbeddedWebServerFa
ctoryCustomizerAutoCon
figuration:
      Did not match:
         - 
Application is 
deployed as a WAR 
file. (OnWarDeployment
Condition)
      Matched:
         - @Conditiona
lOnWebApplication 
(required) found 
'session' scope (OnWeb
ApplicationCondition)

   EnvironmentEndpoint
AutoConfiguration:
      Did not match:
         - @Conditiona
lOnAvailableEndpoint 
not exposed (OnAvailab
leEndpointCondition)

   ErrorWebFluxAutoCon
figuration:
      Did not match:
         - 
@ConditionalOnClass 
did not find required 
class 'org.springframe
work.web.reactive.conf
ig.WebFluxConfigurer' 
(OnClassCondition)

   FlywayAutoConfigura
tion.FlywayConfigurati
on#oracleFlywayConfigu
rationCustomizer:
      Did not match:
         - 
@ConditionalOnClass 
did not find required 
class 'org.flywaydb.da
tabase.oracle.OracleCo
nfigurationExtension' 
(OnClassCondition)

   FlywayAutoConfigura
tion.FlywayConfigurati
on#sqlServerFlywayConf
igurationCustomizer:
      Did not match:
         - 
@ConditionalOnClass 
did not find required 
class 'org.flywaydb.da
tabase.sqlserver.SQLSe
rverConfigurationExten
sion' 
(OnClassCondition)

   FlywayEndpointAutoC
onfiguration:
      Did not match:
         - @Conditiona
lOnAvailableEndpoint 
not exposed (OnAvailab
leEndpointCondition)
      Matched:
         - 
@ConditionalOnClass 
found required class '
org.flywaydb.core.Flyw
ay' (OnClassCondition)

   FreeMarkerAutoConfi
guration:
      Did not match:
         - 
@ConditionalOnClass 
did not find required 
class 'freemarker.temp
late.Configuration' 
(OnClassCondition)

   GangliaMetricsExpor
tAutoConfiguration:
      Did not match:
         - 
@ConditionalOnClass 
did not find required 
class 'io.micrometer.g
anglia.GangliaMeterReg
istry' 
(OnClassCondition)

   GraphQlAutoConfigur
ation:
      Did not match:
         - 
@ConditionalOnClass 
did not find required 
class 
'graphql.GraphQL' 
(OnClassCondition)

   GraphQlObservationA
utoConfiguration:
      Did not match:
         - 
@ConditionalOnClass 
did not find required 
class 
'graphql.GraphQL' 
(OnClassCondition)

   GraphQlQueryByExamp
leAutoConfiguration:
      Did not match:
         - 
@ConditionalOnClass 
did not find required 
class 
'graphql.GraphQL' 
(OnClassCondition)

   GraphQlQuerydslAuto
Configuration:
      Did not match:
         - 
@ConditionalOnClass 
did not find required 
class 'com.querydsl.co
re.Query' 
(OnClassCondition)

   GraphQlRSocketAutoC
onfiguration:
      Did not match:
         - 
@ConditionalOnClass 
did not find required 
class 
'graphql.GraphQL' 
(OnClassCondition)

   GraphQlReactiveQuer
yByExampleAutoConfigur
ation:
      Did not match:
         - 
@ConditionalOnClass 
did not find required 
class 
'graphql.GraphQL' 
(OnClassCondition)

   GraphQlReactiveQuer
ydslAutoConfiguration:
      Did not match:
         - 
@ConditionalOnClass 
did not find required 
class 'com.querydsl.co
re.Query' 
(OnClassCondition)

   GraphQlWebFluxAutoC
onfiguration:
      Did not match:
         - 
@ConditionalOnClass 
did not find required 
class 
'graphql.GraphQL' 
(OnClassCondition)

   GraphQlWebFluxSecur
ityAutoConfiguration:
      Did not match:
         - 
@ConditionalOnClass 
did not find required 
class 
'graphql.GraphQL' 
(OnClassCondition)

   GraphQlWebMvcAutoCo
nfiguration:
      Did not match:
         - 
@ConditionalOnClass 
did not find required 
class 
'graphql.GraphQL' 
(OnClassCondition)

   GraphQlWebMvcSecuri
tyAutoConfiguration:
      Did not match:
         - 
@ConditionalOnClass 
did not find required 
class 
'graphql.GraphQL' 
(OnClassCondition)

   GraphiteMetricsExpo
rtAutoConfiguration:
      Did not match:
         - 
@ConditionalOnClass 
did not find required 
class 'io.micrometer.g
raphite.GraphiteMeterR
egistry' 
(OnClassCondition)

   GroovyTemplateAutoC
onfiguration:
      Did not match:
         - 
@ConditionalOnClass 
did not find required 
class 'groovy.text.mar
kup.MarkupTemplateEngi
ne' (OnClassCondition)

   
GsonAutoConfiguration:
      Did not match:
         - 
@ConditionalOnClass 
did not find required 
class 'com.google.gson
.Gson' 
(OnClassCondition)

   GsonHttpMessageConv
ertersConfiguration:
      Did not match:
         - 
@ConditionalOnClass 
did not find required 
class 'com.google.gson
.Gson' 
(OnClassCondition)

   H2ConsoleAutoConfig
uration:
      Did not match:
         - 
@ConditionalOnClass 
did not find required 
class 'org.h2.server.w
eb.JakartaWebServlet' 
(OnClassCondition)

   HazelcastAutoConfig
uration:
      Did not match:
         - 
@ConditionalOnClass 
did not find required 
class 'com.hazelcast.c
ore.HazelcastInstance'
 (OnClassCondition)

   HazelcastCacheConfi
guration:
      Did not match:
         - 
@ConditionalOnClass 
did not find required 
class 'com.hazelcast.c
ore.HazelcastInstance'
 (OnClassCondition)

   HazelcastHealthCont
ributorAutoConfigurati
on:
      Did not match:
         - 
@ConditionalOnClass 
did not find required 
class 'com.hazelcast.c
ore.HazelcastInstance'
 (OnClassCondition)

   HazelcastJpaDepende
ncyAutoConfiguration:
      Did not match:
         - 
@ConditionalOnClass 
did not find required 
class 'com.hazelcast.c
ore.HazelcastInstance'
 (OnClassCondition)

   HealthEndpointReact
iveWebExtensionConfigu
ration:
      Did not match:
         - did not 
find reactive web 
application classes (O
nWebApplicationConditi
on)

   HealthEndpointWebEx
tensionConfiguration.J
erseyAdditionalHealthE
ndpointPathsConfigurat
ion:
      Did not match:
         - 
@ConditionalOnClass 
did not find required 
class 'org.glassfish.j
ersey.server.ResourceC
onfig' 
(OnClassCondition)

   HeapDumpWebEndpoint
AutoConfiguration:
      Did not match:
         - @Conditiona
lOnAvailableEndpoint 
not exposed (OnAvailab
leEndpointCondition)

   HibernateMetricsAut
oConfiguration:
      Did not match:
         - 
@ConditionalOnClass 
did not find required 
class 'org.hibernate.s
tat.HibernateMetrics' 
(OnClassCondition)

   HttpExchangesAutoCo
nfiguration:
      Did not match:
         - 
@ConditionalOnBean 
(types: org.springfram
ework.boot.actuate.web
.exchanges.HttpExchang
eRepository; 
SearchStrategy: all) 
did not find any 
beans of type org.spri
ngframework.boot.actua
te.web.exchanges.HttpE
xchangeRepository 
(OnBeanCondition)
      Matched:
         - @Conditiona
lOnWebApplication 
(required) found 
'session' scope (OnWeb
ApplicationCondition)
         - @Conditiona
lOnProperty (managemen
t.httpexchanges.record
ing.enabled) matched 
(OnPropertyCondition)

   HttpExchangesAutoCo
nfiguration.ReactiveHt
tpExchangesConfigurati
on:
      Did not match:
         - did not 
find reactive web 
application classes (O
nWebApplicationConditi
on)
         - Ancestor or
g.springframework.boot
.actuate.autoconfigure
.web.exchanges.HttpExc
hangesAutoConfiguratio
n did not match (Condi
tionEvaluationReport.A
ncestorsMatchedConditi
on)

   HttpExchangesAutoCo
nfiguration.ServletHtt
pExchangesConfiguratio
n:
      Did not match:
         - Ancestor or
g.springframework.boot
.actuate.autoconfigure
.web.exchanges.HttpExc
hangesAutoConfiguratio
n did not match (Condi
tionEvaluationReport.A
ncestorsMatchedConditi
on)
      Matched:
         - found 
'session' scope (OnWeb
ApplicationCondition)

   HttpExchangesEndpoi
ntAutoConfiguration:
      Did not match:
         - @Conditiona
lOnAvailableEndpoint 
not exposed (OnAvailab
leEndpointCondition)

   HttpHandlerAutoConf
iguration:
      Did not match:
         - 
@ConditionalOnClass 
did not find required 
class 'org.springframe
work.web.reactive.Disp
atcherHandler' 
(OnClassCondition)

   HumioMetricsExportA
utoConfiguration:
      Did not match:
         - 
@ConditionalOnClass 
did not find required 
class 'io.micrometer.h
umio.HumioMeterRegistr
y' (OnClassCondition)

   HypermediaAutoConfi
guration.HypermediaCon
figuration:
      Did not match:
         - @Conditiona
lOnMissingBean 
(types: org.springfram
ework.hateoas.client.L
inkDiscoverers; 
SearchStrategy: all) 
found beans of type 'o
rg.springframework.hat
eoas.client.LinkDiscov
erers' 
linkDiscoverers 
(OnBeanCondition)
      Matched:
         - 
@ConditionalOnClass 
found required class '
com.fasterxml.jackson.
databind.ObjectMapper'
 (OnClassCondition)

   InfinispanCacheConf
iguration:
      Did not match:
         - 
@ConditionalOnClass 
did not find required 
class 'org.infinispan.
spring.embedded.provid
er.SpringEmbeddedCache
Manager' 
(OnClassCondition)

   InfluxMetricsExport
AutoConfiguration:
      Did not match:
         - 
@ConditionalOnClass 
did not find required 
class 'io.micrometer.i
nflux.InfluxMeterRegis
try' 
(OnClassCondition)

   InfoContributorAuto
Configuration#buildInf
oContributor:
      Did not match:
         - @Conditiona
lOnSingleCandidate 
(types: org.springfram
ework.boot.info.BuildP
roperties; 
SearchStrategy: all) 
did not find any 
beans 
(OnBeanCondition)
      Matched:
         - @Conditiona
lOnEnabledInfoContribu
tor management.info.de
faults.enabled is 
considered true (OnEna
bledInfoContributorCon
dition)

   InfoContributorAuto
Configuration#envInfoC
ontributor:
      Did not match:
         - @Conditiona
lOnEnabledInfoContribu
tor management.info.en
v.enabled is not true 
(OnEnabledInfoContribu
torCondition)

   InfoContributorAuto
Configuration#gitInfoC
ontributor:
      Did not match:
         - @Conditiona
lOnSingleCandidate 
(types: org.springfram
ework.boot.info.GitPro
perties; 
SearchStrategy: all) 
did not find any 
beans 
(OnBeanCondition)
      Matched:
         - @Conditiona
lOnEnabledInfoContribu
tor management.info.de
faults.enabled is 
considered true (OnEna
bledInfoContributorCon
dition)

   InfoContributorAuto
Configuration#javaInfo
Contributor:
      Did not match:
         - @Conditiona
lOnEnabledInfoContribu
tor management.info.ja
va.enabled is not 
true (OnEnabledInfoCon
tributorCondition)

   InfoContributorAuto
Configuration#osInfoCo
ntributor:
      Did not match:
         - @Conditiona
lOnEnabledInfoContribu
tor management.info.os
.enabled is not true (
OnEnabledInfoContribut
orCondition)

   InfoContributorAuto
Configuration#processI
nfoContributor:
      Did not match:
         - @Conditiona
lOnEnabledInfoContribu
tor management.info.pr
ocess.enabled is not 
true (OnEnabledInfoCon
tributorCondition)

   InfoContributorAuto
Configuration#sslInfo:
      Did not match:
         - @Conditiona
lOnEnabledInfoContribu
tor management.info.ss
l.enabled is not true 
(OnEnabledInfoContribu
torCondition)
      Matched:
         - @Conditiona
lOnMissingBean 
(types: org.springfram
ework.boot.info.SslInf
o; SearchStrategy: 
all) did not find any 
beans 
(OnBeanCondition)

   InfoContributorAuto
Configuration#sslInfoC
ontributor:
      Did not match:
         - @Conditiona
lOnEnabledInfoContribu
tor management.info.ss
l.enabled is not true 
(OnEnabledInfoContribu
torCondition)

   InfoEndpointAutoCon
figuration:
      Did not match:
         - @Conditiona
lOnAvailableEndpoint 
not exposed (OnAvailab
leEndpointCondition)

   IntegrationAutoConf
iguration:
      Did not match:
         - 
@ConditionalOnClass 
did not find required 
class 'org.springframe
work.integration.confi
g.EnableIntegration' 
(OnClassCondition)

   IntegrationGraphEnd
pointAutoConfiguration
:
      Did not match:
         - 
@ConditionalOnClass 
did not find required 
class 'org.springframe
work.integration.graph
.IntegrationGraphServe
r' (OnClassCondition)

   JCacheCacheConfigur
ation:
      Did not match:
         - 
@ConditionalOnClass 
did not find required 
class 
'javax.cache.Caching' 
(OnClassCondition)

   JacksonHttpMessageC
onvertersConfiguration
.MappingJackson2XmlHtt
pMessageConverterConfi
guration:
      Did not match:
         - 
@ConditionalOnClass 
did not find required 
class 'com.fasterxml.j
ackson.dataformat.xml.
XmlMapper' 
(OnClassCondition)

   JdbcRepositoriesAut
oConfiguration:
      Did not match:
         - 
@ConditionalOnClass 
did not find required 
class 'org.springframe
work.data.jdbc.reposit
ory.config.AbstractJdb
cConfiguration' 
(OnClassCondition)

   JerseyAutoConfigura
tion:
      Did not match:
         - 
@ConditionalOnClass 
did not find required 
class 'org.glassfish.j
ersey.server.spring.Sp
ringComponentProvider'
 (OnClassCondition)

   JerseySameManagemen
tContextConfiguration:
      Did not match:
         - 
@ConditionalOnClass 
did not find required 
class 'org.glassfish.j
ersey.server.ResourceC
onfig' 
(OnClassCondition)

   JerseyServerMetrics
AutoConfiguration:
      Did not match:
         - 
@ConditionalOnClass 
did not find required 
class 'org.glassfish.j
ersey.micrometer.serve
r.ObservationApplicati
onEventListener' 
(OnClassCondition)

   JerseyWebEndpointMa
nagementContextConfigu
ration:
      Did not match:
         - 
@ConditionalOnClass 
did not find required 
class 'org.glassfish.j
ersey.server.ResourceC
onfig' 
(OnClassCondition)

   JettyMetricsAutoCon
figuration:
      Did not match:
         - 
@ConditionalOnClass 
did not find required 
class 'org.eclipse.jet
ty.server.Server' 
(OnClassCondition)

   
JmsAutoConfiguration:
      Did not match:
         - 
@ConditionalOnClass 
did not find required 
class 
'jakarta.jms.Message' 
(OnClassCondition)

   JmsHealthContributo
rAutoConfiguration:
      Did not match:
         - 
@ConditionalOnClass 
did not find required 
class 'jakarta.jms.Con
nectionFactory' 
(OnClassCondition)

   
JmxAutoConfiguration:
      Did not match:
         - @Conditiona
lOnProperty (spring.jm
x.enabled=true) found 
different value in 
property 'enabled' 
(OnPropertyCondition)
      Matched:
         - 
@ConditionalOnClass 
found required class '
org.springframework.jm
x.export.MBeanExporter
' (OnClassCondition)

   JmxEndpointAutoConf
iguration:
      Did not match:
         - @Conditiona
lOnProperty (spring.jm
x.enabled=true) found 
different value in 
property 'enabled' 
(OnPropertyCondition)

   JmxMetricsExportAut
oConfiguration:
      Did not match:
         - 
@ConditionalOnClass 
did not find required 
class 'io.micrometer.j
mx.JmxMeterRegistry' 
(OnClassCondition)

   JndiConnectionFacto
ryAutoConfiguration:
      Did not match:
         - 
@ConditionalOnClass 
did not find required 
class 'org.springframe
work.jms.core.JmsTempl
ate' 
(OnClassCondition)

   JndiDataSourceAutoC
onfiguration:
      Did not match:
         - @Conditiona
lOnProperty (spring.da
tasource.jndi-name) 
did not find property 
'jndi-name' 
(OnPropertyCondition)
      Matched:
         - 
@ConditionalOnClass 
found required 
classes 'javax.sql.Dat
aSource', 'org.springf
ramework.jdbc.datasour
ce.embedded.EmbeddedDa
tabaseType' 
(OnClassCondition)

   
JndiJtaConfiguration:
      Did not match:
         - 
@ConditionalOnJndi 
JNDI environment is 
not available 
(OnJndiCondition)
      Matched:
         - 
@ConditionalOnClass 
found required class '
org.springframework.tr
ansaction.jta.JtaTrans
actionManager' 
(OnClassCondition)

   
JooqAutoConfiguration:
      Did not match:
         - 
@ConditionalOnClass 
did not find required 
class 
'org.jooq.DSLContext' 
(OnClassCondition)

   JpaRepositoriesAuto
Configuration#entityMa
nagerFactoryBootstrapE
xecutorCustomizer:
      Did not match:
         - 
AnyNestedCondition 0 
matched 2 did not; 
NestedCondition on Jpa
RepositoriesAutoConfig
uration.BootstrapExecu
torCondition.LazyBoots
trapMode @ConditionalO
nProperty (spring.data
.jpa.repositories.boot
strap-mode=lazy) did 
not find property 
'bootstrap-mode'; 
NestedCondition on Jpa
RepositoriesAutoConfig
uration.BootstrapExecu
torCondition.DeferredB
ootstrapMode @Conditio
nalOnProperty (spring.
data.jpa.repositories.
bootstrap-mode=deferre
d) did not find 
property 
'bootstrap-mode' (JpaR
epositoriesAutoConfigu
ration.BootstrapExecut
orCondition)

   JsonbAutoConfigurat
ion:
      Did not match:
         - 
@ConditionalOnClass 
did not find required 
class 'jakarta.json.bi
nd.Jsonb' 
(OnClassCondition)

   JsonbHttpMessageCon
vertersConfiguration:
      Did not match:
         - 
@ConditionalOnClass 
did not find required 
class 'jakarta.json.bi
nd.Jsonb' 
(OnClassCondition)

   KafkaAutoConfigurat
ion:
      Did not match:
         - 
@ConditionalOnClass 
did not find required 
class 'org.springframe
work.kafka.core.KafkaT
emplate' 
(OnClassCondition)

   KafkaMetricsAutoCon
figuration:
      Did not match:
         - 
@ConditionalOnClass 
did not find required 
class 'org.springframe
work.kafka.core.Produc
erFactory' 
(OnClassCondition)

   KairosMetricsExport
AutoConfiguration:
      Did not match:
         - 
@ConditionalOnClass 
did not find required 
class 'io.micrometer.k
airos.KairosMeterRegis
try' 
(OnClassCondition)

   
LdapAutoConfiguration:
      Did not match:
         - 
@ConditionalOnClass 
did not find required 
class 'org.springframe
work.ldap.core.Context
Source' 
(OnClassCondition)

   LdapHealthContribut
orAutoConfiguration:
      Did not match:
         - 
@ConditionalOnClass 
did not find required 
class 'org.springframe
work.ldap.core.LdapOpe
rations' 
(OnClassCondition)

   LdapRepositoriesAut
oConfiguration:
      Did not match:
         - 
@ConditionalOnClass 
did not find required 
class 'org.springframe
work.data.ldap.reposit
ory.LdapRepository' 
(OnClassCondition)

   LettuceMetricsAutoC
onfiguration:
      Did not match:
         - 
@ConditionalOnClass 
did not find required 
class 'io.lettuce.core
.metrics.MicrometerCom
mandLatencyRecorder' 
(OnClassCondition)

   LiquibaseAutoConfig
uration:
      Did not match:
         - 
@ConditionalOnClass 
did not find required 
class 'liquibase.chang
e.DatabaseChange' 
(OnClassCondition)

   LiquibaseEndpointAu
toConfiguration:
      Did not match:
         - 
@ConditionalOnClass 
did not find required 
class 'liquibase.integ
ration.spring.SpringLi
quibase' 
(OnClassCondition)

   LocalDevToolsAutoCo
nfiguration:
      Did not match:
         - 
Initialized Restarter 
Condition initialized 
without URLs (OnInitia
lizedRestarterConditio
n)

   Log4J2MetricsAutoCo
nfiguration:
      Did not match:
         - 
@ConditionalOnClass 
did not find required 
class 'org.apache.logg
ing.log4j.core.LoggerC
ontext' 
(OnClassCondition)

   LogFileWebEndpointA
utoConfiguration:
      Did not match:
         - @Conditiona
lOnAvailableEndpoint 
not exposed (OnAvailab
leEndpointCondition)

   LoggersEndpointAuto
Configuration:
      Did not match:
         - @Conditiona
lOnAvailableEndpoint 
not exposed (OnAvailab
leEndpointCondition)

   MailHealthContribut
orAutoConfiguration:
      Did not match:
         - 
@ConditionalOnClass 
did not find required 
class 'org.springframe
work.mail.javamail.Jav
aMailSenderImpl' 
(OnClassCondition)

   MailSenderAutoConfi
guration:
      Did not match:
         - 
@ConditionalOnClass 
did not find required 
class 'jakarta.mail.in
ternet.MimeMessage' 
(OnClassCondition)

   MailSenderValidator
AutoConfiguration:
      Did not match:
         - @Conditiona
lOnSingleCandidate 
did not find required 
type 'org.springframew
ork.mail.javamail.Java
MailSenderImpl' 
(OnBeanCondition)

   ManagementContextAu
toConfiguration.Differ
entManagementContextCo
nfiguration:
      Did not match:
         - Management 
Port actual port type 
(SAME) did not match 
required type 
(DIFFERENT) (OnManagem
entPortCondition)

   ManagementWebSecuri
tyAutoConfiguration:
      Did not match:
         - 
AllNestedConditions 1 
matched 1 did not; 
NestedCondition on Def
aultWebSecurityConditi
on.Beans @ConditionalO
nMissingBean (types: o
rg.springframework.sec
urity.web.SecurityFilt
erChain; 
SearchStrategy: all) 
did not find any 
beans; 
NestedCondition on Def
aultWebSecurityConditi
on.Classes 
@ConditionalOnClass 
did not find required 
classes 'org.springfra
mework.security.web.Se
curityFilterChain', 'o
rg.springframework.sec
urity.config.annotatio
n.web.builders.HttpSec
urity' (DefaultWebSecu
rityCondition)
      Matched:
         - found 
'session' scope (OnWeb
ApplicationCondition)

   MappingsEndpointAut
oConfiguration:
      Did not match:
         - @Conditiona
lOnAvailableEndpoint 
not exposed (OnAvailab
leEndpointCondition)

   MessageSourceAutoCo
nfiguration:
      Did not match:
         - 
ResourceBundle did 
not find bundle with 
basename messages (Mes
sageSourceAutoConfigur
ation.ResourceBundleCo
ndition)

   MetricsAspectsAutoC
onfiguration:
      Did not match:
         - 
AnyNestedCondition 0 
matched 2 did not; 
NestedCondition on Met
ricsAspectsAutoConfigu
ration.ObservationAnno
tationsEnabledConditio
n.ManagementObservatio
nsEnabledCondition @Co
nditionalOnProperty (m
anagement.observations
.annotations.enabled=t
rue) did not find 
property 'enabled'; 
NestedCondition on Met
ricsAspectsAutoConfigu
ration.ObservationAnno
tationsEnabledConditio
n.MicrometerObservatio
nsEnabledCondition @Co
nditionalOnProperty (m
icrometer.observations
.annotations.enabled=t
rue) did not find 
property 'enabled' (Me
tricsAspectsAutoConfig
uration.ObservationAnn
otationsEnabledConditi
on)
      Matched:
         - 
@ConditionalOnClass 
found required 
classes 'io.micrometer
.core.instrument.Meter
Registry', 'org.aspect
j.weaver.Advice' 
(OnClassCondition)

   MetricsEndpointAuto
Configuration:
      Did not match:
         - @Conditiona
lOnAvailableEndpoint 
not exposed (OnAvailab
leEndpointCondition)
      Matched:
         - 
@ConditionalOnClass 
found required class '
io.micrometer.core.ann
otation.Timed' 
(OnClassCondition)

   MicrometerTracingAu
toConfiguration:
      Did not match:
         - 
@ConditionalOnClass 
did not find required 
class 'io.micrometer.t
racing.Tracer' 
(OnClassCondition)

   MongoAutoConfigurat
ion:
      Did not match:
         - 
@ConditionalOnClass 
did not find required 
class 'com.mongodb.cli
ent.MongoClient' 
(OnClassCondition)

   MongoDataAutoConfig
uration:
      Did not match:
         - 
@ConditionalOnClass 
did not find required 
class 'com.mongodb.cli
ent.MongoClient' 
(OnClassCondition)

   MongoHealthContribu
torAutoConfiguration:
      Did not match:
         - 
@ConditionalOnClass 
did not find required 
class 'org.springframe
work.data.mongodb.core
.MongoTemplate' 
(OnClassCondition)

   MongoMetricsAutoCon
figuration:
      Did not match:
         - 
@ConditionalOnClass 
did not find required 
class 'com.mongodb.Mon
goClientSettings' 
(OnClassCondition)

   MongoReactiveAutoCo
nfiguration:
      Did not match:
         - 
@ConditionalOnClass 
did not find required 
class 'com.mongodb.rea
ctivestreams.client.Mo
ngoClient' 
(OnClassCondition)

   MongoReactiveDataAu
toConfiguration:
      Did not match:
         - 
@ConditionalOnClass 
did not find required 
class 'com.mongodb.rea
ctivestreams.client.Mo
ngoClient' 
(OnClassCondition)

   MongoReactiveHealth
ContributorAutoConfigu
ration:
      Did not match:
         - 
@ConditionalOnClass 
did not find required 
class 'reactor.core.pu
blisher.Flux' 
(OnClassCondition)

   MongoReactiveReposi
toriesAutoConfiguratio
n:
      Did not match:
         - 
@ConditionalOnClass 
did not find required 
class 'com.mongodb.rea
ctivestreams.client.Mo
ngoClient' 
(OnClassCondition)

   MongoRepositoriesAu
toConfiguration:
      Did not match:
         - 
@ConditionalOnClass 
did not find required 
class 'com.mongodb.cli
ent.MongoClient' 
(OnClassCondition)

   MultipleOpenApiSupp
ortConfiguration:
      Did not match:
         - 
AnyNestedCondition 0 
matched 2 did not; 
NestedCondition on Mul
tipleOpenApiSupportCon
dition.OnActuatorDiffe
rentPort found 
non-matching nested 
conditions Management 
Port actual port type 
(SAME) did not match 
required type 
(DIFFERENT), @Conditio
nalOnProperty (springd
oc.show-actuator) did 
not find property 'spr
ingdoc.show-actuator';
 NestedCondition on Mu
ltipleOpenApiSupportCo
ndition.OnMultipleOpen
ApiSupportCondition 
AnyNestedCondition 0 
matched 3 did not; 
NestedCondition on Mul
tipleOpenApiGroupsCond
ition.OnListGroupedOpe
nApiBean 
@ConditionalOnBean 
(types: org.springdoc.
core.models.GroupedOpe
nApi; SearchStrategy: 
all) did not find any 
beans of type org.spri
ngdoc.core.models.Grou
pedOpenApi; 
NestedCondition on Mul
tipleOpenApiGroupsCond
ition.OnGroupConfigPro
perty @ConditionalOnPr
operty (springdoc.grou
p-configs[0].group) 
did not find property 
'springdoc.group-confi
gs[0].group'; 
NestedCondition on Mul
tipleOpenApiGroupsCond
ition.OnGroupedOpenApi
Bean 
@ConditionalOnBean 
(types: org.springdoc.
core.models.GroupedOpe
nApi; SearchStrategy: 
all) did not find any 
beans of type org.spri
ngdoc.core.models.Grou
pedOpenApi (MultipleOp
enApiSupportCondition)
      Matched:
         - found 
'session' scope (OnWeb
ApplicationCondition)
         - @Conditiona
lOnProperty (springdoc
.api-docs.enabled) 
matched 
(OnPropertyCondition)

   MultipleOpenApiSupp
ortConfiguration.Sprin
gDocWebMvcActuatorDiff
erentConfiguration:
      Did not match:
         - Management 
Port actual port type 
(SAME) did not match 
required type 
(DIFFERENT) (OnManagem
entPortCondition)
         - Ancestor or
g.springdoc.webmvc.cor
e.configuration.Multip
leOpenApiSupportConfig
uration did not match 
(ConditionEvaluationRe
port.AncestorsMatchedC
ondition)
      Matched:
         - 
@ConditionalOnClass 
found required class '
org.springframework.bo
ot.actuate.endpoint.we
b.servlet.WebMvcEndpoi
ntHandlerMapping' 
(OnClassCondition)

   MustacheAutoConfigu
ration:
      Did not match:
         - 
@ConditionalOnClass 
did not find required 
class 'com.samskivert.
mustache.Mustache' 
(OnClassCondition)

   Neo4jAutoConfigurat
ion:
      Did not match:
         - 
@ConditionalOnClass 
did not find required 
class 'org.neo4j.drive
r.Driver' 
(OnClassCondition)

   Neo4jDataAutoConfig
uration:
      Did not match:
         - 
@ConditionalOnClass 
did not find required 
class 'org.neo4j.drive
r.Driver' 
(OnClassCondition)

   Neo4jHealthContribu
torAutoConfiguration:
      Did not match:
         - 
@ConditionalOnClass 
did not find required 
class 'org.neo4j.drive
r.Driver' 
(OnClassCondition)

   Neo4jReactiveDataAu
toConfiguration:
      Did not match:
         - 
@ConditionalOnClass 
did not find required 
class 'org.neo4j.drive
r.Driver' 
(OnClassCondition)

   Neo4jReactiveReposi
toriesAutoConfiguratio
n:
      Did not match:
         - 
@ConditionalOnClass 
did not find required 
class 'org.neo4j.drive
r.Driver' 
(OnClassCondition)

   Neo4jRepositoriesAu
toConfiguration:
      Did not match:
         - 
@ConditionalOnClass 
did not find required 
class 'org.neo4j.drive
r.Driver' 
(OnClassCondition)

   NettyAutoConfigurat
ion:
      Did not match:
         - 
@ConditionalOnClass 
did not find required 
class 'io.netty.util.N
ettyRuntime' 
(OnClassCondition)

   NewRelicMetricsExpo
rtAutoConfiguration:
      Did not match:
         - 
@ConditionalOnClass 
did not find required 
class 'io.micrometer.n
ewrelic.NewRelicMeterR
egistry' 
(OnClassCondition)

   NoOpMeterRegistryCo
nfiguration:
      Did not match:
         - @Conditiona
lOnMissingBean 
(types: io.micrometer.
core.instrument.MeterR
egistry; 
SearchStrategy: all) 
found beans of type 'i
o.micrometer.core.inst
rument.MeterRegistry' 
simpleMeterRegistry 
(OnBeanCondition)

   NoopTracerAutoConfi
guration:
      Did not match:
         - 
@ConditionalOnClass 
did not find required 
class 'io.micrometer.t
racing.Tracer' 
(OnClassCondition)

   OAuth2Authorization
ServerAutoConfiguratio
n:
      Did not match:
         - 
@ConditionalOnClass 
did not find required 
class 'org.springframe
work.security.oauth2.s
erver.authorization.OA
uth2Authorization' 
(OnClassCondition)

   OAuth2Authorization
ServerJwtAutoConfigura
tion:
      Did not match:
         - 
@ConditionalOnClass 
did not find required 
class 'org.springframe
work.security.oauth2.s
erver.authorization.OA
uth2Authorization' 
(OnClassCondition)

   OAuth2ClientAutoCon
figuration:
      Did not match:
         - 
@ConditionalOnClass 
did not find required 
class 'org.springframe
work.security.config.a
nnotation.web.configur
ation.EnableWebSecurit
y' (OnClassCondition)

   OAuth2ResourceServe
rAutoConfiguration:
      Did not match:
         - 
@ConditionalOnClass 
did not find required 
class 'org.springframe
work.security.oauth2.s
erver.resource.authent
ication.BearerTokenAut
henticationToken' 
(OnClassCondition)

   ObservationAutoConf
iguration.MeterObserva
tionHandlerConfigurati
on.TracingAndMetricsOb
servationHandlerConfig
uration:
      Did not match:
         - 
@ConditionalOnBean 
did not find required 
type 'io.micrometer.tr
acing.Tracer' 
(OnBeanCondition)
         - 
@ConditionalOnBean 
(types: io.micrometer.
tracing.Tracer; 
SearchStrategy: all) 
did not find any 
beans of type io.micro
meter.tracing.Tracer 
(OnBeanCondition)

   ObservationAutoConf
iguration.MetricsWithT
racingConfiguration:
      Did not match:
         - 
@ConditionalOnClass 
did not find required 
class 'io.micrometer.t
racing.Tracer' 
(OnClassCondition)

   ObservationAutoConf
iguration.OnlyTracingC
onfiguration:
      Did not match:
         - 
@ConditionalOnClass 
did not find required 
class 'io.micrometer.t
racing.Tracer' 
(OnClassCondition)

   OpenTelemetryAutoCo
nfiguration:
      Did not match:
         - 
@ConditionalOnClass 
did not find required 
class 'io.opentelemetr
y.sdk.OpenTelemetrySdk
' (OnClassCondition)

   OpenTelemetryLoggin
gAutoConfiguration:
      Did not match:
         - 
@ConditionalOnClass 
did not find required 
class 'io.opentelemetr
y.api.OpenTelemetry' 
(OnClassCondition)

   OpenTelemetryTracin
gAutoConfiguration:
      Did not match:
         - 
@ConditionalOnClass 
did not find required 
class 'io.micrometer.t
racing.otel.bridge.Ote
lTracer' 
(OnClassCondition)

   OtlpLoggingAutoConf
iguration:
      Did not match:
         - 
@ConditionalOnClass 
did not find required 
class 'io.opentelemetr
y.api.OpenTelemetry' 
(OnClassCondition)

   OtlpMetricsExportAu
toConfiguration:
      Did not match:
         - 
@ConditionalOnClass 
did not find required 
class 'io.micrometer.r
egistry.otlp.OtlpMeter
Registry' 
(OnClassCondition)

   OtlpTracingAutoConf
iguration:
      Did not match:
         - 
@ConditionalOnClass 
did not find required 
class 'io.micrometer.t
racing.otel.bridge.Ote
lTracer' 
(OnClassCondition)

   ProjectInfoAutoConf
iguration#buildPropert
ies:
      Did not match:
         - @Conditiona
lOnResource did not 
find resource '${sprin
g.info.build.location:
classpath:META-INF/bui
ld-info.properties}' 
(OnResourceCondition)

   ProjectInfoAutoConf
iguration#gitPropertie
s:
      Did not match:
         - 
GitResource did not 
find git info at class
path:git.properties (P
rojectInfoAutoConfigur
ation.GitResourceAvail
ableCondition)

   PrometheusExemplars
AutoConfiguration:
      Did not match:
         - 
@ConditionalOnClass 
did not find required 
class 'io.micrometer.t
racing.Tracer' 
(OnClassCondition)

   PrometheusMetricsEx
portAutoConfiguration:
      Did not match:
         - 
@ConditionalOnClass 
did not find required 
class 'io.micrometer.p
rometheusmetrics.Prome
theusMeterRegistry' 
(OnClassCondition)

   PrometheusSimplecli
entExemplarsAutoConfig
uration:
      Did not match:
         - 
@ConditionalOnClass 
did not find required 
class 'io.micrometer.t
racing.Tracer' 
(OnClassCondition)

   PrometheusSimplecli
entMetricsExportAutoCo
nfiguration:
      Did not match:
         - 
@ConditionalOnClass 
did not find required 
class 'io.micrometer.p
rometheus.PrometheusMe
terRegistry' 
(OnClassCondition)

   PulsarAutoConfigura
tion:
      Did not match:
         - 
@ConditionalOnClass 
did not find required 
class 'org.apache.puls
ar.client.api.PulsarCl
ient' 
(OnClassCondition)

   PulsarReactiveAutoC
onfiguration:
      Did not match:
         - 
@ConditionalOnClass 
did not find required 
class 'org.apache.puls
ar.client.api.PulsarCl
ient' 
(OnClassCondition)

   QuartzAutoConfigura
tion:
      Did not match:
         - 
@ConditionalOnClass 
did not find required 
class 'org.quartz.Sche
duler' 
(OnClassCondition)

   QuartzEndpointAutoC
onfiguration:
      Did not match:
         - 
@ConditionalOnClass 
did not find required 
class 'org.quartz.Sche
duler' 
(OnClassCondition)

   R2dbcAutoConfigurat
ion:
      Did not match:
         - 
@ConditionalOnClass 
did not find required 
class 'io.r2dbc.spi.Co
nnectionFactory' 
(OnClassCondition)

   R2dbcDataAutoConfig
uration:
      Did not match:
         - 
@ConditionalOnClass 
did not find required 
class 'org.springframe
work.data.r2dbc.core.R
2dbcEntityTemplate' 
(OnClassCondition)

   R2dbcInitialization
Configuration:
      Did not match:
         - 
@ConditionalOnClass 
did not find required 
classes 'io.r2dbc.spi.
ConnectionFactory', 'o
rg.springframework.r2d
bc.connection.init.Dat
abasePopulator' 
(OnClassCondition)

   R2dbcObservationAut
oConfiguration:
      Did not match:
         - 
@ConditionalOnClass 
did not find required 
class 'io.r2dbc.proxy.
ProxyConnectionFactory
' (OnClassCondition)

   R2dbcProxyAutoConfi
guration:
      Did not match:
         - 
@ConditionalOnClass 
did not find required 
class 'io.r2dbc.proxy.
ProxyConnectionFactory
' (OnClassCondition)

   R2dbcRepositoriesAu
toConfiguration:
      Did not match:
         - 
@ConditionalOnClass 
did not find required 
class 'io.r2dbc.spi.Co
nnectionFactory' 
(OnClassCondition)

   R2dbcTransactionMan
agerAutoConfiguration:
      Did not match:
         - 
@ConditionalOnClass 
did not find required 
class 'org.springframe
work.r2dbc.connection.
R2dbcTransactionManage
r' (OnClassCondition)

   RSocketGraphQlClien
tAutoConfiguration:
      Did not match:
         - 
@ConditionalOnClass 
did not find required 
class 
'graphql.GraphQL' 
(OnClassCondition)

   RSocketMessagingAut
oConfiguration:
      Did not match:
         - 
@ConditionalOnClass 
did not find required 
class 
'io.rsocket.RSocket' 
(OnClassCondition)

   RSocketRequesterAut
oConfiguration:
      Did not match:
         - 
@ConditionalOnClass 
did not find required 
class 
'io.rsocket.RSocket' 
(OnClassCondition)

   RSocketSecurityAuto
Configuration:
      Did not match:
         - 
@ConditionalOnClass 
did not find required 
class 'org.springframe
work.security.rsocket.
core.SecuritySocketAcc
eptorInterceptor' 
(OnClassCondition)

   RSocketServerAutoCo
nfiguration:
      Did not match:
         - 
@ConditionalOnClass 
did not find required 
class 'io.rsocket.core
.RSocketServer' 
(OnClassCondition)

   RSocketStrategiesAu
toConfiguration:
      Did not match:
         - 
@ConditionalOnClass 
did not find required 
class 'io.netty.buffer
.PooledByteBufAllocato
r' (OnClassCondition)

   RabbitAutoConfigura
tion:
      Did not match:
         - 
@ConditionalOnClass 
did not find required 
class 'com.rabbitmq.cl
ient.Channel' 
(OnClassCondition)

   RabbitHealthContrib
utorAutoConfiguration:
      Did not match:
         - 
@ConditionalOnClass 
did not find required 
class 'org.springframe
work.amqp.rabbit.core.
RabbitTemplate' 
(OnClassCondition)

   RabbitMetricsAutoCo
nfiguration:
      Did not match:
         - 
@ConditionalOnClass 
did not find required 
class 'com.rabbitmq.cl
ient.ConnectionFactory
' (OnClassCondition)

   ReactiveCloudFoundr
yActuatorAutoConfigura
tion:
      Did not match:
         - @Conditiona
lOnWebApplication did 
not find reactive web 
application classes (O
nWebApplicationConditi
on)

   ReactiveElasticsear
chClientAutoConfigurat
ion:
      Did not match:
         - 
@ConditionalOnClass 
did not find required 
class 'co.elastic.clie
nts.transport.Elastics
earchTransport' 
(OnClassCondition)

   ReactiveElasticsear
chRepositoriesAutoConf
iguration:
      Did not match:
         - 
@ConditionalOnClass 
did not find required 
class 'reactor.core.pu
blisher.Mono' 
(OnClassCondition)

   ReactiveHealthEndpo
intConfiguration:
      Did not match:
         - 
@ConditionalOnClass 
did not find required 
class 'reactor.core.pu
blisher.Flux' 
(OnClassCondition)

   ReactiveManagementC
ontextAutoConfiguratio
n:
      Did not match:
         - 
@ConditionalOnClass 
did not find required 
class 'reactor.core.pu
blisher.Flux' 
(OnClassCondition)

   ReactiveManagementW
ebSecurityAutoConfigur
ation:
      Did not match:
         - 
@ConditionalOnClass 
did not find required 
class 'org.springframe
work.security.config.a
nnotation.web.reactive
.EnableWebFluxSecurity
' (OnClassCondition)

   ReactiveMultipartAu
toConfiguration:
      Did not match:
         - 
@ConditionalOnClass 
did not find required 
class 'org.springframe
work.web.reactive.conf
ig.WebFluxConfigurer' 
(OnClassCondition)

   ReactiveOAuth2Clien
tAutoConfiguration:
      Did not match:
         - 
@ConditionalOnClass 
did not find required 
class 'reactor.core.pu
blisher.Flux' 
(OnClassCondition)

   ReactiveOAuth2Resou
rceServerAutoConfigura
tion:
      Did not match:
         - 
@ConditionalOnClass 
did not find required 
class 'org.springframe
work.security.config.a
nnotation.web.reactive
.EnableWebFluxSecurity
' (OnClassCondition)

   ReactiveSecurityAut
oConfiguration:
      Did not match:
         - 
@ConditionalOnClass 
did not find required 
class 'reactor.core.pu
blisher.Flux' 
(OnClassCondition)

   ReactiveUserDetails
ServiceAutoConfigurati
on:
      Did not match:
         - 
@ConditionalOnClass 
did not find required 
class 'org.springframe
work.security.authenti
cation.ReactiveAuthent
icationManager' 
(OnClassCondition)

   ReactiveWebServerFa
ctoryAutoConfiguration
:
      Did not match:
         - @Conditiona
lOnWebApplication did 
not find reactive web 
application classes (O
nWebApplicationConditi
on)

   ReactorAutoConfigur
ation:
      Did not match:
         - 
@ConditionalOnClass 
did not find required 
class 'reactor.core.pu
blisher.Hooks' 
(OnClassCondition)

   RedisAutoConfigurat
ion:
      Did not match:
         - 
@ConditionalOnClass 
did not find required 
class 'org.springframe
work.data.redis.core.R
edisOperations' 
(OnClassCondition)

   RedisCacheConfigura
tion:
      Did not match:
         - 
@ConditionalOnClass 
did not find required 
class 'org.springframe
work.data.redis.connec
tion.RedisConnectionFa
ctory' 
(OnClassCondition)

   RedisHealthContribu
torAutoConfiguration:
      Did not match:
         - 
@ConditionalOnClass 
did not find required 
class 'org.springframe
work.data.redis.connec
tion.RedisConnectionFa
ctory' 
(OnClassCondition)

   RedisReactiveAutoCo
nfiguration:
      Did not match:
         - 
@ConditionalOnClass 
did not find required 
class 'reactor.core.pu
blisher.Flux' 
(OnClassCondition)

   RedisReactiveHealth
ContributorAutoConfigu
ration:
      Did not match:
         - 
@ConditionalOnClass 
did not find required 
class 'reactor.core.pu
blisher.Flux' 
(OnClassCondition)

   RedisRepositoriesAu
toConfiguration:
      Did not match:
         - 
@ConditionalOnClass 
did not find required 
class 'org.springframe
work.data.redis.reposi
tory.configuration.Ena
bleRedisRepositories' 
(OnClassCondition)

   RemoteDevToolsAutoC
onfiguration:
      Did not match:
         - @Conditiona
lOnProperty (spring.de
vtools.remote.secret) 
did not find property 
'secret' 
(OnPropertyCondition)
      Matched:
         - 
@ConditionalOnClass 
found required 
classes 'jakarta.servl
et.Filter', 'org.sprin
gframework.http.server
.ServerHttpRequest' 
(OnClassCondition)

   Saml2RelyingPartyAu
toConfiguration:
      Did not match:
         - 
@ConditionalOnClass 
did not find required 
class 'org.springframe
work.security.saml2.pr
ovider.service.registr
ation.RelyingPartyRegi
strationRepository' 
(OnClassCondition)

   SbomEndpointAutoCon
figuration:
      Did not match:
         - @Conditiona
lOnAvailableEndpoint 
not exposed (OnAvailab
leEndpointCondition)

   ScheduledTasksEndpo
intAutoConfiguration:
      Did not match:
         - @Conditiona
lOnAvailableEndpoint 
not exposed (OnAvailab
leEndpointCondition)

   SecurityAutoConfigu
ration:
      Did not match:
         - 
@ConditionalOnClass 
did not find required 
class 'org.springframe
work.security.authenti
cation.DefaultAuthenti
cationEventPublisher' 
(OnClassCondition)

   SecurityFilterAutoC
onfiguration:
      Did not match:
         - 
@ConditionalOnClass 
did not find required 
class 'org.springframe
work.security.config.h
ttp.SessionCreationPol
icy' 
(OnClassCondition)

   SecurityRequestMatc
hersManagementContextC
onfiguration:
      Did not match:
         - 
@ConditionalOnClass 
did not find required 
class 'org.springframe
work.security.web.util
.matcher.RequestMatche
r' (OnClassCondition)

   SendGridAutoConfigu
ration:
      Did not match:
         - 
@ConditionalOnClass 
did not find required 
class 'com.sendgrid.Se
ndGrid' 
(OnClassCondition)

   ServletEndpointMana
gementContextConfigura
tion.JerseyServletEndp
ointManagementContextC
onfiguration:
      Did not match:
         - 
@ConditionalOnClass 
did not find required 
class 'org.glassfish.j
ersey.server.ResourceC
onfig' 
(OnClassCondition)

   ServletManagementCo
ntextAutoConfiguration
.ApplicationContextFil
terConfiguration:
      Did not match:
         - @Conditiona
lOnProperty (managemen
t.server.add-applicati
on-context-header=true
) did not find 
property 'add-applicat
ion-context-header' 
(OnPropertyCondition)

   ServletWebServerFac
toryAutoConfiguration.
ForwardedHeaderFilterC
onfiguration:
      Did not match:
         - @Conditiona
lOnProperty (server.fo
rward-headers-strategy
=framework) did not 
find property 'server.
forward-headers-strate
gy' 
(OnPropertyCondition)

   ServletWebServerFac
toryConfiguration.Embe
ddedJetty:
      Did not match:
         - 
@ConditionalOnClass 
did not find required 
classes 'org.eclipse.j
etty.server.Server', '
org.eclipse.jetty.util
.Loader', 'org.eclipse
.jetty.ee10.webapp.Web
AppContext' 
(OnClassCondition)

   ServletWebServerFac
toryConfiguration.Embe
ddedUndertow:
      Did not match:
         - 
@ConditionalOnClass 
did not find required 
classes 'io.undertow.U
ndertow', 'org.xnio.Ss
lClientAuthMode' 
(OnClassCondition)

   SessionAutoConfigur
ation:
      Did not match:
         - 
@ConditionalOnClass 
did not find required 
class 'org.springframe
work.session.Session' 
(OnClassCondition)

   SessionsEndpointAut
oConfiguration:
      Did not match:
         - 
@ConditionalOnClass 
did not find required 
class 'org.springframe
work.session.Session' 
(OnClassCondition)

   ShutdownEndpointAut
oConfiguration:
      Did not match:
         - @Conditiona
lOnAvailableEndpoint 
the configured access 
for endpoint 
'shutdown' is NONE (On
AvailableEndpointCondi
tion)

   SignalFxMetricsExpo
rtAutoConfiguration:
      Did not match:
         - 
@ConditionalOnClass 
did not find required 
class 'io.micrometer.s
ignalfx.SignalFxMeterR
egistry' 
(OnClassCondition)

   SpringApplicationAd
minJmxAutoConfiguratio
n:
      Did not match:
         - @Conditiona
lOnProperty (spring.ap
plication.admin.enable
d=true) did not find 
property 'enabled' 
(OnPropertyCondition)

   SpringDataWebAutoCo
nfiguration:
      Did not match:
         - @Conditiona
lOnMissingBean 
(types: org.springfram
ework.data.web.Pageabl
eHandlerMethodArgument
Resolver; 
SearchStrategy: all) 
found beans of type 'o
rg.springframework.dat
a.web.PageableHandlerM
ethodArgumentResolver'
 pageableResolver 
(OnBeanCondition)
      Matched:
         - 
@ConditionalOnClass 
found required 
classes 'org.springfra
mework.data.web.Pageab
leHandlerMethodArgumen
tResolver', 'org.sprin
gframework.web.servlet
.config.annotation.Web
MvcConfigurer' 
(OnClassCondition)
         - found 
'session' scope (OnWeb
ApplicationCondition)

   SpringDocConfigurat
ion#propertiesResolver
ForSchema:
      Did not match:
         - @Conditiona
lOnProperty (springdoc
.api-docs.resolve-sche
ma-properties) did 
not find property 'spr
ingdoc.api-docs.resolv
e-schema-properties' 
(OnPropertyCondition)

   SpringDocConfigurat
ion#propertyCustomizin
gConverter:
      Did not match:
         - 
@ConditionalOnBean 
(types: org.springdoc.
core.customizers.Prope
rtyCustomizer; 
SearchStrategy: all) 
did not find any 
beans of type org.spri
ngdoc.core.customizers
.PropertyCustomizer 
(OnBeanCondition)

   SpringDocConfigurat
ion#springdocBeanFacto
ryPostProcessor:
      Did not match:
         - 
AnyNestedCondition 0 
matched 2 did not; 
NestedCondition on Cac
heOrGroupedOpenApiCond
ition.OnCacheDisabled 
found non-matching 
nested conditions @Con
ditionalOnProperty (sp
ringdoc.cache.disabled
) did not find 
property 'springdoc.ca
che.disabled'; 
NestedCondition on Cac
heOrGroupedOpenApiCond
ition.OnMultipleOpenAp
iSupportCondition 
AnyNestedCondition 0 
matched 2 did not; 
NestedCondition on Mul
tipleOpenApiSupportCon
dition.OnActuatorDiffe
rentPort found 
non-matching nested 
conditions Management 
Port actual port type 
(SAME) did not match 
required type 
(DIFFERENT), @Conditio
nalOnProperty (springd
oc.show-actuator) did 
not find property 'spr
ingdoc.show-actuator';
 NestedCondition on Mu
ltipleOpenApiSupportCo
ndition.OnMultipleOpen
ApiSupportCondition 
AnyNestedCondition 0 
matched 3 did not; 
NestedCondition on Mul
tipleOpenApiGroupsCond
ition.OnListGroupedOpe
nApiBean 
@ConditionalOnBean 
(types: org.springdoc.
core.models.GroupedOpe
nApi; SearchStrategy: 
all) did not find any 
beans of type org.spri
ngdoc.core.models.Grou
pedOpenApi; 
NestedCondition on Mul
tipleOpenApiGroupsCond
ition.OnGroupConfigPro
perty @ConditionalOnPr
operty (springdoc.grou
p-configs[0].group) 
did not find property 
'springdoc.group-confi
gs[0].group'; 
NestedCondition on Mul
tipleOpenApiGroupsCond
ition.OnGroupedOpenApi
Bean 
@ConditionalOnBean 
(types: org.springdoc.
core.models.GroupedOpe
nApi; SearchStrategy: 
all) did not find any 
beans of type org.spri
ngdoc.core.models.Grou
pedOpenApi (CacheOrGro
upedOpenApiCondition)
      Matched:
         - 
@ConditionalOnClass 
found required class '
org.springframework.bo
ot.context.properties.
bind.BindResult' 
(OnClassCondition)

   SpringDocConfigurat
ion#springdocBeanFacto
ryPostProcessor2:
      Did not match:
         - @Conditiona
lOnMissingClass found 
unwanted class 'org.sp
ringframework.boot.con
text.properties.bind.B
indResult' 
(OnClassCondition)

   SpringDocConfigurat
ion.SpringDocActuatorC
onfiguration:
      Did not match:
         - @Conditiona
lOnProperty (springdoc
.show-actuator) did 
not find property 'spr
ingdoc.show-actuator' 
(OnPropertyCondition)
      Matched:
         - 
@ConditionalOnClass 
found required class '
org.springframework.bo
ot.actuate.autoconfigu
re.endpoint.web.WebEnd
pointProperties' 
(OnClassCondition)

   SpringDocConfigurat
ion.SpringDocWebFluxSu
pportConfiguration:
      Did not match:
         - 
@ConditionalOnClass 
did not find required 
class 'reactor.core.pu
blisher.Flux' 
(OnClassCondition)

   SpringDocFunctionCa
talogConfiguration:
      Did not match:
         - 
@ConditionalOnClass 
did not find required 
class 'org.springframe
work.cloud.function.we
b.function.FunctionEnd
pointInitializer' 
(OnClassCondition)

   SpringDocGroovyConf
iguration:
      Did not match:
         - 
@ConditionalOnClass 
did not find required 
class 'groovy.lang.Met
aClass' 
(OnClassCondition)

   SpringDocHateoasCon
figuration#hateoasHalP
rovider:
      Did not match:
         - @Conditiona
lOnMissingBean 
(types: org.springdoc.
core.providers.Hateoas
HalProvider; 
SearchStrategy: all) 
found beans of type 'o
rg.springdoc.core.prov
iders.HateoasHalProvid
er' halProvider 
(OnBeanCondition)

   SpringDocJacksonKot
linModuleConfiguration
:
      Did not match:
         - 
@ConditionalOnClass 
did not find required 
class 'com.fasterxml.j
ackson.module.kotlin.K
otlinModule' 
(OnClassCondition)

   SpringDocJavadocCon
figuration:
      Did not match:
         - 
@ConditionalOnClass 
did not find required 
class 'com.github.ther
api.runtimejavadoc.Com
mentFormatter' 
(OnClassCondition)

   SpringDocKotlinConf
iguration:
      Did not match:
         - 
@ConditionalOnClass 
did not find required 
class 'kotlin.coroutin
es.Continuation' 
(OnClassCondition)

   SpringDocKotlinxCon
figuration:
      Did not match:
         - 
@ConditionalOnClass 
did not find required 
class 'kotlinx.corouti
nes.flow.Flow' 
(OnClassCondition)

   SpringDocSecurityCo
nfiguration:
      Did not match:
         - 
@ConditionalOnClass 
did not find required 
class 'org.springframe
work.security.web.Secu
rityFilterChain' 
(OnClassCondition)

   SpringDocSortConfig
uration#dataRestDelega
tingMethodParameterCus
tomizer:
      Did not match:
         - @Conditiona
lOnMissingBean 
(types: org.springdoc.
core.customizers.DataR
estDelegatingMethodPar
ameterCustomizer; 
SearchStrategy: all) 
found beans of type 'o
rg.springdoc.core.cust
omizers.DataRestDelega
tingMethodParameterCus
tomizer' dataRestDeleg
atingMethodParameterCu
stomizer 
(OnBeanCondition)

   SpringDocWebMvcConf
iguration.SpringDocWeb
MvcActuatorConfigurati
on#actuatorProvider:
      Did not match:
         - @Conditiona
lOnExpression (#{${spr
ingdoc.show-actuator:f
alse} or ${springdoc.u
se-management-port:fal
se}}) resulted in 
false (OnExpressionCon
dition)

   SpringDocWebMvcConf
iguration.SpringDocWeb
MvcActuatorConfigurati
on#openApiActuatorReso
urce:
      Did not match:
         - @Conditiona
lOnExpression (#{${spr
ingdoc.use-management-
port:false} and ${spri
ngdoc.enable-default-a
pi-docs:true}}) 
resulted in false (OnE
xpressionCondition)

   StackdriverMetricsE
xportAutoConfiguration
:
      Did not match:
         - 
@ConditionalOnClass 
did not find required 
class 'io.micrometer.s
tackdriver.Stackdriver
MeterRegistry' 
(OnClassCondition)

   StartupEndpointAuto
Configuration:
      Did not match:
         - 
ApplicationStartup 
configured 
applicationStartup is 
of type class org.spri
ngframework.core.metri
cs.DefaultApplicationS
tartup, expected Buffe
ringApplicationStartup
. (StartupEndpointAuto
Configuration.Applicat
ionStartupCondition)

   StatsdMetricsExport
AutoConfiguration:
      Did not match:
         - 
@ConditionalOnClass 
did not find required 
class 'io.micrometer.s
tatsd.StatsdMeterRegis
try' 
(OnClassCondition)

   SwaggerConfig#sprin
gWebProvider:
      Did not match:
         - @Conditiona
lOnMissingBean 
(types: org.springdoc.
core.providers.SpringW
ebProvider; 
SearchStrategy: all) 
found beans of type 'o
rg.springdoc.core.prov
iders.SpringWebProvide
r' springWebProvider 
(OnBeanCondition)

   SwaggerConfig#swagg
erUiHome:
      Did not match:
         - @Conditiona
lOnProperty (springdoc
.swagger-ui.use-root-p
ath=true) did not 
find property 'springd
oc.swagger-ui.use-root
-path' 
(OnPropertyCondition)

   SwaggerConfig.Swagg
erActuatorWelcomeConfi
guration:
      Did not match:
         - @Conditiona
lOnProperty (springdoc
.use-management-port) 
did not find property 
'springdoc.use-managem
ent-port' 
(OnPropertyCondition)
      Matched:
         - 
@ConditionalOnClass 
found required class '
org.springframework.bo
ot.actuate.endpoint.we
b.servlet.WebMvcEndpoi
ntHandlerMapping' 
(OnClassCondition)

   TaskExecutorConfigu
rations.SimpleAsyncTas
kExecutorBuilderConfig
uration#simpleAsyncTas
kExecutorBuilderVirtua
lThreads:
      Did not match:
         - @Conditiona
lOnMissingBean 
(types: org.springfram
ework.boot.task.Simple
AsyncTaskExecutorBuild
er; SearchStrategy: 
all) found beans of 
type 'org.springframew
ork.boot.task.SimpleAs
yncTaskExecutorBuilder
' simpleAsyncTaskExecu
torBuilder 
(OnBeanCondition)

   TaskExecutorConfigu
rations.TaskExecutorCo
nfiguration#applicatio
nTaskExecutorVirtualTh
reads:
      Did not match:
         - @Conditiona
lOnThreading did not 
find VIRTUAL 
(OnThreadingCondition)

   TaskSchedulingAutoC
onfiguration#scheduled
BeanLazyInitialization
ExcludeFilter:
      Did not match:
         - 
@ConditionalOnBean 
(names: org.springfram
ework.context.annotati
on.internalScheduledAn
notationProcessor; 
SearchStrategy: all) 
did not find any 
beans named org.spring
framework.context.anno
tation.internalSchedul
edAnnotationProcessor 
(OnBeanCondition)

   TaskSchedulingConfi
gurations.SimpleAsyncT
askSchedulerBuilderCon
figuration#simpleAsync
TaskSchedulerBuilderVi
rtualThreads:
      Did not match:
         - @Conditiona
lOnMissingBean 
(types: org.springfram
ework.boot.task.Simple
AsyncTaskSchedulerBuil
der; SearchStrategy: 
all) found beans of 
type 'org.springframew
ork.boot.task.SimpleAs
yncTaskSchedulerBuilde
r' simpleAsyncTaskSche
dulerBuilder 
(OnBeanCondition)

   TaskSchedulingConfi
gurations.TaskSchedule
rConfiguration:
      Did not match:
         - 
@ConditionalOnBean 
(names: org.springfram
ework.context.annotati
on.internalScheduledAn
notationProcessor; 
SearchStrategy: all) 
did not find any 
beans named org.spring
framework.context.anno
tation.internalSchedul
edAnnotationProcessor 
(OnBeanCondition)

   ThreadDumpEndpointA
utoConfiguration:
      Did not match:
         - @Conditiona
lOnAvailableEndpoint 
not exposed (OnAvailab
leEndpointCondition)

   ThymeleafAutoConfig
uration:
      Did not match:
         - 
@ConditionalOnClass 
did not find required 
class 'org.thymeleaf.s
pring6.SpringTemplateE
ngine' 
(OnClassCondition)

   TransactionAutoConf
iguration#transactiona
lOperator:
      Did not match:
         - @Conditiona
lOnSingleCandidate 
(types: org.springfram
ework.transaction.Reac
tiveTransactionManager
; SearchStrategy: 
all) did not find any 
beans 
(OnBeanCondition)

   TransactionAutoConf
iguration.AspectJTrans
actionManagementConfig
uration:
      Did not match:
         - 
@ConditionalOnBean 
(types: org.springfram
ework.transaction.aspe
ctj.AbstractTransactio
nAspect; 
SearchStrategy: all) 
did not find any 
beans of type org.spri
ngframework.transactio
n.aspectj.AbstractTran
sactionAspect 
(OnBeanCondition)

   TransactionAutoConf
iguration.EnableTransa
ctionManagementConfigu
ration.JdkDynamicAutoP
roxyConfiguration:
      Did not match:
         - @Conditiona
lOnProperty (spring.ao
p.proxy-target-class=f
alse) did not find 
property 
'proxy-target-class' 
(OnPropertyCondition)

   UserDetailsServiceA
utoConfiguration:
      Did not match:
         - 
@ConditionalOnClass 
did not find required 
class 'org.springframe
work.security.authenti
cation.AuthenticationM
anager' 
(OnClassCondition)

   ValidationAutoConfi
guration:
      Did not match:
         - @Conditiona
lOnResource did not 
find resource 'classpa
th:META-INF/services/j
akarta.validation.spi.
ValidationProvider' 
(OnResourceCondition)
      Matched:
         - 
@ConditionalOnClass 
found required class '
jakarta.validation.exe
cutable.ExecutableVali
dator' 
(OnClassCondition)

   WavefrontAutoConfig
uration:
      Did not match:
         - 
@ConditionalOnClass 
did not find required 
class 'com.wavefront.s
dk.common.application.
ApplicationTags' 
(OnClassCondition)

   WavefrontMetricsExp
ortAutoConfiguration:
      Did not match:
         - 
@ConditionalOnClass 
did not find required 
class 'com.wavefront.s
dk.common.WavefrontSen
der' 
(OnClassCondition)

   WavefrontTracingAut
oConfiguration:
      Did not match:
         - 
@ConditionalOnClass 
did not find required 
class 'com.wavefront.s
dk.common.WavefrontSen
der' 
(OnClassCondition)

   WebClientAutoConfig
uration:
2026-01-14T15:52:26.642-03:00  INFO 10252 --- [rpgzume] [           main] .s.b.a.l.ConditionEvaluationReportLogger : 

Error starting ApplicationContext. To display the condition evaluation report re-run your application with 'debug' enabled.
2026-01-14T15:52:26.702-03:00 ERROR 10252 --- [rpgzume] [           main] o.s.boot.SpringApplication               : Application run failed

org.springframework.beans.factory.BeanCreationException: Error creating bean with name 'entityManagerFactory' defined in class path resource [org/springframework/boot/autoconfigure/orm/jpa/HibernateJpaConfiguration.class]: Failed to initialize dependency 'flywayInitializer' of LoadTimeWeaverAware bean 'entityManagerFactory': Error creating bean with name 'flywayInitializer' defined in class path resource [org/springframework/boot/autoconfigure/flyway/FlywayAutoConfiguration$FlywayConfiguration.class]: Unable to obtain connection from database: FATAL: autentica??o do tipo senha falhou para o usu?rio "postgres"
-------------------------------------------------------------------------------------------------------------
SQL State  : 28P01
Error Code : 0
Message    : FATAL: autentica??o do tipo senha falhou para o usu?rio "postgres"

	at org.springframework.beans.factory.support.AbstractBeanFactory.doGetBean(AbstractBeanFactory.java:325) ~[spring-beans-6.2.0.jar:6.2.0]
	at org.springframework.beans.factory.support.AbstractBeanFactory.getBean(AbstractBeanFactory.java:204) ~[spring-beans-6.2.0.jar:6.2.0]
	at org.springframework.context.support.AbstractApplicationContext.finishBeanFactoryInitialization(AbstractApplicationContext.java:970) ~[spring-context-6.2.0.jar:6.2.0]
	at org.springframework.context.support.AbstractApplicationContext.refresh(AbstractApplicationContext.java:627) ~[spring-context-6.2.0.jar:6.2.0]
	at org.springframework.boot.SpringApplication.refresh(SpringApplication.java:752) ~[spring-boot-3.4.0.jar:3.4.0]
	at org.springframework.boot.SpringApplication.refreshContext(SpringApplication.java:439) ~[spring-boot-3.4.0.jar:3.4.0]
	at org.springframework.boot.SpringApplication.run(SpringApplication.java:318) ~[spring-boot-3.4.0.jar:3.4.0]
	at org.springframework.boot.test.context.SpringBootContextLoader.lambda$loadContext$3(SpringBootContextLoader.java:137) ~[spring-boot-test-3.4.0.jar:3.4.0]
	at org.springframework.util.function.ThrowingSupplier.get(ThrowingSupplier.java:58) ~[spring-core-6.2.0.jar:6.2.0]
	at org.springframework.util.function.ThrowingSupplier.get(ThrowingSupplier.java:46) ~[spring-core-6.2.0.jar:6.2.0]
	at org.springframework.boot.SpringApplication.withHook(SpringApplication.java:1461) ~[spring-boot-3.4.0.jar:3.4.0]
	at org.springframework.boot.test.context.SpringBootContextLoader$ContextLoaderHook.run(SpringBootContextLoader.java:553) ~[spring-boot-test-3.4.0.jar:3.4.0]
	at org.springframework.boot.test.context.SpringBootContextLoader.loadContext(SpringBootContextLoader.java:137) ~[spring-boot-test-3.4.0.jar:3.4.0]
	at org.springframework.boot.test.context.SpringBootContextLoader.loadContext(SpringBootContextLoader.java:108) ~[spring-boot-test-3.4.0.jar:3.4.0]
	at org.springframework.test.context.cache.DefaultCacheAwareContextLoaderDelegate.loadContextInternal(DefaultCacheAwareContextLoaderDelegate.java:225) ~[spring-test-6.2.0.jar:6.2.0]
	at org.springframework.test.context.cache.DefaultCacheAwareContextLoaderDelegate.loadContext(DefaultCacheAwareContextLoaderDelegate.java:152) ~[spring-test-6.2.0.jar:6.2.0]
	at org.springframework.test.context.support.DefaultTestContext.getApplicationContext(DefaultTestContext.java:130) ~[spring-test-6.2.0.jar:6.2.0]
	at org.springframework.test.context.web.ServletTestExecutionListener.setUpRequestContextIfNecessary(ServletTestExecutionListener.java:191) ~[spring-test-6.2.0.jar:6.2.0]
	at org.springframework.test.context.web.ServletTestExecutionListener.prepareTestInstance(ServletTestExecutionListener.java:130) ~[spring-test-6.2.0.jar:6.2.0]
	at org.springframework.test.context.TestContextManager.prepareTestInstance(TestContextManager.java:260) ~[spring-test-6.2.0.jar:6.2.0]
	at org.springframework.test.context.junit.jupiter.SpringExtension.postProcessTestInstance(SpringExtension.java:160) ~[spring-test-6.2.0.jar:6.2.0]
	at org.junit.jupiter.engine.descriptor.ClassBasedTestDescriptor.lambda$invokeTestInstancePostProcessors$11(ClassBasedTestDescriptor.java:378) ~[junit-jupiter-engine-5.11.3.jar:5.11.3]
	at org.junit.jupiter.engine.descriptor.ClassBasedTestDescriptor.executeAndMaskThrowable(ClassBasedTestDescriptor.java:383) ~[junit-jupiter-engine-5.11.3.jar:5.11.3]
	at org.junit.jupiter.engine.descriptor.ClassBasedTestDescriptor.lambda$invokeTestInstancePostProcessors$12(ClassBasedTestDescriptor.java:378) ~[junit-jupiter-engine-5.11.3.jar:5.11.3]
	at java.base/java.util.stream.ForEachOps$ForEachOp$OfRef.accept(ForEachOps.java:183) ~[na:na]
	at java.base/java.util.stream.ReferencePipeline$3$1.accept(ReferencePipeline.java:197) ~[na:na]
	at java.base/java.util.stream.ReferencePipeline$2$1.accept(ReferencePipeline.java:179) ~[na:na]
	at java.base/java.util.stream.ReferencePipeline$3$1.accept(ReferencePipeline.java:197) ~[na:na]
	at java.base/java.util.ArrayList$ArrayListSpliterator.forEachRemaining(ArrayList.java:1625) ~[na:na]
	at java.base/java.util.stream.AbstractPipeline.copyInto(AbstractPipeline.java:509) ~[na:na]
	at java.base/java.util.stream.AbstractPipeline.wrapAndCopyInto(AbstractPipeline.java:499) ~[na:na]
	at java.base/java.util.stream.ForEachOps$ForEachOp.evaluateSequential(ForEachOps.java:150) ~[na:na]
	at java.base/java.util.stream.ForEachOps$ForEachOp$OfRef.evaluateSequential(ForEachOps.java:173) ~[na:na]
	at java.base/java.util.stream.AbstractPipeline.evaluate(AbstractPipeline.java:234) ~[na:na]
	at java.base/java.util.stream.ReferencePipeline.forEach(ReferencePipeline.java:596) ~[na:na]
	at org.junit.jupiter.engine.descriptor.ClassBasedTestDescriptor.invokeTestInstancePostProcessors(ClassBasedTestDescriptor.java:377) ~[junit-jupiter-engine-5.11.3.jar:5.11.3]
	at org.junit.jupiter.engine.descriptor.ClassBasedTestDescriptor.lambda$instantiateAndPostProcessTestInstance$7(ClassBasedTestDescriptor.java:290) ~[junit-jupiter-engine-5.11.3.jar:5.11.3]
	at org.junit.platform.engine.support.hierarchical.ThrowableCollector.execute(ThrowableCollector.java:73) ~[junit-platform-engine-1.11.3.jar:1.11.3]
	at org.junit.jupiter.engine.descriptor.ClassBasedTestDescriptor.instantiateAndPostProcessTestInstance(ClassBasedTestDescriptor.java:289) ~[junit-jupiter-engine-5.11.3.jar:5.11.3]
	at org.junit.jupiter.engine.descriptor.ClassBasedTestDescriptor.lambda$testInstancesProvider$5(ClassBasedTestDescriptor.java:279) ~[junit-jupiter-engine-5.11.3.jar:5.11.3]
	at java.base/java.util.Optional.orElseGet(Optional.java:364) ~[na:na]
	at org.junit.jupiter.engine.descriptor.ClassBasedTestDescriptor.lambda$testInstancesProvider$6(ClassBasedTestDescriptor.java:278) ~[junit-jupiter-engine-5.11.3.jar:5.11.3]
	at org.junit.jupiter.engine.execution.TestInstancesProvider.getTestInstances(TestInstancesProvider.java:31) ~[junit-jupiter-engine-5.11.3.jar:5.11.3]
	at org.junit.jupiter.engine.descriptor.TestMethodTestDescriptor.lambda$prepare$1(TestMethodTestDescriptor.java:105) ~[junit-jupiter-engine-5.11.3.jar:5.11.3]
	at org.junit.platform.engine.support.hierarchical.ThrowableCollector.execute(ThrowableCollector.java:73) ~[junit-platform-engine-1.11.3.jar:1.11.3]
	at org.junit.jupiter.engine.descriptor.TestMethodTestDescriptor.prepare(TestMethodTestDescriptor.java:104) ~[junit-jupiter-engine-5.11.3.jar:5.11.3]
	at org.junit.jupiter.engine.descriptor.TestMethodTestDescriptor.prepare(TestMethodTestDescriptor.java:68) ~[junit-jupiter-engine-5.11.3.jar:5.11.3]
	at org.junit.platform.engine.support.hierarchical.NodeTestTask.lambda$prepare$2(NodeTestTask.java:128) ~[junit-platform-engine-1.11.3.jar:1.11.3]
	at org.junit.platform.engine.support.hierarchical.ThrowableCollector.execute(ThrowableCollector.java:73) ~[junit-platform-engine-1.11.3.jar:1.11.3]
	at org.junit.platform.engine.support.hierarchical.NodeTestTask.prepare(NodeTestTask.java:128) ~[junit-platform-engine-1.11.3.jar:1.11.3]
	at org.junit.platform.engine.support.hierarchical.NodeTestTask.execute(NodeTestTask.java:95) ~[junit-platform-engine-1.11.3.jar:1.11.3]
	at java.base/java.util.ArrayList.forEach(ArrayList.java:1511) ~[na:na]
	at org.junit.platform.engine.support.hierarchical.SameThreadHierarchicalTestExecutorService.invokeAll(SameThreadHierarchicalTestExecutorService.java:41) ~[junit-platform-engine-1.11.3.jar:1.11.3]
	at org.junit.platform.engine.support.hierarchical.NodeTestTask.lambda$executeRecursively$6(NodeTestTask.java:160) ~[junit-platform-engine-1.11.3.jar:1.11.3]
	at org.junit.platform.engine.support.hierarchical.ThrowableCollector.execute(ThrowableCollector.java:73) ~[junit-platform-engine-1.11.3.jar:1.11.3]
	at org.junit.platform.engine.support.hierarchical.NodeTestTask.lambda$executeRecursively$8(NodeTestTask.java:146) ~[junit-platform-engine-1.11.3.jar:1.11.3]
	at org.junit.platform.engine.support.hierarchical.Node.around(Node.java:137) ~[junit-platform-engine-1.11.3.jar:1.11.3]
	at org.junit.platform.engine.support.hierarchical.NodeTestTask.lambda$executeRecursively$9(NodeTestTask.java:144) ~[junit-platform-engine-1.11.3.jar:1.11.3]
	at org.junit.platform.engine.support.hierarchical.ThrowableCollector.execute(ThrowableCollector.java:73) ~[junit-platform-engine-1.11.3.jar:1.11.3]
	at org.junit.platform.engine.support.hierarchical.NodeTestTask.executeRecursively(NodeTestTask.java:143) ~[junit-platform-engine-1.11.3.jar:1.11.3]
	at org.junit.platform.engine.support.hierarchical.NodeTestTask.execute(NodeTestTask.java:100) ~[junit-platform-engine-1.11.3.jar:1.11.3]
      Did not match:
         - 
@ConditionalOnClass 
did not find required 
class 'org.springframe
work.web.reactive.func
tion.client.WebClient'
 (OnClassCondition)

   WebClientObservatio
nConfiguration:
      Did not match:
         - 
@ConditionalOnClass 
did not find required 
class 'org.springframe
work.web.reactive.func
tion.client.WebClient'
 (OnClassCondition)

   WebFluxAutoConfigur
ation:
      Did not match:
         - 
@ConditionalOnClass 
did not find required 
class 'org.springframe
work.web.reactive.conf
ig.WebFluxConfigurer' 
(OnClassCondition)

   WebFluxEndpointMana
gementContextConfigura
tion:
      Did not match:
         - 
@ConditionalOnClass 
did not find required 
class 'org.springframe
work.web.reactive.Disp
atcherHandler' 
(OnClassCondition)

   WebFluxObservationA
utoConfiguration:
      Did not match:
         - @Conditiona
lOnWebApplication did 
not find reactive web 
application classes (O
nWebApplicationConditi
on)

   WebMvcAutoConfigura
tion#hiddenHttpMethodF
ilter:
      Did not match:
         - @Conditiona
lOnProperty (spring.mv
c.hiddenmethod.filter.
enabled) did not find 
property 'enabled' 
(OnPropertyCondition)

   WebMvcAutoConfigura
tion.ProblemDetailsErr
orHandlingConfiguratio
n:
      Did not match:
         - @Conditiona
lOnProperty (spring.mv
c.problemdetails.enabl
ed=true) did not find 
property 'enabled' 
(OnPropertyCondition)

   WebMvcAutoConfigura
tion.WebMvcAutoConfigu
rationAdapter#beanName
ViewResolver:
      Did not match:
         - @Conditiona
lOnMissingBean 
(types: org.springfram
ework.web.servlet.view
.BeanNameViewResolver;
 SearchStrategy: all) 
found beans of type 'o
rg.springframework.web
.servlet.view.BeanName
ViewResolver' 
beanNameViewResolver 
(OnBeanCondition)

   WebMvcEndpointManag
ementContextConfigurat
ion#managementHealthEn
dpointWebMvcHandlerMap
ping:
      Did not match:
         - Management 
Port actual port type 
(SAME) did not match 
required type 
(DIFFERENT) (OnManagem
entPortCondition)

   WebServiceTemplateA
utoConfiguration:
      Did not match:
         - 
@ConditionalOnClass 
did not find required 
class 'org.springframe
work.oxm.Marshaller' 
(OnClassCondition)

   WebServicesAutoConf
iguration:
      Did not match:
         - 
@ConditionalOnClass 
did not find required 
class 'org.springframe
work.ws.transport.http
.MessageDispatcherServ
let' 
(OnClassCondition)

   WebSessionIdResolve
rAutoConfiguration:
      Did not match:
         - 
@ConditionalOnClass 
did not find required 
class 'reactor.core.pu
blisher.Mono' 
(OnClassCondition)

   WebSocketMessagingA
utoConfiguration:
      Did not match:
         - 
@ConditionalOnClass 
did not find required 
class 'org.springframe
work.web.socket.config
.annotation.WebSocketM
essageBrokerConfigurer
' (OnClassCondition)

   WebSocketReactiveAu
toConfiguration:
      Did not match:
         - @Conditiona
lOnWebApplication did 
not find reactive web 
application classes (O
nWebApplicationConditi
on)

   WebSocketServletAut
oConfiguration.JettyWe
bSocketConfiguration:
      Did not match:
         - 
@ConditionalOnClass 
did not find required 
class 'org.eclipse.jet
ty.ee10.websocket.jaka
rta.server.config.Jaka
rtaWebSocketServletCon
tainerInitializer' 
(OnClassCondition)

   WebSocketServletAut
oConfiguration.Underto
wWebSocketConfiguratio
n:
      Did not match:
         - 
@ConditionalOnClass 
did not find required 
class 'io.undertow.web
sockets.jsr.Bootstrap'
 (OnClassCondition)

   XADataSourceAutoCon
figuration:
      Did not match:
         - 
@ConditionalOnBean 
(types: org.springfram
ework.boot.jdbc.XAData
SourceWrapper; 
SearchStrategy: all) 
did not find any 
beans of type org.spri
ngframework.boot.jdbc.
XADataSourceWrapper 
(OnBeanCondition)
      Matched:
         - 
@ConditionalOnClass 
found required 
classes 'javax.sql.Dat
aSource', 'jakarta.tra
nsaction.TransactionMa
nager', 'org.springfra
mework.jdbc.datasource
.embedded.EmbeddedData
baseType' 
(OnClassCondition)

   ZipkinAutoConfigura
tion:
      Did not match:
         - 
@ConditionalOnClass 
did not find required 
class 'zipkin2.reporte
r.Encoding' 
(OnClassCondition)


Exclusions:
-----------

    None


Unconditional classes:
----------------------

    org.springframewor
k.boot.autoconfigure.c
ontext.ConfigurationPr
opertiesAutoConfigurat
ion

    org.springframewor
k.boot.actuate.autocon
figure.availability.Av
ailabilityHealthContri
butorAutoConfiguration

    org.springframewor
k.boot.autoconfigure.s
sl.SslAutoConfiguratio
n

    org.springframewor
k.boot.actuate.autocon
figure.info.InfoContri
butorAutoConfiguration

    org.springframewor
k.boot.autoconfigure.c
ontext.PropertyPlaceho
lderAutoConfiguration

    org.springframewor
k.boot.autoconfigure.c
ontext.LifecycleAutoCo
nfiguration

    org.springframewor
k.boot.actuate.autocon
figure.metrics.integra
tion.IntegrationMetric
sAutoConfiguration

    org.springframewor
k.boot.actuate.autocon
figure.endpoint.Endpoi
ntAutoConfiguration

    org.springframewor
k.boot.actuate.autocon
figure.web.server.Mana
gementContextAutoConfi
guration

    org.springframewor
k.boot.actuate.autocon
figure.health.HealthCo
ntributorAutoConfigura
tion

    org.springframewor
k.boot.actuate.autocon
figure.endpoint.jackso
n.JacksonEndpointAutoC
onfiguration

    org.springdoc.core
.configuration.SpringD
ocSpecPropertiesConfig
uration

    org.springframewor
k.boot.autoconfigure.a
vailability.Applicatio
nAvailabilityAutoConfi
guration

    org.springframewor
k.boot.autoconfigure.i
nfo.ProjectInfoAutoCon
figuration



	at java.base/java.util.ArrayList.forEach(ArrayList.java:1511) ~[na:na]
	at org.junit.platform.engine.support.hierarchical.SameThreadHierarchicalTestExecutorService.invokeAll(SameThreadHierarchicalTestExecutorService.java:41) ~[junit-platform-engine-1.11.3.jar:1.11.3]
	at org.junit.platform.engine.support.hierarchical.NodeTestTask.lambda$executeRecursively$6(NodeTestTask.java:160) ~[junit-platform-engine-1.11.3.jar:1.11.3]
	at org.junit.platform.engine.support.hierarchical.ThrowableCollector.execute(ThrowableCollector.java:73) ~[junit-platform-engine-1.11.3.jar:1.11.3]
	at org.junit.platform.engine.support.hierarchical.NodeTestTask.lambda$executeRecursively$8(NodeTestTask.java:146) ~[junit-platform-engine-1.11.3.jar:1.11.3]
	at org.junit.platform.engine.support.hierarchical.Node.around(Node.java:137) ~[junit-platform-engine-1.11.3.jar:1.11.3]
	at org.junit.platform.engine.support.hierarchical.NodeTestTask.lambda$executeRecursively$9(NodeTestTask.java:144) ~[junit-platform-engine-1.11.3.jar:1.11.3]
	at org.junit.platform.engine.support.hierarchical.ThrowableCollector.execute(ThrowableCollector.java:73) ~[junit-platform-engine-1.11.3.jar:1.11.3]
	at org.junit.platform.engine.support.hierarchical.NodeTestTask.executeRecursively(NodeTestTask.java:143) ~[junit-platform-engine-1.11.3.jar:1.11.3]
	at org.junit.platform.engine.support.hierarchical.NodeTestTask.execute(NodeTestTask.java:100) ~[junit-platform-engine-1.11.3.jar:1.11.3]
	at org.junit.platform.engine.support.hierarchical.SameThreadHierarchicalTestExecutorService.submit(SameThreadHierarchicalTestExecutorService.java:35) ~[junit-platform-engine-1.11.3.jar:1.11.3]
	at org.junit.platform.engine.support.hierarchical.HierarchicalTestExecutor.execute(HierarchicalTestExecutor.java:57) ~[junit-platform-engine-1.11.3.jar:1.11.3]
	at org.junit.platform.engine.support.hierarchical.HierarchicalTestEngine.execute(HierarchicalTestEngine.java:54) ~[junit-platform-engine-1.11.3.jar:1.11.3]
	at org.junit.platform.launcher.core.EngineExecutionOrchestrator.execute(EngineExecutionOrchestrator.java:198) ~[junit-platform-launcher-1.11.3.jar:1.11.3]
	at org.junit.platform.launcher.core.EngineExecutionOrchestrator.execute(EngineExecutionOrchestrator.java:169) ~[junit-platform-launcher-1.11.3.jar:1.11.3]
	at org.junit.platform.launcher.core.EngineExecutionOrchestrator.execute(EngineExecutionOrchestrator.java:93) ~[junit-platform-launcher-1.11.3.jar:1.11.3]
	at org.junit.platform.launcher.core.EngineExecutionOrchestrator.lambda$execute$0(EngineExecutionOrchestrator.java:58) ~[junit-platform-launcher-1.11.3.jar:1.11.3]
	at org.junit.platform.launcher.core.EngineExecutionOrchestrator.withInterceptedStreams(EngineExecutionOrchestrator.java:141) ~[junit-platform-launcher-1.11.3.jar:1.11.3]
	at org.junit.platform.launcher.core.EngineExecutionOrchestrator.execute(EngineExecutionOrchestrator.java:57) ~[junit-platform-launcher-1.11.3.jar:1.11.3]
	at org.junit.platform.launcher.core.DefaultLauncher.execute(DefaultLauncher.java:103) ~[junit-platform-launcher-1.11.3.jar:1.11.3]
	at org.junit.platform.launcher.core.DefaultLauncher.execute(DefaultLauncher.java:85) ~[junit-platform-launcher-1.11.3.jar:1.11.3]
	at org.junit.platform.launcher.core.DelegatingLauncher.execute(DelegatingLauncher.java:47) ~[junit-platform-launcher-1.11.3.jar:1.11.3]
	at org.apache.maven.surefire.junitplatform.LazyLauncher.execute(LazyLauncher.java:56) ~[surefire-junit-platform-3.5.2.jar:3.5.2]
	at org.apache.maven.surefire.junitplatform.JUnitPlatformProvider.execute(JUnitPlatformProvider.java:184) ~[surefire-junit-platform-3.5.2.jar:3.5.2]
	at org.apache.maven.surefire.junitplatform.JUnitPlatformProvider.invokeAllTests(JUnitPlatformProvider.java:148) ~[surefire-junit-platform-3.5.2.jar:3.5.2]
	at org.apache.maven.surefire.junitplatform.JUnitPlatformProvider.invoke(JUnitPlatformProvider.java:122) ~[surefire-junit-platform-3.5.2.jar:3.5.2]
	at org.apache.maven.surefire.booter.ForkedBooter.runSuitesInProcess(ForkedBooter.java:385) ~[surefire-booter-3.5.2.jar:3.5.2]
	at org.apache.maven.surefire.booter.ForkedBooter.execute(ForkedBooter.java:162) ~[surefire-booter-3.5.2.jar:3.5.2]
	at org.apache.maven.surefire.booter.ForkedBooter.run(ForkedBooter.java:507) ~[surefire-booter-3.5.2.jar:3.5.2]
	at org.apache.maven.surefire.booter.ForkedBooter.main(ForkedBooter.java:495) ~[surefire-booter-3.5.2.jar:3.5.2]
Caused by: org.springframework.beans.factory.BeanCreationException: Error creating bean with name 'flywayInitializer' defined in class path resource [org/springframework/boot/autoconfigure/flyway/FlywayAutoConfiguration$FlywayConfiguration.class]: Unable to obtain connection from database: FATAL: autentica??o do tipo senha falhou para o usu?rio "postgres"
-------------------------------------------------------------------------------------------------------------
SQL State  : 28P01
Error Code : 0
Message    : FATAL: autentica??o do tipo senha falhou para o usu?rio "postgres"

	at org.springframework.beans.factory.support.AbstractAutowireCapableBeanFactory.initializeBean(AbstractAutowireCapableBeanFactory.java:1802) ~[spring-beans-6.2.0.jar:6.2.0]
	at org.springframework.beans.factory.support.AbstractAutowireCapableBeanFactory.doCreateBean(AbstractAutowireCapableBeanFactory.java:601) ~[spring-beans-6.2.0.jar:6.2.0]
	at org.springframework.beans.factory.support.AbstractAutowireCapableBeanFactory.createBean(AbstractAutowireCapableBeanFactory.java:523) ~[spring-beans-6.2.0.jar:6.2.0]
	at org.springframework.beans.factory.support.AbstractBeanFactory.lambda$doGetBean$0(AbstractBeanFactory.java:336) ~[spring-beans-6.2.0.jar:6.2.0]
	at org.springframework.beans.factory.support.DefaultSingletonBeanRegistry.getSingleton(DefaultSingletonBeanRegistry.java:288) ~[spring-beans-6.2.0.jar:6.2.0]
	at org.springframework.beans.factory.support.AbstractBeanFactory.doGetBean(AbstractBeanFactory.java:334) ~[spring-beans-6.2.0.jar:6.2.0]
	at org.springframework.beans.factory.support.AbstractBeanFactory.getBean(AbstractBeanFactory.java:199) ~[spring-beans-6.2.0.jar:6.2.0]
	at org.springframework.beans.factory.support.AbstractBeanFactory.doGetBean(AbstractBeanFactory.java:312) ~[spring-beans-6.2.0.jar:6.2.0]
	... 90 common frames omitted
Caused by: org.flywaydb.core.internal.exception.FlywaySqlException: Unable to obtain connection from database: FATAL: autentica??o do tipo senha falhou para o usu?rio "postgres"
-------------------------------------------------------------------------------------------------------------
SQL State  : 28P01
Error Code : 0
Message    : FATAL: autentica??o do tipo senha falhou para o usu?rio "postgres"

	at org.flywaydb.core.internal.jdbc.JdbcUtils.openConnection(JdbcUtils.java:71) ~[flyway-core-10.20.1.jar:na]
	at org.flywaydb.core.internal.jdbc.JdbcConnectionFactory.<init>(JdbcConnectionFactory.java:76) ~[flyway-core-10.20.1.jar:na]
	at org.flywaydb.core.FlywayExecutor.execute(FlywayExecutor.java:137) ~[flyway-core-10.20.1.jar:na]
	at org.flywaydb.core.Flyway.migrate(Flyway.java:176) ~[flyway-core-10.20.1.jar:na]
	at org.springframework.boot.autoconfigure.flyway.FlywayMigrationInitializer.afterPropertiesSet(FlywayMigrationInitializer.java:66) ~[spring-boot-autoconfigure-3.4.0.jar:3.4.0]
	at org.springframework.beans.factory.support.AbstractAutowireCapableBeanFactory.invokeInitMethods(AbstractAutowireCapableBeanFactory.java:1849) ~[spring-beans-6.2.0.jar:6.2.0]
	at org.springframework.beans.factory.support.AbstractAutowireCapableBeanFactory.initializeBean(AbstractAutowireCapableBeanFactory.java:1798) ~[spring-beans-6.2.0.jar:6.2.0]
	... 97 common frames omitted
Caused by: org.postgresql.util.PSQLException: FATAL: autentica??o do tipo senha falhou para o usu?rio "postgres"
	at org.postgresql.core.v3.ConnectionFactoryImpl.doAuthentication(ConnectionFactoryImpl.java:711) ~[postgresql-42.7.4.jar:42.7.4]
	at org.postgresql.core.v3.ConnectionFactoryImpl.tryConnect(ConnectionFactoryImpl.java:213) ~[postgresql-42.7.4.jar:42.7.4]
	at org.postgresql.core.v3.ConnectionFactoryImpl.openConnectionImpl(ConnectionFactoryImpl.java:268) ~[postgresql-42.7.4.jar:42.7.4]
	at org.postgresql.core.ConnectionFactory.openConnection(ConnectionFactory.java:54) ~[postgresql-42.7.4.jar:42.7.4]
	at org.postgresql.jdbc.PgConnection.<init>(PgConnection.java:273) ~[postgresql-42.7.4.jar:42.7.4]
	at org.postgresql.Driver.makeConnection(Driver.java:446) ~[postgresql-42.7.4.jar:42.7.4]
	at org.postgresql.Driver.connect(Driver.java:298) ~[postgresql-42.7.4.jar:42.7.4]
	at org.springframework.jdbc.datasource.SimpleDriverDataSource.getConnectionFromDriver(SimpleDriverDataSource.java:144) ~[spring-jdbc-6.2.0.jar:6.2.0]
	at org.springframework.jdbc.datasource.AbstractDriverBasedDataSource.getConnectionFromDriver(AbstractDriverBasedDataSource.java:205) ~[spring-jdbc-6.2.0.jar:6.2.0]
	at org.springframework.jdbc.datasource.AbstractDriverBasedDataSource.getConnection(AbstractDriverBasedDataSource.java:169) ~[spring-jdbc-6.2.0.jar:6.2.0]
	at org.flywaydb.core.internal.jdbc.JdbcUtils.openConnection(JdbcUtils.java:59) ~[flyway-core-10.20.1.jar:na]
	... 103 common frames omitted

2026-01-14T15:52:26.734-03:00  WARN 10252 --- [rpgzume] [           main] o.s.test.context.TestContextManager      : Caught exception while allowing TestExecutionListener [org.springframework.test.context.web.ServletTestExecutionListener] to prepare test instance [com.hefti.rpgzume.RpgzumeApplicationTests@41be8db9]

java.lang.IllegalStateException: Failed to load ApplicationContext for [WebMergedContextConfiguration@4a122e68 testClass = com.hefti.rpgzume.RpgzumeApplicationTests, locations = [], classes = [com.hefti.rpgzume.RpgzumeApplication], contextInitializerClasses = [], activeProfiles = [], propertySourceDescriptors = [], propertySourceProperties = ["org.springframework.boot.test.context.SpringBootTestContextBootstrapper=true"], contextCustomizers = [org.springframework.boot.test.context.filter.ExcludeFilterContextCustomizer@4ee203eb, org.springframework.boot.test.json.DuplicateJsonObjectContextCustomizerFactory$DuplicateJsonObjectContextCustomizer@769a1df5, org.springframework.boot.test.mock.mockito.MockitoContextCustomizer@0, org.springframework.boot.test.web.client.TestRestTemplateContextCustomizer@2bdd8394, org.springframework.boot.test.web.reactor.netty.DisableReactorResourceFactoryGlobalResourcesContextCustomizerFactory$DisableReactorResourceFactoryGlobalResourcesContextCustomizerCustomizer@38af9828, org.springframework.boot.test.autoconfigure.OnFailureConditionReportContextCustomizerFactory$OnFailureConditionReportContextCustomizer@17d919b6, org.springframework.boot.test.autoconfigure.actuate.observability.ObservabilityContextCustomizerFactory$DisableObservabilityContextCustomizer@1f, org.springframework.boot.test.autoconfigure.properties.PropertyMappingContextCustomizer@0, org.springframework.boot.test.autoconfigure.web.servlet.WebDriverContextCustomizer@c667f46, org.springframework.test.context.support.DynamicPropertiesContextCustomizer@0, org.springframework.boot.test.context.SpringBootTestAnnotation@fd6e84ec], resourceBasePath = "src/main/webapp", contextLoader = org.springframework.boot.test.context.SpringBootContextLoader, parent = null]
	at org.springframework.test.context.cache.DefaultCacheAwareContextLoaderDelegate.loadContext(DefaultCacheAwareContextLoaderDelegate.java:180) ~[spring-test-6.2.0.jar:6.2.0]
	at org.springframework.test.context.support.DefaultTestContext.getApplicationContext(DefaultTestContext.java:130) ~[spring-test-6.2.0.jar:6.2.0]
	at org.springframework.test.context.web.ServletTestExecutionListener.setUpRequestContextIfNecessary(ServletTestExecutionListener.java:191) ~[spring-test-6.2.0.jar:6.2.0]
	at org.springframework.test.context.web.ServletTestExecutionListener.prepareTestInstance(ServletTestExecutionListener.java:130) ~[spring-test-6.2.0.jar:6.2.0]
	at org.springframework.test.context.TestContextManager.prepareTestInstance(TestContextManager.java:260) ~[spring-test-6.2.0.jar:6.2.0]
	at org.springframework.test.context.junit.jupiter.SpringExtension.postProcessTestInstance(SpringExtension.java:160) ~[spring-test-6.2.0.jar:6.2.0]
	at org.junit.jupiter.engine.descriptor.ClassBasedTestDescriptor.lambda$invokeTestInstancePostProcessors$11(ClassBasedTestDescriptor.java:378) ~[junit-jupiter-engine-5.11.3.jar:5.11.3]
	at org.junit.jupiter.engine.descriptor.ClassBasedTestDescriptor.executeAndMaskThrowable(ClassBasedTestDescriptor.java:383) ~[junit-jupiter-engine-5.11.3.jar:5.11.3]
	at org.junit.jupiter.engine.descriptor.ClassBasedTestDescriptor.lambda$invokeTestInstancePostProcessors$12(ClassBasedTestDescriptor.java:378) ~[junit-jupiter-engine-5.11.3.jar:5.11.3]
	at java.base/java.util.stream.ForEachOps$ForEachOp$OfRef.accept(ForEachOps.java:183) ~[na:na]
	at java.base/java.util.stream.ReferencePipeline$3$1.accept(ReferencePipeline.java:197) ~[na:na]
	at java.base/java.util.stream.ReferencePipeline$2$1.accept(ReferencePipeline.java:179) ~[na:na]
	at java.base/java.util.stream.ReferencePipeline$3$1.accept(ReferencePipeline.java:197) ~[na:na]
	at java.base/java.util.ArrayList$ArrayListSpliterator.forEachRemaining(ArrayList.java:1625) ~[na:na]
	at java.base/java.util.stream.AbstractPipeline.copyInto(AbstractPipeline.java:509) ~[na:na]
	at java.base/java.util.stream.AbstractPipeline.wrapAndCopyInto(AbstractPipeline.java:499) ~[na:na]
	at java.base/java.util.stream.ForEachOps$ForEachOp.evaluateSequential(ForEachOps.java:150) ~[na:na]
	at java.base/java.util.stream.ForEachOps$ForEachOp$OfRef.evaluateSequential(ForEachOps.java:173) ~[na:na]
	at java.base/java.util.stream.AbstractPipeline.evaluate(AbstractPipeline.java:234) ~[na:na]
	at java.base/java.util.stream.ReferencePipeline.forEach(ReferencePipeline.java:596) ~[na:na]
	at org.junit.jupiter.engine.descriptor.ClassBasedTestDescriptor.invokeTestInstancePostProcessors(ClassBasedTestDescriptor.java:377) ~[junit-jupiter-engine-5.11.3.jar:5.11.3]
	at org.junit.jupiter.engine.descriptor.ClassBasedTestDescriptor.lambda$instantiateAndPostProcessTestInstance$7(ClassBasedTestDescriptor.java:290) ~[junit-jupiter-engine-5.11.3.jar:5.11.3]
	at org.junit.platform.engine.support.hierarchical.ThrowableCollector.execute(ThrowableCollector.java:73) ~[junit-platform-engine-1.11.3.jar:1.11.3]
	at org.junit.jupiter.engine.descriptor.ClassBasedTestDescriptor.instantiateAndPostProcessTestInstance(ClassBasedTestDescriptor.java:289) ~[junit-jupiter-engine-5.11.3.jar:5.11.3]
	at org.junit.jupiter.engine.descriptor.ClassBasedTestDescriptor.lambda$testInstancesProvider$5(ClassBasedTestDescriptor.java:279) ~[junit-jupiter-engine-5.11.3.jar:5.11.3]
	at java.base/java.util.Optional.orElseGet(Optional.java:364) ~[na:na]
	at org.junit.jupiter.engine.descriptor.ClassBasedTestDescriptor.lambda$testInstancesProvider$6(ClassBasedTestDescriptor.java:278) ~[junit-jupiter-engine-5.11.3.jar:5.11.3]
	at org.junit.jupiter.engine.execution.TestInstancesProvider.getTestInstances(TestInstancesProvider.java:31) ~[junit-jupiter-engine-5.11.3.jar:5.11.3]
	at org.junit.jupiter.engine.descriptor.TestMethodTestDescriptor.lambda$prepare$1(TestMethodTestDescriptor.java:105) ~[junit-jupiter-engine-5.11.3.jar:5.11.3]
	at org.junit.platform.engine.support.hierarchical.ThrowableCollector.execute(ThrowableCollector.java:73) ~[junit-platform-engine-1.11.3.jar:1.11.3]
	at org.junit.jupiter.engine.descriptor.TestMethodTestDescriptor.prepare(TestMethodTestDescriptor.java:104) ~[junit-jupiter-engine-5.11.3.jar:5.11.3]
	at org.junit.jupiter.engine.descriptor.TestMethodTestDescriptor.prepare(TestMethodTestDescriptor.java:68) ~[junit-jupiter-engine-5.11.3.jar:5.11.3]
	at org.junit.platform.engine.support.hierarchical.NodeTestTask.lambda$prepare$2(NodeTestTask.java:128) ~[junit-platform-engine-1.11.3.jar:1.11.3]
	at org.junit.platform.engine.support.hierarchical.ThrowableCollector.execute(ThrowableCollector.java:73) ~[junit-platform-engine-1.11.3.jar:1.11.3]
	at org.junit.platform.engine.support.hierarchical.NodeTestTask.prepare(NodeTestTask.java:128) ~[junit-platform-engine-1.11.3.jar:1.11.3]
	at org.junit.platform.engine.support.hierarchical.NodeTestTask.execute(NodeTestTask.java:95) ~[junit-platform-engine-1.11.3.jar:1.11.3]
	at java.base/java.util.ArrayList.forEach(ArrayList.java:1511) ~[na:na]
	at org.junit.platform.engine.support.hierarchical.SameThreadHierarchicalTestExecutorService.invokeAll(SameThreadHierarchicalTestExecutorService.java:41) ~[junit-platform-engine-1.11.3.jar:1.11.3]
	at org.junit.platform.engine.support.hierarchical.NodeTestTask.lambda$executeRecursively$6(NodeTestTask.java:160) ~[junit-platform-engine-1.11.3.jar:1.11.3]
	at org.junit.platform.engine.support.hierarchical.ThrowableCollector.execute(ThrowableCollector.java:73) ~[junit-platform-engine-1.11.3.jar:1.11.3]
	at org.junit.platform.engine.support.hierarchical.NodeTestTask.lambda$executeRecursively$8(NodeTestTask.java:146) ~[junit-platform-engine-1.11.3.jar:1.11.3]
	at org.junit.platform.engine.support.hierarchical.Node.around(Node.java:137) ~[junit-platform-engine-1.11.3.jar:1.11.3]
	at org.junit.platform.engine.support.hierarchical.NodeTestTask.lambda$executeRecursively$9(NodeTestTask.java:144) ~[junit-platform-engine-1.11.3.jar:1.11.3]
	at org.junit.platform.engine.support.hierarchical.ThrowableCollector.execute(ThrowableCollector.java:73) ~[junit-platform-engine-1.11.3.jar:1.11.3]
	at org.junit.platform.engine.support.hierarchical.NodeTestTask.executeRecursively(NodeTestTask.java:143) ~[junit-platform-engine-1.11.3.jar:1.11.3]
	at org.junit.platform.engine.support.hierarchical.NodeTestTask.execute(NodeTestTask.java:100) ~[junit-platform-engine-1.11.3.jar:1.11.3]
	at java.base/java.util.ArrayList.forEach(ArrayList.java:1511) ~[na:na]
	at org.junit.platform.engine.support.hierarchical.SameThreadHierarchicalTestExecutorService.invokeAll(SameThreadHierarchicalTestExecutorService.java:41) ~[junit-platform-engine-1.11.3.jar:1.11.3]
	at org.junit.platform.engine.support.hierarchical.NodeTestTask.lambda$executeRecursively$6(NodeTestTask.java:160) ~[junit-platform-engine-1.11.3.jar:1.11.3]
	at org.junit.platform.engine.support.hierarchical.ThrowableCollector.execute(ThrowableCollector.java:73) ~[junit-platform-engine-1.11.3.jar:1.11.3]
	at org.junit.platform.engine.support.hierarchical.NodeTestTask.lambda$executeRecursively$8(NodeTestTask.java:146) ~[junit-platform-engine-1.11.3.jar:1.11.3]
	at org.junit.platform.engine.support.hierarchical.Node.around(Node.java:137) ~[junit-platform-engine-1.11.3.jar:1.11.3]
	at org.junit.platform.engine.support.hierarchical.NodeTestTask.lambda$executeRecursively$9(NodeTestTask.java:144) ~[junit-platform-engine-1.11.3.jar:1.11.3]
	at org.junit.platform.engine.support.hierarchical.ThrowableCollector.execute(ThrowableCollector.java:73) ~[junit-platform-engine-1.11.3.jar:1.11.3]
	at org.junit.platform.engine.support.hierarchical.NodeTestTask.executeRecursively(NodeTestTask.java:143) ~[junit-platform-engine-1.11.3.jar:1.11.3]
	at org.junit.platform.engine.support.hierarchical.NodeTestTask.execute(NodeTestTask.java:100) ~[junit-platform-engine-1.11.3.jar:1.11.3]
	at org.junit.platform.engine.support.hierarchical.SameThreadHierarchicalTestExecutorService.submit(SameThreadHierarchicalTestExecutorService.java:35) ~[junit-platform-engine-1.11.3.jar:1.11.3]
	at org.junit.platform.engine.support.hierarchical.HierarchicalTestExecutor.execute(HierarchicalTestExecutor.java:57) ~[junit-platform-engine-1.11.3.jar:1.11.3]
	at org.junit.platform.engine.support.hierarchical.HierarchicalTestEngine.execute(HierarchicalTestEngine.java:54) ~[junit-platform-engine-1.11.3.jar:1.11.3]
	at org.junit.platform.launcher.core.EngineExecutionOrchestrator.execute(EngineExecutionOrchestrator.java:198) ~[junit-platform-launcher-1.11.3.jar:1.11.3]
	at org.junit.platform.launcher.core.EngineExecutionOrchestrator.execute(EngineExecutionOrchestrator.java:169) ~[junit-platform-launcher-1.11.3.jar:1.11.3]
	at org.junit.platform.launcher.core.EngineExecutionOrchestrator.execute(EngineExecutionOrchestrator.java:93) ~[junit-platform-launcher-1.11.3.jar:1.11.3]
	at org.junit.platform.launcher.core.EngineExecutionOrchestrator.lambda$execute$0(EngineExecutionOrchestrator.java:58) ~[junit-platform-launcher-1.11.3.jar:1.11.3]
	at org.junit.platform.launcher.core.EngineExecutionOrchestrator.withInterceptedStreams(EngineExecutionOrchestrator.java:141) ~[junit-platform-launcher-1.11.3.jar:1.11.3]
	at org.junit.platform.launcher.core.EngineExecutionOrchestrator.execute(EngineExecutionOrchestrator.java:57) ~[junit-platform-launcher-1.11.3.jar:1.11.3]
	at org.junit.platform.launcher.core.DefaultLauncher.execute(DefaultLauncher.java:103) ~[junit-platform-launcher-1.11.3.jar:1.11.3]
	at org.junit.platform.launcher.core.DefaultLauncher.execute(DefaultLauncher.java:85) ~[junit-platform-launcher-1.11.3.jar:1.11.3]
	at org.junit.platform.launcher.core.DelegatingLauncher.execute(DelegatingLauncher.java:47) ~[junit-platform-launcher-1.11.3.jar:1.11.3]
	at org.apache.maven.surefire.junitplatform.LazyLauncher.execute(LazyLauncher.java:56) ~[surefire-junit-platform-3.5.2.jar:3.5.2]
	at org.apache.maven.surefire.junitplatform.JUnitPlatformProvider.execute(JUnitPlatformProvider.java:184) ~[surefire-junit-platform-3.5.2.jar:3.5.2]
	at org.apache.maven.surefire.junitplatform.JUnitPlatformProvider.invokeAllTests(JUnitPlatformProvider.java:148) ~[surefire-junit-platform-3.5.2.jar:3.5.2]
	at org.apache.maven.surefire.junitplatform.JUnitPlatformProvider.invoke(JUnitPlatformProvider.java:122) ~[surefire-junit-platform-3.5.2.jar:3.5.2]
	at org.apache.maven.surefire.booter.ForkedBooter.runSuitesInProcess(ForkedBooter.java:385) ~[surefire-booter-3.5.2.jar:3.5.2]
	at org.apache.maven.surefire.booter.ForkedBooter.execute(ForkedBooter.java:162) ~[surefire-booter-3.5.2.jar:3.5.2]
	at org.apache.maven.surefire.booter.ForkedBooter.run(ForkedBooter.java:507) ~[surefire-booter-3.5.2.jar:3.5.2]
	at org.apache.maven.surefire.booter.ForkedBooter.main(ForkedBooter.java:495) ~[surefire-booter-3.5.2.jar:3.5.2]
Caused by: org.springframework.beans.factory.BeanCreationException: Error creating bean with name 'entityManagerFactory' defined in class path resource [org/springframework/boot/autoconfigure/orm/jpa/HibernateJpaConfiguration.class]: Failed to initialize dependency 'flywayInitializer' of LoadTimeWeaverAware bean 'entityManagerFactory': Error creating bean with name 'flywayInitializer' defined in class path resource [org/springframework/boot/autoconfigure/flyway/FlywayAutoConfiguration$FlywayConfiguration.class]: Unable to obtain connection from database: FATAL: autentica??o do tipo senha falhou para o usu?rio "postgres"
-------------------------------------------------------------------------------------------------------------
SQL State  : 28P01
Error Code : 0
Message    : FATAL: autentica??o do tipo senha falhou para o usu?rio "postgres"

	at org.springframework.beans.factory.support.AbstractBeanFactory.doGetBean(AbstractBeanFactory.java:325) ~[spring-beans-6.2.0.jar:6.2.0]
	at org.springframework.beans.factory.support.AbstractBeanFactory.getBean(AbstractBeanFactory.java:204) ~[spring-beans-6.2.0.jar:6.2.0]
	at org.springframework.context.support.AbstractApplicationContext.finishBeanFactoryInitialization(AbstractApplicationContext.java:970) ~[spring-context-6.2.0.jar:6.2.0]
	at org.springframework.context.support.AbstractApplicationContext.refresh(AbstractApplicationContext.java:627) ~[spring-context-6.2.0.jar:6.2.0]
	at org.springframework.boot.SpringApplication.refresh(SpringApplication.java:752) ~[spring-boot-3.4.0.jar:3.4.0]
	at org.springframework.boot.SpringApplication.refreshContext(SpringApplication.java:439) ~[spring-boot-3.4.0.jar:3.4.0]
	at org.springframework.boot.SpringApplication.run(SpringApplication.java:318) ~[spring-boot-3.4.0.jar:3.4.0]
	at org.springframework.boot.test.context.SpringBootContextLoader.lambda$loadContext$3(SpringBootContextLoader.java:137) ~[spring-boot-test-3.4.0.jar:3.4.0]
	at org.springframework.util.function.ThrowingSupplier.get(ThrowingSupplier.java:58) ~[spring-core-6.2.0.jar:6.2.0]
	at org.springframework.util.function.ThrowingSupplier.get(ThrowingSupplier.java:46) ~[spring-core-6.2.0.jar:6.2.0]
	at org.springframework.boot.SpringApplication.withHook(SpringApplication.java:1461) ~[spring-boot-3.4.0.jar:3.4.0]
	at org.springframework.boot.test.context.SpringBootContextLoader$ContextLoaderHook.run(SpringBootContextLoader.java:553) ~[spring-boot-test-3.4.0.jar:3.4.0]
	at org.springframework.boot.test.context.SpringBootContextLoader.loadContext(SpringBootContextLoader.java:137) ~[spring-boot-test-3.4.0.jar:3.4.0]
	at org.springframework.boot.test.context.SpringBootContextLoader.loadContext(SpringBootContextLoader.java:108) ~[spring-boot-test-3.4.0.jar:3.4.0]
	at org.springframework.test.context.cache.DefaultCacheAwareContextLoaderDelegate.loadContextInternal(DefaultCacheAwareContextLoaderDelegate.java:225) ~[spring-test-6.2.0.jar:6.2.0]
	at org.springframework.test.context.cache.DefaultCacheAwareContextLoaderDelegate.loadContext(DefaultCacheAwareContextLoaderDelegate.java:152) ~[spring-test-6.2.0.jar:6.2.0]
	... 75 common frames omitted
Caused by: org.springframework.beans.factory.BeanCreationException: Error creating bean with name 'flywayInitializer' defined in class path resource [org/springframework/boot/autoconfigure/flyway/FlywayAutoConfiguration$FlywayConfiguration.class]: Unable to obtain connection from database: FATAL: autentica??o do tipo senha falhou para o usu?rio "postgres"
-------------------------------------------------------------------------------------------------------------
SQL State  : 28P01
Error Code : 0
Message    : FATAL: autentica??o do tipo senha falhou para o usu?rio "postgres"

	at org.springframework.beans.factory.support.AbstractAutowireCapableBeanFactory.initializeBean(AbstractAutowireCapableBeanFactory.java:1802) ~[spring-beans-6.2.0.jar:6.2.0]
	at org.springframework.beans.factory.support.AbstractAutowireCapableBeanFactory.doCreateBean(AbstractAutowireCapableBeanFactory.java:601) ~[spring-beans-6.2.0.jar:6.2.0]
	at org.springframework.beans.factory.support.AbstractAutowireCapableBeanFactory.createBean(AbstractAutowireCapableBeanFactory.java:523) ~[spring-beans-6.2.0.jar:6.2.0]
	at org.springframework.beans.factory.support.AbstractBeanFactory.lambda$doGetBean$0(AbstractBeanFactory.java:336) ~[spring-beans-6.2.0.jar:6.2.0]
	at org.springframework.beans.factory.support.DefaultSingletonBeanRegistry.getSingleton(DefaultSingletonBeanRegistry.java:288) ~[spring-beans-6.2.0.jar:6.2.0]
	at org.springframework.beans.factory.support.AbstractBeanFactory.doGetBean(AbstractBeanFactory.java:334) ~[spring-beans-6.2.0.jar:6.2.0]
	at org.springframework.beans.factory.support.AbstractBeanFactory.getBean(AbstractBeanFactory.java:199) ~[spring-beans-6.2.0.jar:6.2.0]
	at org.springframework.beans.factory.support.AbstractBeanFactory.doGetBean(AbstractBeanFactory.java:312) ~[spring-beans-6.2.0.jar:6.2.0]
	... 90 common frames omitted
Caused by: org.flywaydb.core.internal.exception.FlywaySqlException: Unable to obtain connection from database: FATAL: autentica??o do tipo senha falhou para o usu?rio "postgres"
-------------------------------------------------------------------------------------------------------------
SQL State  : 28P01
Error Code : 0
Message    : FATAL: autentica??o do tipo senha falhou para o usu?rio "postgres"

	at org.flywaydb.core.internal.jdbc.JdbcUtils.openConnection(JdbcUtils.java:71) ~[flyway-core-10.20.1.jar:na]
	at org.flywaydb.core.internal.jdbc.JdbcConnectionFactory.<init>(JdbcConnectionFactory.java:76) ~[flyway-core-10.20.1.jar:na]
	at org.flywaydb.core.FlywayExecutor.execute(FlywayExecutor.java:137) ~[flyway-core-10.20.1.jar:na]
	at org.flywaydb.core.Flyway.migrate(Flyway.java:176) ~[flyway-core-10.20.1.jar:na]
	at org.springframework.boot.autoconfigure.flyway.FlywayMigrationInitializer.afterPropertiesSet(FlywayMigrationInitializer.java:66) ~[spring-boot-autoconfigure-3.4.0.jar:3.4.0]
	at org.springframework.beans.factory.support.AbstractAutowireCapableBeanFactory.invokeInitMethods(AbstractAutowireCapableBeanFactory.java:1849) ~[spring-beans-6.2.0.jar:6.2.0]
	at org.springframework.beans.factory.support.AbstractAutowireCapableBeanFactory.initializeBean(AbstractAutowireCapableBeanFactory.java:1798) ~[spring-beans-6.2.0.jar:6.2.0]
	... 97 common frames omitted
Caused by: org.postgresql.util.PSQLException: FATAL: autentica??o do tipo senha falhou para o usu?rio "postgres"
	at org.postgresql.core.v3.ConnectionFactoryImpl.doAuthentication(ConnectionFactoryImpl.java:711) ~[postgresql-42.7.4.jar:42.7.4]
	at org.postgresql.core.v3.ConnectionFactoryImpl.tryConnect(ConnectionFactoryImpl.java:213) ~[postgresql-42.7.4.jar:42.7.4]
	at org.postgresql.core.v3.ConnectionFactoryImpl.openConnectionImpl(ConnectionFactoryImpl.java:268) ~[postgresql-42.7.4.jar:42.7.4]
	at org.postgresql.core.ConnectionFactory.openConnection(ConnectionFactory.java:54) ~[postgresql-42.7.4.jar:42.7.4]
	at org.postgresql.jdbc.PgConnection.<init>(PgConnection.java:273) ~[postgresql-42.7.4.jar:42.7.4]
	at org.postgresql.Driver.makeConnection(Driver.java:446) ~[postgresql-42.7.4.jar:42.7.4]
	at org.postgresql.Driver.connect(Driver.java:298) ~[postgresql-42.7.4.jar:42.7.4]
	at org.springframework.jdbc.datasource.SimpleDriverDataSource.getConnectionFromDriver(SimpleDriverDataSource.java:144) ~[spring-jdbc-6.2.0.jar:6.2.0]
	at org.springframework.jdbc.datasource.AbstractDriverBasedDataSource.getConnectionFromDriver(AbstractDriverBasedDataSource.java:205) ~[spring-jdbc-6.2.0.jar:6.2.0]
	at org.springframework.jdbc.datasource.AbstractDriverBasedDataSource.getConnection(AbstractDriverBasedDataSource.java:169) ~[spring-jdbc-6.2.0.jar:6.2.0]
	at org.flywaydb.core.internal.jdbc.JdbcUtils.openConnection(JdbcUtils.java:59) ~[flyway-core-10.20.1.jar:na]
	... 103 common frames omitted

[ERROR] Tests run: 1, Failures: 0, Errors: 1, Skipped: 0, Time elapsed: 3.889 s <<< FAILURE! -- in com.hefti.rpgzume.RpgzumeApplicationTests
[ERROR] com.hefti.rpgzume.RpgzumeApplicationTests.contextLoads -- Time elapsed: 0.018 s <<< ERROR!
java.lang.IllegalStateException: Failed to load ApplicationContext for [WebMergedContextConfiguration@4a122e68 testClass = com.hefti.rpgzume.RpgzumeApplicationTests, locations = [], classes = [com.hefti.rpgzume.RpgzumeApplication], contextInitializerClasses = [], activeProfiles = [], propertySourceDescriptors = [], propertySourceProperties = ["org.springframework.boot.test.context.SpringBootTestContextBootstrapper=true"], contextCustomizers = [org.springframework.boot.test.context.filter.ExcludeFilterContextCustomizer@4ee203eb, org.springframework.boot.test.json.DuplicateJsonObjectContextCustomizerFactory$DuplicateJsonObjectContextCustomizer@769a1df5, org.springframework.boot.test.mock.mockito.MockitoContextCustomizer@0, org.springframework.boot.test.web.client.TestRestTemplateContextCustomizer@2bdd8394, org.springframework.boot.test.web.reactor.netty.DisableReactorResourceFactoryGlobalResourcesContextCustomizerFactory$DisableReactorResourceFactoryGlobalResourcesContextCustomizerCustomizer@38af9828, org.springframework.boot.test.autoconfigure.OnFailureConditionReportContextCustomizerFactory$OnFailureConditionReportContextCustomizer@17d919b6, org.springframework.boot.test.autoconfigure.actuate.observability.ObservabilityContextCustomizerFactory$DisableObservabilityContextCustomizer@1f, org.springframework.boot.test.autoconfigure.properties.PropertyMappingContextCustomizer@0, org.springframework.boot.test.autoconfigure.web.servlet.WebDriverContextCustomizer@c667f46, org.springframework.test.context.support.DynamicPropertiesContextCustomizer@0, org.springframework.boot.test.context.SpringBootTestAnnotation@fd6e84ec], resourceBasePath = "src/main/webapp", contextLoader = org.springframework.boot.test.context.SpringBootContextLoader, parent = null]
	at org.springframework.test.context.cache.DefaultCacheAwareContextLoaderDelegate.loadContext(DefaultCacheAwareContextLoaderDelegate.java:180)
	at org.springframework.test.context.support.DefaultTestContext.getApplicationContext(DefaultTestContext.java:130)
	at org.springframework.test.context.web.ServletTestExecutionListener.setUpRequestContextIfNecessary(ServletTestExecutionListener.java:191)
	at org.springframework.test.context.web.ServletTestExecutionListener.prepareTestInstance(ServletTestExecutionListener.java:130)
	at org.springframework.test.context.TestContextManager.prepareTestInstance(TestContextManager.java:260)
	at org.springframework.test.context.junit.jupiter.SpringExtension.postProcessTestInstance(SpringExtension.java:160)
	at java.base/java.util.stream.ForEachOps$ForEachOp$OfRef.accept(ForEachOps.java:183)
	at java.base/java.util.stream.ReferencePipeline$3$1.accept(ReferencePipeline.java:197)
	at java.base/java.util.stream.ReferencePipeline$2$1.accept(ReferencePipeline.java:179)
	at java.base/java.util.stream.ReferencePipeline$3$1.accept(ReferencePipeline.java:197)
	at java.base/java.util.ArrayList$ArrayListSpliterator.forEachRemaining(ArrayList.java:1625)
	at java.base/java.util.stream.AbstractPipeline.copyInto(AbstractPipeline.java:509)
	at java.base/java.util.stream.AbstractPipeline.wrapAndCopyInto(AbstractPipeline.java:499)
	at java.base/java.util.stream.ForEachOps$ForEachOp.evaluateSequential(ForEachOps.java:150)
	at java.base/java.util.stream.ForEachOps$ForEachOp$OfRef.evaluateSequential(ForEachOps.java:173)
	at java.base/java.util.stream.AbstractPipeline.evaluate(AbstractPipeline.java:234)
	at java.base/java.util.stream.ReferencePipeline.forEach(ReferencePipeline.java:596)
	at java.base/java.util.Optional.orElseGet(Optional.java:364)
	at java.base/java.util.ArrayList.forEach(ArrayList.java:1511)
	at java.base/java.util.ArrayList.forEach(ArrayList.java:1511)
Caused by: org.springframework.beans.factory.BeanCreationException: Error creating bean with name 'entityManagerFactory' defined in class path resource [org/springframework/boot/autoconfigure/orm/jpa/HibernateJpaConfiguration.class]: Failed to initialize dependency 'flywayInitializer' of LoadTimeWeaverAware bean 'entityManagerFactory': Error creating bean with name 'flywayInitializer' defined in class path resource [org/springframework/boot/autoconfigure/flyway/FlywayAutoConfiguration$FlywayConfiguration.class]: Unable to obtain connection from database: FATAL: autentica??o do tipo senha falhou para o usu?rio "postgres"
-------------------------------------------------------------------------------------------------------------
SQL State  : 28P01
Error Code : 0
Message    : FATAL: autentica??o do tipo senha falhou para o usu?rio "postgres"

	at org.springframework.beans.factory.support.AbstractBeanFactory.doGetBean(AbstractBeanFactory.java:325)
	at org.springframework.beans.factory.support.AbstractBeanFactory.getBean(AbstractBeanFactory.java:204)
	at org.springframework.context.support.AbstractApplicationContext.finishBeanFactoryInitialization(AbstractApplicationContext.java:970)
	at org.springframework.context.support.AbstractApplicationContext.refresh(AbstractApplicationContext.java:627)
	at org.springframework.boot.SpringApplication.refresh(SpringApplication.java:752)
	at org.springframework.boot.SpringApplication.refreshContext(SpringApplication.java:439)
	at org.springframework.boot.SpringApplication.run(SpringApplication.java:318)
	at org.springframework.boot.test.context.SpringBootContextLoader.lambda$loadContext$3(SpringBootContextLoader.java:137)
	at org.springframework.util.function.ThrowingSupplier.get(ThrowingSupplier.java:58)
	at org.springframework.util.function.ThrowingSupplier.get(ThrowingSupplier.java:46)
	at org.springframework.boot.SpringApplication.withHook(SpringApplication.java:1461)
	at org.springframework.boot.test.context.SpringBootContextLoader$ContextLoaderHook.run(SpringBootContextLoader.java:553)
	at org.springframework.boot.test.context.SpringBootContextLoader.loadContext(SpringBootContextLoader.java:137)
	at org.springframework.boot.test.context.SpringBootContextLoader.loadContext(SpringBootContextLoader.java:108)
	at org.springframework.test.context.cache.DefaultCacheAwareContextLoaderDelegate.loadContextInternal(DefaultCacheAwareContextLoaderDelegate.java:225)
	at org.springframework.test.context.cache.DefaultCacheAwareContextLoaderDelegate.loadContext(DefaultCacheAwareContextLoaderDelegate.java:152)
	... 19 more
Caused by: org.springframework.beans.factory.BeanCreationException: Error creating bean with name 'flywayInitializer' defined in class path resource [org/springframework/boot/autoconfigure/flyway/FlywayAutoConfiguration$FlywayConfiguration.class]: Unable to obtain connection from database: FATAL: autentica??o do tipo senha falhou para o usu?rio "postgres"
-------------------------------------------------------------------------------------------------------------
SQL State  : 28P01
Error Code : 0
Message    : FATAL: autentica??o do tipo senha falhou para o usu?rio "postgres"

	at org.springframework.beans.factory.support.AbstractAutowireCapableBeanFactory.initializeBean(AbstractAutowireCapableBeanFactory.java:1802)
	at org.springframework.beans.factory.support.AbstractAutowireCapableBeanFactory.doCreateBean(AbstractAutowireCapableBeanFactory.java:601)
	at org.springframework.beans.factory.support.AbstractAutowireCapableBeanFactory.createBean(AbstractAutowireCapableBeanFactory.java:523)
	at org.springframework.beans.factory.support.AbstractBeanFactory.lambda$doGetBean$0(AbstractBeanFactory.java:336)
	at org.springframework.beans.factory.support.DefaultSingletonBeanRegistry.getSingleton(DefaultSingletonBeanRegistry.java:288)
	at org.springframework.beans.factory.support.AbstractBeanFactory.doGetBean(AbstractBeanFactory.java:334)
	at org.springframework.beans.factory.support.AbstractBeanFactory.getBean(AbstractBeanFactory.java:199)
	at org.springframework.beans.factory.support.AbstractBeanFactory.doGetBean(AbstractBeanFactory.java:312)
	... 34 more
Caused by: org.flywaydb.core.internal.exception.FlywaySqlException: Unable to obtain connection from database: FATAL: autentica??o do tipo senha falhou para o usu?rio "postgres"
-------------------------------------------------------------------------------------------------------------
SQL State  : 28P01
Error Code : 0
Message    : FATAL: autentica??o do tipo senha falhou para o usu?rio "postgres"

	at org.flywaydb.core.internal.jdbc.JdbcUtils.openConnection(JdbcUtils.java:71)
	at org.flywaydb.core.internal.jdbc.JdbcConnectionFactory.<init>(JdbcConnectionFactory.java:76)
	at org.flywaydb.core.FlywayExecutor.execute(FlywayExecutor.java:137)
	at org.flywaydb.core.Flyway.migrate(Flyway.java:176)
	at org.springframework.boot.autoconfigure.flyway.FlywayMigrationInitializer.afterPropertiesSet(FlywayMigrationInitializer.java:66)
	at org.springframework.beans.factory.support.AbstractAutowireCapableBeanFactory.invokeInitMethods(AbstractAutowireCapableBeanFactory.java:1849)
	at org.springframework.beans.factory.support.AbstractAutowireCapableBeanFactory.initializeBean(AbstractAutowireCapableBeanFactory.java:1798)
	... 41 more
Caused by: org.postgresql.util.PSQLException: FATAL: autentica??o do tipo senha falhou para o usu?rio "postgres"
	at org.postgresql.core.v3.ConnectionFactoryImpl.doAuthentication(ConnectionFactoryImpl.java:711)
	at org.postgresql.core.v3.ConnectionFactoryImpl.tryConnect(ConnectionFactoryImpl.java:213)
	at org.postgresql.core.v3.ConnectionFactoryImpl.openConnectionImpl(ConnectionFactoryImpl.java:268)
	at org.postgresql.core.ConnectionFactory.openConnection(ConnectionFactory.java:54)
	at org.postgresql.jdbc.PgConnection.<init>(PgConnection.java:273)
	at org.postgresql.Driver.makeConnection(Driver.java:446)
	at org.postgresql.Driver.connect(Driver.java:298)
	at org.springframework.jdbc.datasource.SimpleDriverDataSource.getConnectionFromDriver(SimpleDriverDataSource.java:144)
	at org.springframework.jdbc.datasource.AbstractDriverBasedDataSource.getConnectionFromDriver(AbstractDriverBasedDataSource.java:205)
	at org.springframework.jdbc.datasource.AbstractDriverBasedDataSource.getConnection(AbstractDriverBasedDataSource.java:169)
	at org.flywaydb.core.internal.jdbc.JdbcUtils.openConnection(JdbcUtils.java:59)
	... 47 more

[INFO] 
[INFO] Results:
[INFO] 
[ERROR] Errors: 
[ERROR]   RpgzumeApplicationTests.contextLoads ╗ IllegalState Failed to load ApplicationContext for [WebMergedContextConfiguration@4a122e68 testClass = com.hefti.rpgzume.RpgzumeApplicationTests, locations = [], classes = [com.hefti.rpgzume.RpgzumeApplication], contextInitializerClasses = [], activeProfiles = [], propertySourceDescriptors = [], propertySourceProperties = ["org.springframework.boot.test.context.SpringBootTestContextBootstrapper=true"], contextCustomizers = [org.springframework.boot.test.context.filter.ExcludeFilterContextCustomizer@4ee203eb, org.springframework.boot.test.json.DuplicateJsonObjectContextCustomizerFactory$DuplicateJsonObjectContextCustomizer@769a1df5, org.springframework.boot.test.mock.mockito.MockitoContextCustomizer@0, org.springframework.boot.test.web.client.TestRestTemplateContextCustomizer@2bdd8394, org.springframework.boot.test.web.reactor.netty.DisableReactorResourceFactoryGlobalResourcesContextCustomizerFactory$DisableReactorResourceFactoryGlobalResourcesContextCustomizerCustomizer@38af9828, org.springframework.boot.test.autoconfigure.OnFailureConditionReportContextCustomizerFactory$OnFailureConditionReportContextCustomizer@17d919b6, org.springframework.boot.test.autoconfigure.actuate.observability.ObservabilityContextCustomizerFactory$DisableObservabilityContextCustomizer@1f, org.springframework.boot.test.autoconfigure.properties.PropertyMappingContextCustomizer@0, org.springframework.boot.test.autoconfigure.web.servlet.WebDriverContextCustomizer@c667f46, org.springframework.test.context.support.DynamicPropertiesContextCustomizer@0, org.springframework.boot.test.context.SpringBootTestAnnotation@fd6e84ec], resourceBasePath = "src/main/webapp", contextLoader = org.springframework.boot.test.context.SpringBootContextLoader, parent = null]
[INFO] 
[ERROR] Tests run: 1, Failures: 0, Errors: 1, Skipped: 0
[INFO] 
[INFO] ------------------------------------------------------------------------
[INFO] BUILD FAILURE
[INFO] ------------------------------------------------------------------------
[INFO] Total time:  10.152 s
[INFO] Finished at: 2026-01-14T15:52:26-03:00
[INFO] ------------------------------------------------------------------------
[ERROR] Failed to execute goal org.apache.maven.plugins:maven-surefire-plugin:3.5.2:test (default-test) on project rpgzume: 
[ERROR] 
[ERROR] See C:\Users\allys\Dev\rpgzume-api\target\surefire-reports for the individual test results.
[ERROR] See dump files (if any exist) [date].dump, [date]-jvmRun[N].dump and [date].dumpstream.
[ERROR] -> [Help 1]
[ERROR] 
[ERROR] To see the full stack trace of the errors, re-run Maven with the -e switch.
[ERROR] Re-run Maven using the -X switch to enable full debug logging.
[ERROR] 
[ERROR] For more information about the errors and possible solutions, please read the following articles:
[ERROR] [Help 1] http://cwiki.apache.org/confluence/display/MAVEN/MojoFailureException
